================================================================================

Welcome!
This program's purpose is just to test and display some
things. From makefiles, autotools, file operations, fork(),
to pthread_t, bash, etc. 

[0;34mOvidiu - Dan Bogat[0;0m
++++++++++++++++++++++++++++++++++++++++++++++++++++++++++++++++++++++++++++++++

Checking for needed directories and files:

 ->/home/ovidiu/.inte ./-\./-\./-\./-\./-\./-\./-\./-\./-\./-\./-\./-\./-\./-\./-\./-\./-\./-\./-\./-\./-\./-\./-\./-\./-\./-\./-\./-\./-\./-\./-\./-\./-\./-\./-\./-\./-\./-\./-\./-\./-\./-\./-\./-\./-\./-\./-\./-\./-\ [ [1;36mINFO[0;0m ]
     [ [1;36mERRNO[0;0m ] No such file or directory
 ->/home/ovidiu/.inte ./-\./-\./-\./-\./-\./-\./-\./-\./-\./-\./-\./-\./-\./-\./-\./-\./-\./-\./-\./-\./-\./-\./-\./-\./-\./-\./-\./-\./-\./-\./-\./-\./-\./-\./-\./-\./-\./-\./-\./-\./-\./-\./-\./-\./-\./-\ [ [0;34mCREATED[0;0m ]

 ->/home/ovidiu/.inte/scripts ./-\./-\./-\./-\./-\./-\./-\./-\./-\./-\./-\./-\./-\./-\./-\./-\./-\./-\./-\./-\./-\./-\./-\./-\./-\./-\./-\./-\./-\./-\./-\./-\./-\./-\./-\./-\./-\./-\./-\./-\./-\ [ [1;36mINFO[0;0m ]
     [ [1;36mERRNO[0;0m ] No such file or directory
 ->/home/ovidiu/.inte/scripts ./-\./-\./-\./-\./-\./-\./-\./-\./-\./-\./-\./-\./-\./-\./-\./-\./-\./-\./-\./-\./-\./-\./-\./-\./-\./-\./-\./-\./-\./-\./-\./-\./-\./-\./-\./-\./-\./-\ [ [0;34mCREATED[0;0m ]

 ->/home/ovidiu/.inte/config ./-\./-\./-\./-\./-\./-\./-\./-\./-\./-\./-\./-\./-\./-\./-\./-\./-\./-\./-\./-\./-\./-\./-\./-\./-\./-\./-\./-\./-\./-\./-\./-\./-\./-\./-\./-\./-\./-\./-\./-\./-\./-\ [ [1;36mINFO[0;0m ]
     [ [1;36mERRNO[0;0m ] No such file or directory
 ->/home/ovidiu/.inte/config ./-\./-\./-\./-\./-\./-\./-\./-\./-\./-\./-\./-\./-\./-\./-\./-\./-\./-\./-\./-\./-\./-\./-\./-\./-\./-\./-\./-\./-\./-\./-\./-\./-\./-\./-\./-\./-\./-\./-\ [ [0;34mCREATED[0;0m ]

Done.
Starting the prompt...

prompt> Getaddrinfo for preset www.unix.org...
Connecting to: 65.74.173.45 ...
Connected!Sending GET /index.html HTTP/1.0
GOT: 
GET index.htm HTTP/1.0


prompt> 
+++++++++++++++++++++++++++++++++++++++++++++++++++++++++++++++++++++++++++++++++++++++++++++++++++++++++++++++++++++++++++++++++++++++++++++++++++++++++++++++++++++++++++++++++++++++++++++++++++++++++++++++++++++++++++++++++++++++++++++++++++++++++++++++++++++++++++++++++++++++++++++++++++++++++++++++++++++++++++++++++++++++++++++++++++++++++++++++++++++++++++++++++++++++++++++++++++++++++++++++++++++++++++++++++++++++++++++++++++++++++++++++++++++++++++++++++++++++++++++++++++++++++++++++++++++++++++++++++++++++++++++++++++++++++++++++++++++++++++++++++++++++++++++++++++++++++++++++++++++++++++++++++++++++++++++++++++++++++++++++++++++++++++++++++++++++++++++++++++++++++++++++++++++++++++++++++++++++++++++++++++++++++++++++++++++++++++++++++++++++++++++++++++++++++++++++++++++++++++++++++++++++++++++++++++++++++++++++++++++++++++++++++++++++++++++++++++++++++++++++++++++++++++++++++++++++++++++++++++++++++++++++++++++++++++++++++++++++++++++++++++++++++++++++++++++++++++++++++++++++++++++++++++++++++++++++++++++++++++++++++++++++++++++++++++++++++++++++++++++++++++++++++++++++++++++++++++++++++++++++++++++++++++++++++++++++++++++++++++++++++++++++++++++++++++++++++++++++++++++++++++++++++++++++++++++++++++++++++++++++++++++++++++++++++++++++++++++++++++++++++++++++++++++++++++++++++++++++++++++++++++++++++++++++++++++++++++++++++++++++++++++++++++++++++++++++++++++++++++++++++++++++++++++++++++++++++++++++++++++++++++++++++++++++++++++++++++++++++++++++++++++++++++++++++++++++++++++++++++++++++++++++++++++++++++++++++++++++++++++++++++++++++++++++++++++++++++++++++++++++++++++++++++++++++++++++++++++++++++++++++++++++++++++++++++++++++++++++++++++++++++++++++++++++++++++++++++++++++++++++++++++++++++++++++++++++++++++++++++++++++++++++++++++++++++++++++++++++++++++++++++++++++++++++++++++++++++++++++++++++++++++++++++++++++++++++++++++++++++++++++++++++++++++++++++++++++++++++++++++++++++++++++++++++++++++++++++++++++++++++++++++++++++++++++++++++++++++++++++++++++++++++++++++++++++++++++++++++++++++++++++++++++++++++++++++++++++++++++++++++++++++++++++++++++++++++++++++++++++++++++++++++++++++++++++++++++++++++++++++++++++++++++++++++++++++++++++++++++++++++++++++++++++++++++++++++++++++++++++++++++++++++++++++++++++++++++++++++++++++++++++++++++++++++++++++++++++++++++++++++++++++++++++++++++++++++++++++++++++++++++++++++++++++++++++++++++++++++++++++++++++++++++++++++++++++++++++++++++++++++++++++++++++++++++++++++++++++++++++++++++++++++++++++++++++++++++++++++++++++++++++++++++++++++++++++++++++++++++++++++++++++++++++++++++++++++++++++++++++++++++++++++++++++++++++++++++++++++++++++++++++++++++++++++++++++++++++++++++++++++++++++++++++++++++++++++++++++++++++++++++++++++++++++++++++++++++++++++++++++++++++++++++++++++++++++++++++++++++++++++++++++++++++++++++++++++++++++++++++++++++++++++++++++++++++++++++++++++++++++++++++++++++++++++++++++++++++++++++++++++++++++++++++++++++++++++++++++++++++++++++++++++++++++++++++++++++++++++++++++++++++++++++++++++++++++++++++++++++++++++++++++++++++++++++++++++++++++++++++++++++++++++++++++++++++++++++++++++++++++++++++++++++++++++++++++++++++++++++++++++++++++++++++++++++++++++++++++++++++++++++++++++++++++++++++++++++++++++++++++++++++++++++++++++++++++++++++++++++++++++++++++++++++++++++++++++++++++++++++++++++++++++++++++++++++++++++++++++++++++++++++++++++++++++++++++++++++++++++++++++++++++++++++++++++++++++++++++++++++++++++++++++++++++++++++++++++++++++++++++++++++++++++++++++++++++++++++++++++++++++++++++++++++++++++++++++++++++++++++++++++++++++++++++++++++++++++++++++++++++++++++++++++++++++++++++++++++++++++++++++++++++++++++++++++++++++++++++++++++++++++++++++++++++++++++++++++++++++++++++++++++++++++++++++++++++++++++++++++++++++++++++++++++++++++++++++++++++++++++++++++++++++++++++++++++++++++++++++++++++++++++++++++++++++++++++++++++++++++++++++++++++++++++++++++++++++++++++++++++++++++++++++++++++++++++++++++++++++++++++++++++++++++++++++++++++++++++++++++++++++++++++++++++++++++++++++++++++++++++++++++++++++++++++++++++++++++++++++++++++++++++++++++++++++++++++++++++++++++++++++++++++++++++++++++++++++++++++++++++++++++++++++++++++++++++++++++++++++++++++++++++++++++++++++++++++++++++++++++++++++++++++++++++++++++++++++++++++++++++++++++++++++++++++++++++++++++++++++++++++++++++++++++++++++++++++++++++++++++++++++++++++++++++++++++++++++++++++++++++++++++++++++++++++++++++++++++++++++++++++++++++++++++++++++++++++++++++++++++++++++++++++++++++++++++++++++++++++++++++++++++++++++++++++++++++++++++++++++++++++++++++++++++++++++++++++++++++++++++++++++++++++++++++++++++++++++++++++++++++++++++++++++++++++++++++++++++++++++++++++++++++++++++++++++++++++++++++++++++++++++++++++++++++++++++++++++++++++++++++++++++++++++++++++++++++++++++++++++++++++++++++++++++++++++++++++++++++++++++++++++++++++++++++++++++++++++++++++++++++++++++++++++++++++++++++++++++++++++++++++++++++++++++++++++++++++++++++++++++++++++++++++++++++++++++++++++++++++++++++++++++++++++++++++++++++++++++++++++++++++++++++++++++++++++++++++++++++++++++++++++++++++++++++++++++++++++++++++++++++++++++++++++++++++++++++++++++++++++++++++++++++++++++++++++++++++++++++++++++++++++++++++++++++++++++++++++++++++++++++++++++++++++++++++++++++++++++++++++++++++++++++++++++++++++++++++++++++++++++++++++++++++++++++++++++++++++++++++++++++++++++++++++++++++++++++++++++++++++++++++++++++++++++++++++++++++++++++++++++++++++++++++++++++++++++++++++++++++++++++++++++++++++++++++++++++++++++++++++++++++++++++++++++++++++++++++++++++++++++++++++++++++++++++++++++++++++++++++++++++++++++++++++++++++++++++++++++++++++++++++++++++++++++++++++++++++++++++++++++++++++++++++++++++++++++++++++++++++++++++++++++++++++++++++++++++++++++++++++++++++++++++++++++++++++++++++++++++++++++++++++++++++++++++++++++++++++++++++++++++++++++++++++++++++++++++++++++++++++++++++++++++++++++++++++++++++++++++++++++++++++++++++++++++++++++++++++++++++++++++++++++++++++++++++++++++++++++++++++++++++++++++++++++++++++++++++++++++++++++++++++++++++++++++++++++++++++++++++++++++++++++++++++++++++++++++++++++++++++++++++++++++++++++++++++++++++++++++++++++++++++++++++++++++++++++++++++++++++++++++++++++++++++++++++++++++++++++++++++++++++++++++++++++++++++++++++++++++++++++++++++++++++++++++++++++++++++++++++++++++++++++++++++++++++++++++++++++++++++++++++++++++++++++++++++++++++++++++++++++++++++++++++++++++++++++++++++++++++++++++++++++++++++++++++++++++++++++++++++++++++++++++++++++++++++++++++++++++++++++++++++++++++++++++++++++++++++++++++++++++++++++++++++++++++++++++++++++++++++++++++++++++++++++++++++++++++++++++++++++++++++++++++++++++++++++++++++++++++++++++++++++++++++++++++++++++++++++++++++++++++++++++++++++++++++++++++++++++++++++++++++++++++++++++++++++++++++++++++++++++++++++++++++++++++++++++++++++++++++++++++++++++++++++++++++++++++++++++++++++++++++++++++++++++++++++++++++++++++++++++++++++++++++++++++++++++++++++++++++++++++++++++++++++++++++++++++++++++++++++++++++++++++++++++++++++++++++++++++++++++++++++++++++++++++++++++++++++++++++++++++++++++++++++++++++++++++++++++++++++++++++++++++++++++++++++++++++++++++++++++++++++++++++++++++++++++++++++++++++++++++++++++++++++++++++++++++++++++++++++++++++++++++++++++++++++++++++++++++++++++++++++++++++++++++++++++++++++++++++++++++++++++++++++++++++++++++++++++++++++++++++++++++++++++++++++++++++++++++++++++++++++++++++++++++++++++++++++++++++++++++++++++++++++++++++++++++++++++++++++++++++++++++++++++++++++++++++++++++++++++++++++++++++++++++++++++++++++++++++++++++++++++++++++++++++++++++++++++++++++++++++++++++++++++++++++++++++++++++++++++++++++++++++++++++++++++++++++++++++++++++++++++++++++++++++++++++++++++++++++++++++++++++++++++++++++++++++++++++++++++++++++++++++++++++++++++++++++++++++++++++++++++++++++++++++++++++++++++++++++++++++++++++++++++++++++++++++++++++++++++++++++++++++++++++++++++++++++++++++++++++++++++++++++++++++++++++++++++++++++++++++++++++++++++++++++++++++++++++++++++++++++++++++++++++++++++++++++++++++++++++++++++++++++++++++++++++++++++++++++++++++++++++++++++++++++++++++++++++++++++++++++++++++++++++++++++++++++++++++++++++++++++++++++++++++++++++++++++++++++++++++++++++++++++++++++++++++++++++++++++++++++++++++++++++++++++++++++++++++++++++++++++++++++++++++++++++++++++++++++++++++++++++++++++++++++++++++++++++++++++++++++++++++++++++++++++++++++++++++++++++++++++++++++++++++++++++++++++++++++++++++++++++++++++++++++++++++++++++++++++++++++++++++++++++++++++++++++++++++++++++++++++++++++++++++++++++++++++++++++++++++++++++++++++++++++++++++++++++++++++++++++++++++++++++++++++++++++++++++++++++++++++++++++++++++++++++++++++++++++++++++++++++++++++++++++++++++++++++++++++++++++++++++++++++++++++++++++++++++++++++++++++++++++++++++++++++++++++++++++++++++++++++++++++++++++++++++++++++++++++++++++++++++++++++++++++++++++++++++++++++++++++++++++++++++++++++++++++++++++++++++++++++++++++++++++++++++++++++++++++++++++++++++++++++++++++++++++++++++++++++++++++++++++++++++++++++++++++++++++++++++++++++++++++++++++++++++++++++++++++++++++++++++++++++++++++++++++++++++++++++++++++++++++++++++++++++++++++++++++++++++++++++++++++++++++++++++++++++++++++++++++++++++++++++++++++++++++++++++++++++++++++++++++++++++++++++++++++++++++++++++++++++++++++++++++++++++++++++++++++++++++++++++++++++++++++++++++++++++++++++++++++++++++++++++++++++++++++++++++++++++++++++++++++++++++++++++++++++++++++++++++++++++++++++++++++++++++++++++++++++++++++++++++++++++++++++++++++++++++++++++++++++++++++++++++++++++++++++++++++++++++++++++++++++++++++++++++++++++++++++++++++++++++++++++++++++++++++++++++++++++++++++++++++++++++++++++++++++++++++++++++++++++++++++++++++++++++++++++++++++++++++++++++++++++++++++++++++++++++++++++++++++++++++++++++++++++++++++++++++++++++++++++++++++++++++++++++++++++++++++++++++++++++++++++++++++++++++++++++++++++++++++++++++++++++++++++++++++++++++++++++++++++++++++++++++++++++++++++++++++++++++++++++++++++++++++++++++++++++++++++++++++++++++++++++++++++++++++++++++++++++++++++++++++++++++++++++++++++++++++++++++++++++++++++++++++++++++++++++++++++++++++++++++++++++++++++++++++++++++++++++++++++++++++++++++++++++++++++++++++++++++++++++++++++++++++++++++++++++++++++++++++++++++++++++++++++++++++++++++++++++++++++++++++++++++++++++++++++++++++++++++++++++++++++++++++++++++++++++++++++++++++++++++++++++++++++++++++++++++++++++++++++++++++++++++++++++++++++++++++++++++++++++++++++++++++++++++++++++++++++++++++++++++++++++++++++++++++++++++++++++++++++++++++++++++++++++++++++++++++++++++++++++++++++++++++++++++++++++++++++++++++++++++++++++++++++++++++++++++++++++++++++++++++++++++++++++++++++++++++++++++++++++++++++++++++++++++++++++++++++++++++++++++++++++++++++++++++++++++++++++++++++++++++++++++++++++++++++++++++++++++++++++++++++++++++++++++++++++++++++++++++++++++++++++++++++++++++++++++++++++++++++++++++++++++++++++++++++++++++++++++++++++++++++++++++++++++++++++++++++++++++++++++++++++++++++++++++++++++++++++++++++++++++++++++++++++++++++++++++++++++++++++++++++++++++++++++++++++++++++++++++++++++++++++++++++++++++++++++++++++++++++++++++++++++++++++++++++++++++++++++++++++++++++++++++++++++++++++++++++++++++++++++++++++++++++++++++++++++++++++++++++++++++++++++++++++++++++++++++++++++++++++++++++++++++++++++++++++++++++++++++++++++++++++++++++++++++++++++++++++++++++++++++++++++++++++++++++++++++++++++++++++++++++++++++++++++++++++++++++++++++++++++++++++++++++++++++++++++++++++++++++++++++++++++++++++++++++++++++++++++++++++++++++++++++++++++++++++++++++++++++++++++++++++++++++++++++++++++++++++++++++++++++++++++++++++++++++++++++++++++++++++++++++++++++++++++++++++++++++++++++++++++++++++++++++++++++++++++++++++++++++++++++++++++++++++++++++++++++++++++++++++++++++++++++++++++++++++++++++++++++++++++++++++++++++++++++++++++++++++++++++++++++++++++++++++++++++++++++++++++++++++++++++++++++++++++++++++++++++++++++++++++++++++++++++++++++++++++++++++++++++++++++++++++++++++++++++++++++++++++++++++++++++++++++++++++++++++++++++++++++++++++++++++++++++++++++++++++++++++++++++++++++++++++++++++++++++++++++++++++++++++++++++++++++++++++++++++++++++++++++++++++++++++++++++++++++++++++++++++++++++++++++++++++++++++++++++++++++++++++++++++++++++++++++++++++++++++++++++++++++++++++++++++++++++++++++++++++++++++++++++++++++++++++++++++++++++++++++++++++++++++++++++++++++++++++++++++++++++++++++++++++++++++++++++++++++++++++++++++++++++++++++++++++++++++++++++++++++++++++++++++++++++++++++++++++++++++++++++++++++++++++++++++++++++++++++++++++++++++++++++++++++++++++++++++++++++++++++++++++++++++++++++++++++++++++++++++++++++++++++++++++++++++++++++++++++++++++++++++++++++++++++++++++++++++++++++++++++++++++++++++++++++++++++++++++++++++++++++++++++++++++++++++++++++++++++++++++++++++++++++++++++++++++++++++++++++++++++++++++++++++++++++++++++++++++++++++++++++++++++++++++++++++++++++++++++++++++++++++++++++++++++++++++++++++++++++++++++++++++++++++++++++++++++++++++++++++++++++++++++++++++++++++++++++++++++++++++++++++++++++++++++++++++++++++++++++++++++++++++++++++++++++++++++++++++++++++++++++++++++++++++++++++++++++++++++++++++++++++++++++++++++++++++++++++++++++++++++++++++++++++++++++++++++++++++++++++++++++++++++++++++++++++++++++++++++++++++++++++++++++++++++++++++++++++++++++++++++++++++++++++++++++++++++++++++++++++++++++++++++++++++++++++++++++++++++++++++++++++++++++++++++++++++++++++++++++++++++++++++++++++++++++++++++++++++++++++++++++++++++++++++++++++++++++++++++++++++++++++++++++++++++++++++++++++++++++++++++++++++++++++++++++++++++++++++++++++++++++++++++++++++++++++++++++++++++++++++++++++++++++++++++++++++++++++++++++++++++++++++++++++++++++++++++++++++++++++++++++++++++++++++++++++++++++++++++++++++++++++++++++++++++++++++++++++++++++++++++++++++++++++++++++++++++++++++++++++++++++++++++++++++++++++++++++++++++++++++++++++++++++++++++++++++++++++++++++++++++++++++++++++++++++++++++++++++++++++++++++++++++++++++++++++++++++++++++++++++++++++++++++++++++++++++++++++++++++++++++++++++++++++++++++++++++++++++++++++++++++++++++++++++++++++++++++++++++++++++++++++++++++++++++++++++++++++++++++++++++++++++++++++++++++++++++++++++++++++++++++++++++++++++++++++++++++++++++++++++++++++++++++++++++++++++++++++++++++++++++++++++++++++++++++++++++++++++++++++++++++++++++++++++++++++++++++++++++++++++++++++++++++++++++++++++++++++++++++++++++++++++++++++++++++++++++++++++++++++++++++++++++++++++++++++++++++++++++++++++++++++++++++++++++++++++++++++++++++++++++++++++++++++++++++++++++++++++++++++++++++++++++++++++++++++++++++++++++++++++++++++++++++++++++++++++++++++++++++++++++++++++++++++++++++++++++++++++++++++++++++++++++++++++++++++++++++++++++++++++++++++++++++++++++++++++++++++++++++++++++++++++++++++++++++++++++++++++++++++++++++++++++++++++++++++++++++++++++++++++++++++++++++++++++++++++++++++++++++++++++++++++++++++++++++++++++++++++++++++++++++++++++++++++++++++++++++++++++++++++++++++++++++++++++++++++++++++++++++++++++++++++++++++++++++++++++++++++++++++++++++++++++++++++++++++++++++++++++++++++++++++++++++++++++++++++++++++++++++++++++++++++++++++++++++++++++++++++++++++++++++++++++++++++++++++++++++++++++++++++++++++++++++++++++++++++++++++++++++++++++++++++++++++++++++++++++++++++++++++++++++++++++++++++++++++++++++++++++++++++++++++++++++++++++++++++++++++++++++++++++++++++++++++++++++++++++++++++++++++++++++++++++++++++++++++++++++++++++++++++++++++++++++++++++++++++++++++++++++++++++++++++++++++++++++++++++++++++++++++++++++++++++++++++++++++++++++++++++++++++++++++++++++++++++++++++++++++++++++++++++++++++++++++++++++++++++++++++++++++++++++++++++++++++++++++++++++++++++++++++++++++++++++++++++++++++++++++++++++++++++++++++++++++++++++++++++++++++++++++++++++++++++++++++++++++++++++++++++++++++++++++++++++++++++++++++++++++++++++++++++++++++++++++++++++++++++++++++++++++++++++++++++++++++++++++++++++++++++++++++++++++++++++++++++++++++++++++++++++++++++++++++++++++++++++++++++++++++++++++++++++++++++++++++++++++++++++++++++++++++++++++++++++++++++++++++++++++++++++++++++++++++++++++++++++++++++++++++++++++++++++++++++++++++++++++++++++++++++++++++++++++++++++++++++++++++++++++++++++++++++++++++++++++++++++++++++++++++++++++++++++++++++++++++++++++++++++++++++++++++++++++++++++++++++++++++++++++++++++++++++++++++++++++++++++++++++++++++++++++++++++++++++++++++++++++++++++++++++++++++++++++++++++++++++++++++++++++++++++++++++++++++++++++++++++++++++++++++++++++++++++++++++++++++++++++++++++++++++++++++++++++++++++++++++++++++++++++++++++++++++++++++++++++++++++++++++++++++++++++++++++++++++++++++++++++++++++++++++++++++++++++++++++++++++++++++++++++++++++++++++++++++++++++++++++++++++++++++++++++++++++++++++++++++++++++++++++++++++++++++++++++++++++++++++++++++++++++++++++++++++++++++++++++++++++++++++++++++++++++++++++++++++++++++++++++++++++++++++++++++++++++++++++++++++++++++++++++++++++++++++++++++++++++++++++++++++++++++++++++++++++++++++++++++++++++++++++++++++++++++++++++++++++++++++++++++++++++++++++++++++++++++++++++++++++++++++++++++++++++++++++++++++++++++++++++++++++++++++++++++++++++++++++++++++++++++++++++++++++++++++++++++++++++++++++++++++++++++++++++++++++++++++++++++++++++++++++++++++++++++++++++++++++++++++++++++++++++++++++++++++++++++++++++++++++++++++++++++++++++++++++++++++++++++++++++++++++++++++++++++++++++++++++++++++++++++++++++++++++++++++++++++++++++++++++++++++++++++++++++++++++++++++++++++++++++++++++++++++++++++++++++++++++++++++++++++++++++++++++++++++++++++++++++++++++++++++++++++++++++++++++++++++++++++++++++++++++++++++++++++++++++++++++++++++++++++++++++++++++++++++++++++++++++++++++++++++++++++++++++++++++++++++++++++++++++++++++++++++++++++++++++++++++++++++++++++++++++++++++++++++++++++++++++++++++++++++++++++++++++++++++++++++++++++++++++++++++++++++++++++++++++++++++++++++++++++++++++++++++++++++++++++++++++++++++++++++++++++++++++++++++++++++++++++++++++++++++++++++++++++++++++++++++++++++++++++++++++++++++++++++++++++++++++++++++++++++++++++++++++++++++++++++++++++++++++++++++++++++++++++++++++++++++++++++++++++++++++++++++++++++++++++++++++++++++++++++++++++++++++++++++++++++++++++++++++++++++++++++++++++++++++++++++++++++++++++++++++++++++++++++++++++++++++++++++++++++++++++++++++++++++++++++++++++++++++++++++++++++++++++++++++++++++++++++++++++++++++++++++++++++++++++++++++++++++++++++++++++++++++++++++++++++++++++++++++++++++++++++++++++++++++++++++++++++++++++++++++++++++++++++++++++++++++++++++++++++++++++++++++++++++++++++++++++++++++++++++++++++++++++++++++++++++++++++++++++++++++++++++++++++++++++++++++++++++++++++++++++++++++++++++++++++++++++++++++++++++++++++++++++++++++++++++++++++++++++++++++++++++++++++++++++++++++++++++++++++++++++++++++++++++++++++++++++++++++++++++++++++++++++++++++++++++++++++++++++++++++++++++++++++++++++++++++++++++++++++++++++++++++++++++++++++++++++++++++++++++++++++++++++++++++++++++++++++++++++++++++++++++++++++++++++++++++++++++++++++++++++++++++++++++++++++++++++++++++++++++++++++++++++++++++++++++++++++++++++++++++++++++++++++++++++++++++++++++++++++++++++++++++++++++++++++++++++++++++++++++++++++++++++++++++++++++++++++++++++++++++++++++++++++++++++++++++++++++++++++++++++++++++++++++++++++++++++++++++++++++++++++++++++++++++++++++++++++++++++++++++++++++++++++++++++++++++++++++++++++++++++++++++++++++++++++++++++++++++++++++++++++++++++++++++++++++++++++++++++++++++++++++++++++++++++++++++++++++++++++++++++++++++++++++++++++++++++++++++++++++++++++++++++++++++++++++++++++++++++++++++++++++++++++++++++++++++++++++++++++++++++++++++++++++++++++++++++++++++++++++++++++++++++++++++++++++++++++++++++++++++++++++++++++++++++++++++++++++++++++++++++++++++++++++++++++++++++++++++++++++++++++++++++++++++++++++++++++++++++++++++++++++++++++++++++++++++++++++++++++++++++++++++++++++++++++++++++++++++++++++++++++++++++++++++++++++++++++++++++++++++++++++++++++++++++++++++++++++++++++++++++++++++++++++++++++++++++++++++++++++++++++++++++++++++++++++++++++++++++++++++++++++++++++++++++++++++++++++++++++++++++++++++++++++++++++++++++++++++++++++++++++++++++++++++++++++++++++++++++++++++++++++++++++++++++++++++++++++++++++++++++++++++++++++++++++++++++++++++++++++++++++++++++++++++++++++++++++++++++++++++++++++++++++++++++++++++++++++++++++++++++++++++++++++++++++++++++++++++++++++++++++++++++++++++++++++++++++++++++++++++++++++++++++++++++++++++++++++++++++++++++++++++++++++++++++++++++++++++++++++++++++++++++++++++++++++++++++++++++++++++++++++++++++++++++++++++++++++++++++++++++++++++++++++++++++++++++++++++++++++++++++++++++++++++++++++++++++++++++++++++++++++++++++++++++++++++++++++++++++++++++++++++++++++++++++++++++++++++++++++++++++++++++++++++++++++++++++++++++++++++++++++++++++++++++++++++++++++++++++++++++++++++++++++++++++++++++++++++++++++++++++++++++++++++++++++++++++++++++++++++++++++++++++++++++++++++++++++++++++++++++++++++++++++++++++++++++++++++++++++++++++++++++++++++++++++++++++++++++++++++++++++++++++++++++++++++++++++++++++++++++++++++++++++++++++++++++++++++++++++++++++++++++++++++++++++++++++++++++++++++++++++++++++++++++++++++++++++++++++++++++++++++++++++++++++++++++++++++++++++++++++++++++++++++++++++++++++++++++++++++++++++++++++++++++++++++++++++++++++++++++++++++++++++++++++++++++++++++++++++++++++++++++++++++++++++++++++++++++++++++++++++++++++++++++++++++++++++++++++++++++++++++++++++++++++++++++++++++++++++++++++++++++++++++++++++++++++++++++++++++++++++++++++++++++++++++++++++++++++++++++++++++++++++++++++++++++++++++++++++++++++++++++++++++++++++++++++++++++++++++++++++++++++++++++++++++++++++++++++++++++++++++++++++++++++++++++++++++++++++++++++++++++++++++++++++++++++++++++++++++++++++++++++++++++++++++++++++++++++++++++++++++++++++++++++++++++++++++++++++++++++++++++++++++++++++++++++++++++++++++++++++++++++++++++++++++++++++++++++++++++++++++++++++++++++++++++++++++++++++++++++++++++++++++++++++++++++++++++++++++++++++++++++++++++++++++++++++++++++++++++++++++++++++++++++++++++++++++++++++++++++++++++++++++++++++++++++++++++++++++++++++++++++++++++++++++++++++++++++++++++++++++++++++++++++++++++++++++++++++++++++++++++++++++++++++++++++++++++++++++++++++++++++++++++++++++++++++++++++++++++++++++++++++++++++++++++++++++++++++++++++++++++++++++++++++++++++++++++++++++++++++++++++++++++++++++++++++++++++++++++++++++++++++++++++++++++++++++++++++++++++++++++++++++++++++++++++++++++++++++++++++++++++++++++++++++++++++++++++++++++++++++++++++++++++++++++++++++++++++++++++++++++++++++++++++++++++++++++++++++++++++++++++++++++++++++++++++++++++++++++++++++++++++++++++++++++++++++++++++++++++++++++++++++++++++++++++++++++++++++++++++++++++++++++++++++++++++++++++++++++++++++++++++++++++++++++++++++++++++++++++++++++++++++++++++++++++++++++++++++++++++++++++++++++++++++++++++++++++++++++++++++++++++++++++++++++++++++++++++++++++++++++++++++++++++++++++++++++++++++++++++++++++++++++++++++++++++++++++++++++++++++++++++++++++++++++++++++++++++++++++++++++++++++++++++++++++++++++++++++++++++++++++++++++++++++++++++++++++++++++++++++++++++++++++++++++++++++++++++++++++++++++++++++++++++++++++++++++++++++++++++++++++++++++++++++++++++++++++++++++++++++++++++++++++++++++++++++++++++++++++++++++++++++++++++++++++++++++++++++++++++++++++++++++++++++++++++++++++++++++++++++++++++++++++++++++++++++++++++++++++++++++++++++++++++++++++++++++++++++++++++++++++++++++++++++++++++++++++++++++++++++++++++++++++++++++++++++++++++++++++++++++++++++++++++++++++++++++++++++++++++++++++++++++++++++++++++++++++++++++++++++++++++++++++++++++++++++++++++++++++++++++++++++++++++++++++++++++++++++++++++++++++++++++++++++++++++++++++++++++++++++++++++++++++++++++++++++++++++++++++++++++++++++++++++++++++++++++++++++++++++++++++++++++++++++++++++++++++++++++++++++++++++++++++++++++++++++++++++++++++++++++++++++++++++++++++++++++++++++++++++++++++++++++++++++++++++++++++++++++++++++++++++++++++++++++++++++++++++++++++++++++++++++++++++++++++++++++++++++++++++++++++++++++++++++++++++++++++++++++++++++++++++++++++++++++++++++++++++++++++++++++++++++++++++++++++++++++++++++++++++++++++++++++++++++++++++++++++++++++++++++++++++++++++++++++++++++++++++++++++++++++++++++++++++++++++++++++++++++++++++++++++++++++++++++++++++++++++++++++++++++++++++++++++++++++++++++++++++++++++++++++++++++++++++++++++++++++++++++++++++++++++++++++++++++++++++++++++++++++++++++++++++++++++++++++++++++++++++++++++++++++++++++++++++++++++++++++++++++++++++++++++++++++++++++++++++++++++++++++++++++++++++++++++++++++++++++++++++++++++++++++++++++++++++++++++++++++++++++++++++++++++++++++++++++++++++++++++++++++++++++++++++++++++++++++++++++++++++++++++++++++++++++++++++++++++++++++++++++++++++++++++++++++++++++++++++++++++++++++++++++++++++++++++++++++++++++++++++++++++++++++++++++++++++++++++++++++++++++++++++++++++++++++++++++++++++++++++++++++++++++++++++++++++++++++++++++++++++++++++++++++++++++++++++++++++++++++++++++++++++++++++++++++++++++++++++++++++++++++++++++++++++++++++++++++++++++++++++++++++++++++++++++++++++++++++++++++++++++++++++++++++++++++++++++++++++++++++++++++++++++++++++++++++++++++++++++++++++++++++++++++++++++++++++++++++++++++++++++++++++++++++++++++++++++++++++++++++++++++++++++++++++++++++++++++++++++++++++++++++++++++++++++++++++++++++++++++++++++++++++++++++++++++++++++++++++++++++++++++++++++++++++++++++++++++++++++++++++++++++++++++++++++++++++++++++++++++++++++++++++++++++++++++++++++++++++++++++++++++++++++++++++++++++++++++++++++++++++++++++++++++++++++++++++++++++++++++++++++++++++++++++++++++++++++++++++++++++++++++++++++++++++++++++++++++++++++++++++++++++++++++++++++++++++++++++++++++++++++++++++++++++++++++++++++++++++++++++++++++++++++++++++++++++++++++++++++++++++++++++++++++++++++++++++++++++++++++++++++++++++++++++++++++++++++++++++++++++++++++++++++++++++++++++++++++++++++++++++++++++++++++++++++++++++++++++++++++++++++++++++++++++++++++++++++++++++++++++++++++++++++++++++++++++++++++++++++++++++++++++++++++++++++++++++++++++++++++++++++++++++++++++++++++++++++++++++++++++++++++++++++++++++++++++++++++++++++++++++++++++++++++++++++++++++++++++++++++++++++++++++++++++++++++++++++++++++++++++++++++++++++++++++++++++++++++++++++++++++++++++++++++++++++++++++++++++++++++++++++++++++++++++++++++++++++++++++++++++++++++++++++++++++++++++++++++++++++++++++++++++++++++++++++++++++++++++++++++++++++++++++++++++++++++++++++++++++++++++++++++++++++++++++++++++++++++++++++++++++++++++++++++++++++++++++++++++++++++++++++++++++++++++++++++++++++++++++++++++++++++++++++++++++++++++++++++++++++++++++++++++++++++++++++++++++++++++++++++++++++++++++++++++++++++++++++++++++++++++++++++++++++++++++++++++++++++++++++++++++++++++++++++++++++++++++++++++++++++++++++++++++++++++++++++++++++++++++++++++++++++++++++++++++++++++++++++++++++++++++++++++++++++++++++++++++++++++++++++++++++++++++++++++++++++++++++++++++++++++++++++++++++++++++++++++++++++++++++++++++++++++++++++++++++++++++++++++++++++++++++++++++++++++++++++++++++++++++++++++++++++++++++++++++++++++++++++++++++++++++++++++++++++++++++++++++++++++++++++++++++++++++++++++++++++++++++++++++++++++++++++++++++++++++++++++++++++++++++++++++++++++++++++++++++++++++++++++++++++++++++++++++++++++++++++++++++++++++++++++++++++++++++++++++++++++++++++++++++++++++++++++++++++++++++++++++++++++++++++++++++++++++++++++++++++++++++++++++++++++++++++++++++++++++++++++++++++++++++++++++++++++++++++++++++++++++++++++++++++++++++++++++++++++++++++++++++++++++++++++++++++++++++++++++++++++++++++++++++++++++++++++++++++++++++++++++++++++++++++++++++++++++++++++++++++++++++++++++++++++++++++++++++++++++++++++++++++++++++++++++++++++++++++++++++++++++++++++++++++++++++++++++++++++++++++++++++++++++++++++++++++++++++++++++++++++++++++++++++++++++++++++++++++++++++++++++++++++++++++++++++++++++++++++++++++++++++++++++++++++++++++++++++++++++++++++++++++++++++++++++++++++++++++++++++++++++++++++++++++++++++++++++++++++++++++++++++++++++++++++++++++++++++++++++++++++++++++++++++++++++++++++++++++++++++++++++++++++++++++++++++++++++++++++++++++++++++++++++++++++++++++++++++++++++++++++++++++++++++++++++++++++++++++++++++++++++++++++++++++++++++++++++++++++++++++++++++++++++++++++++++++++++++++++++++++++++++++++++++++++++++++++++++++++++++++++++++++++++++++++++++++++++++++++++++++++++++++++++++++++++++++++++++++++++++++++++++++++++++++++++++++++++++++++++++++++++++++++++++++++++++++++++++++++++++++++++++++++++++++++++++++++++++++++++++++++++++++++++++++++++++++++++++++++++++++++++++++++++++++++++++++++++++++++++++++++++++++++++++++++++++++++++++++++++++++++++++++++++++++++++++++++++++++++++++++++++++++++++++++++++++++++++++++++++++++++++++++++++++++++++++++++++++++++++++++++++++++++++++++++++++++++++++++++++++++++++++++++++++++++++++++++++++++++++++++++++++++++++++++++++++++++++++++++++++++++++++++++++++++++++++++++++++++++++++++++++++++++++++++++++++++++++++++++++++++++++++++++++++++++++++++++++++++++++++++++++++++++++++++++++++++++++++++++++++++++++++++++++++++++++++++++++++++++++++++++++++++++++++++++++++++++++++++++++++++++++++++++++++++++++++++++++++++++++++++++++++++++++++++++++++++++++++++++++++++++++++++++++++++++++++++++++++++++++++++++++++++++++++++++++++++++++++++++++++++++++++++++++++++++++++++++++++++++++++++++++++++++++++++++++++++++++++++++++++++++++++++++++++++++++++++++++++++++++++++++++++++++++++++++++++++++++++++++++++++++++++++++++++++++++++++++++++++++++++++++++++++++++++++++++++++++++++++++++++++++++++++++++++++++++++++++++++++++++++++++++++++++++++++++++++++++++++++++++++++++++++++++++++++++++++++++++++++++++++++++++++++++++++++++++++++++++++++++++++++++++++++++++++++++++++++++++++++++++++++++++++++++++++++++++++++++++++++++++++++++++++++++++++++++++++++++++++++++++++++++++++++++++++++++++++++++++++++++++++++++++++++++++++++++++++++++++++++++++++++++++++++++++++++++++++++++++++++++++++++++++++++++++++++++++++++++++++++++++++++++++++++++++++++++++++++++++++++++++++++++++++++++++++++++++++++++++++++++++++++++++++++++++++++++++++++++++++++++++++++++++++++++++++++++++++++++++++++++++++++++++++++++++++++++++++++++++++++++++++++++++++++++++++++++++++++++++++++++++++++++++++++++++++++++++++++++++++++++++++++++++++++++++++++++++++++++++++++++++++++++++++++++++++++++++++++++++++++++++++++++++++++++++++++++++++++++++++++++++++++++++++++++++++++++++++++++++++++++++++++++++++++++++++++++++++++++++++++++++++++++++++++++++++++++++++++++++++++++++++++++++++++++++++++++++++++++++++++++++++++++++++++++++++++++++++++++++++++++++++++++++++++++++++++++++++++++++++++++++++++++++++++++++++++++++++++++++++++++++++++++++++++++++++++++++++++++++++++++++++++++++++++++++++++++++++++++++++++++++++++++++++++++++++++++++++++++++++++++++++++++++++++++++++++++++++++++++++++++++++++++++++++++++++++++++++++++++++++++++++++++++++++++++++++++++++++++++++++++++++++++++++++++++++++++++++++++++++++++++++++++++++++++++++++++++++++++++++++++++++++++++++++++++++++++++++++++++++++++++++++++++++++++++++++++++++++++++++++++++++++++++++++++++++++++++++++++++++++++++++++++++++++++++++++++++++++++++++++++++++++++++++++++++++++++++++++++++++++++++++++++++++++++++++++++++++++++++++++++++++++++++++++++++++++++++++++++++++++++++++++++++++++++++++++++++++++++++++++++++++++++++++++++++++++++++++++++++++++++++++++++++++++++++++++++++++++++++++++++++++++++++++++++++++++++++++++++++++++++++++++++++++++++++++++++++++++++++++++++++++++++++++++++++++++++++++++++++++++++++++++++++++++++++++++++++++++++++++++++++++++++++++++++++++++++++++++++++++++++++++++++++++++++++++++++++++++++++++++++++++++++++++++++++++++++++++++++++++++++++++++++++++++++++++++++++++++++++++++++++++++++++++++++++++++++++++++++++++++++++++++++++++++++++++++++++++++++++++++++++++++++++++++++++++++++++++++++++++++++++++++++++++++++++++++++++++++++++++++++++++++++++++++++++++++++++++++++++++++++++++++++++++++++++++++++++++++++++++++++++++++++++++++++++++++++++++++++++++++++++++++++++++++++++++++++++++++++++++++++++++++++++++++++++++++++++++++++++++++++++++++++++++++++++++++++++++++++++++++++++++++++++++++++++++++++++++++++++++++++++++++++++++++++++++++++++++++++++++++++++++++++++++++++++++++++++++++++++++++++++++++++++++++++++++++++++++++++++++++++++++++++++++++++++++++++++++++++++++++++++++++++++++++++++++++++++++++++++++++++++++++++++++++++++++++++++++++++++++++++++++++++++++++++++++++++++++++++++++++++++++++++++++++++++++++++++++++++++++++++++++++++++++++++++++++++++++++++++++++++++++++++++++++++++++++++++++++++++++++++++++++++++++++++++++++++++++++++++++++++++++++++++++++++++++++++++++++++++++++++++++++++++++++++++++++++++++++++++++++++++++++++++++++++++++++++++++++++++++++++++++++++++++++++++++++++++++++++++++++++++++++++++++++++++++++++++++++++++++++++++++++++++++++++++++++++++++++++++++++++++++++++++++++++++++++++++++++++++++++++++++++++++++++++++++++++++++++++++++++++++++++++++++++++++++++++++++++++++++++++++++++++++++++++++++++++++++++++++++++++++++++++++++++++++++++++++++++++++++++++++++++++++++++++++++++++++++++++++++++++++++++++++++++++++++++++++++++++++++++++++++++++++++++++++++++++++++++++++++++++++++++++++++++++++++++++++++++++++++++++++++++++++++++++++++++++++++++++++++++++++++++++++++++++++++++++++++++++++++++++++++++++++++++++++++++++++++++++++++++++++++++++++++++++++++++++++++++++++++++++++++++++++++++++++++++++++++++++++++++++++++++++++++++++++++++++++++++++++++++++++++++++++++++++++++++++++++++++++++++++++++++++++++++++++++++++++++++++++++++++++++++++++++++++++++++++++++++++++++++++++++++++++++++++++++++++++++++++++++++++++++++++++++++++++++++++++++++++++++++++++++++++++++++++++++++++++++++++++++++++++++++++++++++++++++++++++++++++++++++++++++++++++++++++++++++++++++++++++++++++++++++++++++++++++++++++++++++++++++++++++++++++++++++++++++++++++++++++++++++++++++++++++++++++++++++++++++++++++++++++++++++++++++++++++++++++++++++++++++++++++++++++++++++++++++++++++++++++++++++++++++++++++++++++++++++++++++++++++++++++++++++++++++++++++++++++++++++++++++++++++++++++++++++++++++++++++++++++++++++++++++++++++++++++++++++++++++++++++++++++++++++++++++++++++++++++++++++++++++++++++++++++++++++++++++++++++++++++++++++++++++++++++++++++++++++++++++++++++++++++++++++++++++++++++++++++++++++++++++++++++++++++++++++++++++++++++++++++++++++++++++++++++++++++++++++++++++++++++++++++++++++++++++++++++++++++++++++++++++++++++++++++++++++++++++++++++++++++++++++++++++++++++++++++++++++++++++++++++++++++++++++++++++++++++++++++++++++++++++++++++++++++++++++++++++++++++++++++++++++++++++++++++++++++++++++++++++++++++++++++++++++++++++++++++++++++++++++++++++++++++++++++++++++++++++++++++++++++++++++++++++++++++++++++++++++++++++++++++++++++++++++++++++++++++++++++++++++++++++++++++++++++++++++++++++++++++++++++++++++++++++++++++++++++++++++++++++++++++++++++++++++++++++++++++++++++++++++++++++++++++++++++++++++++++++++++++++++++++++++++++++++++++++++++++++++++++++++++++++++++++++++++++++++++++++++++++++++++++++++++++++++++++++++++++++++++++++++++++++++++++++++++++++++++++++++++++++++++++++++++++++++++++++++++++++++++++++++++++++++++++++++++++++++++++++++++++++++++++++++++++++++++++++++++++++++++++++++++++++++++++++++++++++++++++++++++++++++++++++++++++++++++++++++++++++++++++++++++++++++++++++++++++++++++++++++++++++++++++++++++++++++++++++++++++++++++++++++++++++++++++++++++++++++++++++++++++++++++++++++++++++++++++++++++++++++++++++++++++++++++++++++++++++++++++++++++++++++++++++++++++++++++++++++++++++++++++++++++++++++++++++++++++++++++++++++++++++++++++++++++++++++++++++++++++++++++++++++++++++++++++++++++++++++++++++++++++++++++++++++++++++++++++++++++++++++++++++++++++++++++++++++++++++++++++++++++++++++++++++++++++++++++++++++++++++++++++++++++++++++++++++++++++++++++++++++++++++++++++++++++++++++++++++++++++++++++++++++++++++++++++++++++++++++++++++++++++++++++++++++++++++++++++++++++++++++++++++++++++++++++++++++++++++++++++++++++++++++++++++++++++++++++++++++++++++++++++++++++++++++++++++++++++++++++++++++++++++++++++++++++++++++++++++++++++++++++++++++++++++++++++++++++++++++++++++++++++++++++++++++++++++++++++++++++++++++++++++++++++++++++++++++++++++++++++++++++++++++++++++++++++++++++++++++++++++++++++++++++++++++++++++++++++++++++++++++++++++++++++++++++++++++++++++++++++++++++++++++++++++++++++++++++++++++++++++++++++++++++++++++++++++++++++++++++++++++++++++++++++++++++++++++++++++++++++++++++++++++++++++++++++++++++++++++++++++++++++++++++++++++++++++++++++++++++++++++++++++++++++++++++++++++++++++++++++++++++++++++++++++++++++++++++++++++++++++++++++++++++++++++++++++++++++++++++++++++++++++++++++++++++++++++++++++++++++++++++++++++++++++++++++++++++++++++++++++++++++++++++++++++++++++++++++++++++++++++++++++++++++++++++++++++++++++++++++++++++++++++++++++++++++++++++++++++++++++++++++++++++++++++++++++++++++++++++++++++++++++++++++++++++++++++++++++++++++++++++++++++++++++++++++++++++++++++++++++++++++++++++++++++++++++++++++++++++++++++++++++++++++++++++++++++++++++++++++++++++++++++++++++++++++++++++++++++++++++++++++++++++++++++++++++++++++++++++++++++++++++++++++++++++++++++++++++++++++++++++++++++++++++++++++++++++++++++++++++++++++++++++++++++++++++++++++++++++++++++++++++++++++++++++++++++++++++++++++++++++++++++++++++++++++++++++++++++++++++++++++++++++++++++++++++++++++++++++++++++++++++++++++++++++++++++++++++++++++++++++++++++++++++++++++++++++++++++++++++++++++++++++++++++++++++++++++++++++++++++++++++++++++++++++++++++++++++++++++++++++++++++++++++++++++++++++++++++++++++++++++++++++++++++++++++++++++++++++++++++++++++++++++++++++++++++++++++++++++++++++++++++++++++++++++++++++++++++++++++++++++++++++++++++++++++++++++++++++++++++++++++++++++++++++++++++++++++++++++++++++++++++++++++++++++++++++++++++++++++++++++++++++++++++++++++++++++++++++++++++++++++++++++++++++++++++++++++++++++++++++++++++++++++++++++++++++++++++++++++++++++++++++++++++++++++++++++++++++++++++++++++++++++++++++++++++++++++++++++++++++++++++++++++++++++++++++++++++++++++++++++++++++++++++++++++++++++++++++++++++++++++++++++++++++++++++++++++++++++++++++++++++++++++++++++++++++++++++++++++++++++++++++++++++++++++++++++++++++++++++++++++++++++++++++++++++++++++++++++++++++++++++++++++++++++++++++++++++++++++++++++++++++++++++++++++++++++++++++++++++++++++++++++++++++++++++++++++++++++++++++++++++++++++++++++++++++++++++++++++++++++++++++++++++++++++++++++++++++++++++++++++++++++++++++++++++++++++++++++++++++++++++++++++++++++++++++++++++++++++++++++++++++++++++++++++++++++++++++++++++++++++++++++++++++++++++++++++++++++++++++++++++++++++++++++++++++++++++++++++++++++++++++++++++++++++++++++++++++++++++++++++++++++++++++++++++++++++++++++++++++++++++++++++++++++++++++++++++++++++++++++++++++++++++++++++++++++++++++++++++++++++++++++++++++++++++++++++++++++++++++++++++++++++++++++++++++++++++++++++++++++++++++++++++++++++++++++++++++++++++++++++++++++++++++++++++++++++++++++++++++++++++++++++++++++++++++++++++++++++++++++++++++++++++++++++++++++++++++++++++++++++++++++++++++++++++++++++++++++++++++++++++++++++++++++++++++++++++++++++++++++++++++++++++++++++++++++++++++++++++++++++++++++++++++++++++++++++++++++++++++++++++++++++++++++++++++++++++++++++++++++++++++++++++++++++++++++++++++++++++++++++++++++++++++++++++++++++++++++++++++++++++++++++++++++++++++++++++++++++++++++++++++++++++++++++++++++++++++++++++++++++++++++++++++++++++++++++++++++++++++++++++++++++++++++++++++++++++++++++++++++++++++++++++++++++++++++++++++++++++++++++++++++++++++++++++++++++++++++++++++++++++++++++++++++++++++++++++++++++++++++++++++++++++++++++++++++++++++++++++++++++++++++++++++++++++++++++++++++++++++++++++++++++++++++++++++++++++++++++++++++++++++++++++++++++++++++++++++++++++++++++++++++++++++++++++++++++++++++++++++++++++++++++++++++++++++++++++++++++++++++++++++++++++++++++++++++++++++++++++++++++++++++++++++++++++++++++++++++++++++++++++++++++++++++++++++++++++++++++++++++++++++++++++++++++++++++++++++++++++++++++++++++++++++++++++++++++++++++++++++++++++++++++++++++++++++++++++++++++++++++++++++++++++++++++++++++++++++++++++++++++++++++++++++++++++++++++++++++++++++++++++++++++++++++++++++++++++++++++++++++++++++++++++++++++++++++++++++++++++++++++++++++++++++++++++++++++++++++++++++++++++++++++++++++++++++++++++++++++++++++++++++++++++++++++++++++++++++++++++++++++++++++++++++++++++++++++++++++++++++++++++++++++++++++++++++++++++++++++++++++++++++++++++++++++++++++++++++++++++++++++++++++++++++++++++++++++++++++++++++++++++++++++++++++++++++++++++++++++++++++++++++++++++++++++++++++++++++++++++++++++++++++++++++++++++++++++++++++++++++++++++++++++++++++++++++++++++++++++++++++++++++++++++++++++++++++++++++++++++++++++++++++++++++++++++++++++++++++++++++++++++++++++++++++++++++++++++++++++++++++++++++++++++++++++++++++++++++++++++++++++++++++++++++++++++++++++++++++++++++++++++++++++++++++++++++++++++++++++++++++++++++++++++++++++++++++++++++++++++++++++++++++++++++++++++++++++++++++++++++++++++++++++++++++++++++++++++++++++++++++++++++++++++++++++++++++++++++++++++++++++++++++++++++++++++++++++++++++++++++++++++++++++++++++++++++++++++++++++++++++++++++++++++++++++++++++++++++++++++++++++++++++++++++++++++++++++++++++++++++++++++++++++++++++++++++++++++++++++++++++++++++++++++++++++++++++++++++++++++++++++++++++++++++++++++++++++++++++++++++++++++++++++++++++++++++++++++++++++++++++++++++++++++++++++++++++++++++++++++++++++++++++++++++++++++++++++++++++++++++++++++++++++++++++++++++++++++++++++++++++++++++++++++++++++++++++++++++++++++++++++++++++++++++++++++++++++++++++++++++++++++++++++++++++++++++++++++++++++++++++++++++++++++++++++++++++++++++++++++++++++++++++++++++++++++++++++++++++++++++++++++++++++++++++++++++++++++++++++++++++++++++++++++++++++++++++++++++++++++++++++++++++++++++++++++++++++++++++++++++++++++++++++++++++++++++++++++++++++++++++++++++++++++++++++++++++++++++++++++++++++++++++++++++++++++++++++++++++++++++++++++++++++++++++++++++++++++++++++++++++++++++++++++++++++++++++++++++++++++++++++++++++++++++++++++++++++++++++++++++++++++++++++++++++++++++++++++++++++++++++++++++++++++++++++++++++++++++++++++++++++++++++++++++++++++++++++++++++++++++++++++++++++++++++++++++++++++++++++++++++++++++++++++++++++++++++++++++++++++++++++++++++++++++++++++++++++++++++++++++++++++++++++++++++++++++++++++++++++++++++++++++++++++++++++++++++++++++++++++++++++++++++++++++++++++++++++++++++++++++++++++++++++++++++++++++++++++++++++++++++++++++++++++++++++++++++++++++++++++++++++++++++++++++++++++++++++++++++++++++++++++++++++++++++++++++++++++++++++++++++++++++++++++++++++++++++++++++++++++++++++++++++++++++++++++++++++++++++++++++++++++++++++++++++++++++++++++++++++++++++++++++++++++++++++++++++++++++++++++++++++++++++++++++++++++++++++++++++++++++++++++++++++++++++++++++++++++++++++++++++++++++++++++++++++++++++++++++++++++++++++++++++++++++++++++++++++++++++++++++++++++++++++++++++++++++++++++++++++++++++++++++++++++++++++++++++++++++++++++++++++++++++++++++++++++++++++++++++++++++++++++++++++++++++++++++++++++++++++++++++++++++++++++++++++++++++++++++++++++++++++++++++++++++++++++++++++++++++++++++++++++++++++++++++++++++++++++++++++++++++++++++++++++++++++++++++++++++++++++++++++++++++++++++++++++++++++++++++++++++++++++++++++++++++++++++++++++++++++++++++++++++++++++++++++++++++++++++++++++++++++++++++++++++++++++++++++++++++++++++++++++++++++++++++++++++++++++++++++++++++++++++++++++++++++++++++++++++++++++++++++++++++++++++++++++++++++++++++++++++++++++++++++++++++++++++++++++++++++++++++++++++++++++++++++++++++++++++++++++++++++++++++++++++++++++++++++++++++++++++++++++++++++++++++++++++++++++++++++++++++++++++++++++++++++++++++++++++++++++++++++++++++++++++++++++++++++++++++++++++++++++++++++++++++++++++++++++++++++++++++++++++++++++++++++++++++++++++++++++++++++++++++++++++++++++++++++++++++++++++++++++++++++++++++++++++++++++++++++++++++++++++++++++++++++++++++++++++++++++++++++++++++++++++++++++++++++++++++++++++++++++++++++++++++++++++++++++++++++++++++++++++++++++++++++++++++++++++++++++++++++++++++++++++++++++++++++++++++++++++++++++++++++++++++++++++++++++++++++++++++++++++++++++++++++++++++++++++++++++++++++++++++++++++++++++++++++++++++++++++++++++++++++++++++++++++++++++++++++++++++++++++++++++++++++++++++++++++++++++++++++++++++++++++++++++++++++++++++++++++++++++++++++++++++++++++++++++++++++++++++++++++++++++++++++++++++++++++++++++++++++++++++++++++++++++++++++++++++++++++++++++++++++++++++++++++++++++++++++++++++++++++++++++++++++++++++++++++++++++++++++++++++++++++++++++++++++++++++++++++++++++++++++++++++++++++++++++++++++++++++++++++++++++++++++++++++++++++++++++++++++++++++++++++++++++++++++++++++++++++++++++++++++++++++++++++++++++++++++++++++++++++++++++++++++++++++++++++++++++++++++++++++++++++++++++++++++++++++++++++++++++++++++++++++++++++++++++++++++++++++++++++++++++++++++++++++++++++++++++++++++++++++++++++++++++++++++++++++++++++++++++++++++++++++++++++++++++++++++++++++++++++++++++++++++++++++++++++++++++++++++++++++++++++++++++++++++++++++++++++++++++++++++++++++++++++++++++++++++++++++++++++++++++++++++++++++++++++++++++++++++++++++++++++++++++++++++++++++++++++++++++++++++++++++++++++++++++++++++++++++++++++++++++++++++++++++++++++++++++++++++++++++++++++++++++++++++++++++++++++++++++++++++++++++++++++++++++++++++++++++++++++++++++++++++++++++++++++++++++++++++++++++++++++++++++++++++++++++++++++++++++++++++++++++++++++++++++++++++++++++++++++++++++++++++++++++++++++++++++++++++++++++++++++++++++++++++++++++++++++++++++++++++++++++++++++++++++++++++++++++++++++++++++++++++++++++++++++++++++++++++++++++++++++++++++++++++++++++++++++++++++++++++++++++++++++++++++++++++++++++++++++++++++++++++++++++++++++++++++++++++++++++++++++++++++++++++++++++++++++++++++++++++++++++++++++++++++++++++++++++++++++++++++++++++++++++++++++++++++++++++++++++++++++++++++++++++++++++++++++++++++++++++++++++++++++++++++++++++++++++++++++++++++++++++++++++++++++++++++++++++++++++++++++++++++++++++++++++++++++++++++++++++++++++++++++++++++++++++++++++++++++++++++++++++++++++++++++++++++++++++++++++++++++++++++++++++++++++++++++++++++++++++++++++++++++++++++++++++++++++++++++++++++++++++++++++++++++++++++++++++++++++++++++++++++++++++++++++++++++++++++++++++++++++++++++++++++++++++++++++++++++++++++++++++++++++++++++++++++++++++++++++++++++++++++++++++++++++++++++++++++++++++++++++++++++++++++++++++++++++++++++++++++++++++++++++++++++++++++++++++++++++++++++++++++++++++++++++++++++++++++++++++++++++++++++++++++++++++++++++++++++++++++++++++++++++++++++++++++++++++++++++++++++++++++++++++++++++++++++++++++++++++++++++++++++++++++++++++++++++++++++++++++++++++++++++++++++++++++++++++++++++++++++++++++++++++++++++++++++++++++++++++++++++++++++++++++++++++++++++++++++++++++++++++++++++++++++++++++++++++++++++++++++++++++++++++++++++++++++++++++++++++++++++++++++++++++++++++++++++++++++++++++++++++++++++++++++++++++++++++++++++++++++++++++++++++++++++++++++++++++++++++++++++++++++++++++++++++++++++++++++++++++++++++++++++++++++++++++++++++++++++++++++++++++++++++++++++++++++++++++++++++++++++++++++++++++++++++++++++++++++++++++++++++++++++++++++++++++++++++++++++++++++++++++++++++++++++++++++++++++++++++++++++++++++++++++++++++++++++++++++++++++++++++++++++++++++++++++++++++++++++++++++++++++++++++++++++++++++++++++++++++++++++++++++++++++++++++++++++++++++++++++++++++++++++++++++++++++++++++++++++++++++++++++++++++++++++++++++++++++++++++++++++++++++++++++++++++++++++++++++++++++++++++++++++++++++++++++++++++++++++++++++++++++++++++++++++++++++++++++++++++++++++++++++++++++++++++++++++++++++++++++++++++++++++++++++++++++++++++++++++++++++++++++++++++++++++++++++++++++++++++++++++++++++++++++++++++++++++++++++++++++++++++++++++++++++++++++++++++++++++++++++++++++++++++++++++++++++++++++++++++++++++++++++++++++++++++++++++++++++++++++++++++++++++++++++++++++++++++++++++++++++++++++++++++++++++++++++++++++++++++++++++++++++++++++++++++++++++++++++++++++++++++++++++++++++++++++++++++++++++++++++++++++++++++++++++++++++++++++++++++++++++++++++++++++++++++++++++++++++++++++++++++++++++++++++++++++++++++++++++++++++++++++++++++++++++++++++++++++++++++++++++++++++++++++++++++++++++++++++++++++++++++++++++++++++++++++++++++++++++++++++++++++++++++++++++++++++++++++++++++++++++++++++++++++++++++++++++++++++++++++++++++++++++++++++++++++++++++++++++++++++++++++++++++++++++++++++++++++++++++++++++++++++++++++++++++++++++++++++++++++++++++++++++++++++++++++++++++++++++++++++++++++++++++++++++++++++++++++++++++++++++++++++++++++++++++++++++++++++++++++++++++++++++++++++++++++++++++++++++++++++++++++++++++++++++++++++++++++++++++++++++++++++++++++++++++++++++++++++++++++++++++++++++++++++++++++++++++++++++++++++++++++++++++++++++++++++++++++++++++++++++++++++++++++++++++++++++++++++++++++++++++++++++++++++++++++++++++++++++++++++++++++++++++++++++++++++++++++++++++++++++++++++++++++++++++++++++++++++++++++++++++++++++++++++++++++++++++++++++++++++++++++++++++++++++++++++++++++++++++++++++++++++++++++++++++++++++++++++++++++++++++++++++++++++++++++++++++++++++++++++++++++++++++++++++++++++++++++++++++++++++++++++
Good Bye!
=============================================================================================================================================================================================================================================================================================================================================================================================================================================================================================================================================================================================================================================================================================================================================================================================================================================================================================================================================================================================================================================================================================================================================================================================================================================================================================================================================================================================================================================================================================================================================================================================================================================================================================================================================================================================================================================================================================================================================================================================================================================================================================================================================================================================================================================================================================================================================================================================================================================================================================================================================================================================================================================================================================================================================================================================================================================================================================================================================================================================================================================================================================================================================================================================================================================================================================================================================================================================================================================================================================================================================================================================================================================================================================================================================================================================================================================================================================================================================================================================================================================================================================================================================================================================================================================================================================================================================================================================================================================================================================================================================================================================================================================================================================================================================================================================================================================================================================================================================================================================================================================================================================================================================================================================================================================================================================================================================================================================================================================================================================================================================================================================================================================================================================================================================================================================================================================================================================================================================================================================================================================================================================================================================================================================================================================================================================================================================================================================================================================================================================================================================================================================================================================================================================================================================================================================================================================================================================================================================================================================================================================================================================================================================================================================================================================================================================================================================================================================================================================================================================================================================================================================================================================================================================================================================================================================================================================================================================================================================================================================================================================================================================================================================================================================================================================================================================================================================================================================================================================================================================================================================================================================================================================================================================================================================================================================================================================================================================================================================================================================================================================================================================================================================================================================================================================================================================================================================================================================================================================================================================================================================================================================================================================================================================================================================================================================================================================================================================================================================================================================================================================================================================================================================================================================================================================================================================================================================================================================================================================================================================================================================================================================================================================================================================================================================================================================================================================================================================================================================================================================================================================================================================================================================================================================================================================================================================================================================================================================================================================================================================================================================================================================================================================================================================================================================================================================================================================================================================================================================================================================================================================================================================================================================================================================================================================================================================================================================================================================================================================================================================================================================================================================================================================================================================================================================================================================================================================================================================================================================================================================================================================================================================================================================================================================================================================================================================================================================================================================================================================================================================================================================================================================================================================================================================================================================================================================================================================================================================================================================================================================================================================================================================================================================================================================================================================================================================================================================================================================================================================================================================================================================================================================================================================================================================================================================================================================================================================================================================================================================================================================================================================================================================================================================================================================================================================================================================================================================================================================================================================================================================================================================================================================================================================================================================================================================================================================================================================================================================================================================================================================================================================================================================================================================================================================================================================================================================================================================================================================================================================================================================================================================================================================================================================================================================================================================================================================================================================================================================================================================================================================================================================================================================================================================================================================================================================================================================================================================================================================================================================================================================================================================================================================================================================================================================================================================================================================================================================================================================================================================================================================================================================================================================================================================================================================================================================================================================================================================================================================================================================================================================================================================================================================================================================================================================================================================================================================================================================================================================================================================================================================================================================================================================================================================================================================================================================================================================================================================================================================================================================================================================================================================================================================================================================================================================================================================================================================================================================================================================================================================================================================================================================================================================================================================================================================================================================================================================================================================================================================================================================================================================================================================================================================================================================================================================================================================================================================================================================================================================================================================================================================================================================================================================================================================================================================================================================================================================================================================================================================================================================================================================================================================================================================================================================================================================================================================================================================================================================================================================================================================================================================================================================================================================================================================================================================================================================================================================================================================================================================================================================================================================================================================================================================================================================================================================================================================================================================================================================================================================================================================================================================================================================================================================================================================================================================================================================================================================================================================================================================================================================================================================================================================================================================================================================================================================================================================================================================================================================================================================================================================================================================================================================================================================================================================================================================================================================================================================================================================================================================================================================================================================================================================================================================================================================================================================================================================================================================================================================================================================================================================================================================================================================================================================================================================================================================================================================================================================================================================================================================================================================================================================================================================================================================================================================================================================================================================================================================================================================================================================================================================================================================================================================================================================================================================================================================================================================================================================================================================================================================================================================================================================================================================================================================================================================================================================================================================================================================================================================================================================================================================================================================================================================================================================================================================================================================================================================================================================================================================================================================================================================================================================================================================================================================================================================================================================================================================================================================================================================================================================================================================================================================================================================================================================================================================================================================================================================================================================================================================================================================================================================================================================================================================================================================================================================================================================================================================================================================================================================================================================================================================================================================================================================================================================================================================================================================================================================================================================================================================================================================================================================================================================================================================================================================================================================================================================================================================================================================================================================================================================================================================================================================================================================================================================================================================================================================================================================================================================================================================================================================================================================================================================================================================================================================================================================================================================================================================================================================================================================================================================================================================================================================================================================================================================================================================================================================================================================================================================================================================================================================================================================================================================================================================================================================================================================================================================================================================================================================================================================================================================================================================================================================================================================================================================================================================================================================================================================================================================================================================================================================================================================================================================================================================================================================================================================================================================================================================================================================================================================================================================================================================================================================================================================================================================================================================================================================================================================================================================================================================================================================================================================================================================================================================================================================================================================================================================================================================================================================================================================================================================================================================================================================================================================================================================================================================================================================================================================================================================================================================================================================================================================================================================================================================================================================================================================================================================================================================================================================================================================================================================================================================================================================================================================================================================================================================================================================================================================================================================================================================================================================================================================================================================================================================================================================================================================================================================================================================================================================================================================================================================================================================================================================================================================================================================================================================================================================================================================================================================================================================================================================================================================================================================================================================================================================================================================================================================================================================================================================================================================================================================================================================================================================================================================================================================================================================================================================================================================================================================================================================================================================================================================================================================================================================================================================================================================================================================================================================================================================================================================================================================================================================================================================================================================================================================================================================================================================================================================================================================================================================================================================================================================================================================================================================================================================================================================================================================================================================================================================================================================================================================================================================================================================================================================================================================================================================================================================================================================================================================================================================================================================================================================================================================================================================================================================================================================================================================================================================================================================================================================================================================================================================================================================================================================================================================================================================================================================================================================================================================================================================================================================================================================================================================================================================================================================================================================================================================================================================================================================================================================================================================================================================================================================================================================================================================================================================================================================================================================================================================================================================================================================================================================================================================================================================================================================================================================================================================================================================================================================================================================================================================================================================================================================================================================================================================================================================================================================================================================================================================================================================================================================================================================================================================================================================================================================================================================================================================================================================================================================================================================================================================================================================================================================================================================================================================================================================================================================================================================================================================================================================================================================================================================================================================================================================================================================================================================================================================================================================================================================================================================================================================================================================================================================================================================================================================================================================================================================================================================================================================================================================================================================================================================================================================================================================================================================================================================================================================================================================================================================================================================================================================================================================================================================================================================================================================================================================================================================================================================================================================================================================================================================================================================================================================================================================================================================================================================================================================================================================================================================================================================================================================================================================================================================================================================================================================================================================================================================================================================================================================================================================================================================================================================================================================================================================================================================================================================================================================================================================================================================================================================================================================================================================================================================================================================================================================================================================================================================================================================================================================================================================================================================================================================================================================================================================================================================================================================================================================================================================================================================================================================================================================================================================================================================================================================================================================================================================================================================================================================================================================================================================================================================================================================================================================================================================================================================================================================================================================================================================================================================================================================================================================================================================================================================================================================================================================================================================================================================================================================================================================================================================================================================================================================================================================================================================================================================================================================================================================================================================================================================================================================================================================================================================================================================================================================================================================================================================================================================================================================================================================================================================================================================================================================================================================================================================================================================================================================================================================================================================================================================================================================================================================================================================================================================================================================================================================================================
Deleting previously created directories:

Deleting directories and files:

 ->/home/ovidiu/.inte/config ./-\./-\./-\./-\./-\./-\./-\./-\./-\./-\./-\./-\./-\./-\./-\./-\./-\./-\./-\./-\./-\./-\./-\./-\./-\./-\./-\./-\./-\./-\./-\./-\./-\./-\./-\./-\./-\./-\./-\./-\./-\./-\./-\./-\./-\./-\./-\./-\./-\./-\./-\./-\./-\./-\./-\./-\./-\./-\./-\./-\./-\./-\./-\./-\./-\./-\./-\./-\./-\./-\./-\./-\./-\./-\./-\./-\./-\./-\./-\./-\./-\./-\./-\./-\./-\./-\./-\./-\./-\./-\./-\./-\./-\./-\./-\./-\./-\./-\./-\./-\./-\./-\./-\./-\./-\./-\./-\./-\./-\./-\./-\./-\./-\./-\./-\./-\./-\./-\./-\./-\./-\./-\./-\./-\./-\./-\./-\./-\./-\./-\./-\./-\./-\./-\./-\./-\./-\./-\./-\./-\./-\./-\./-\./-\./-\./-\./-\./-\./-\./-\./-\./-\./-\./-\./-\./-\./-\./-\./-\./-\./-\./-\./-\./-\./-\./-\./-\./-\./-\./-\./-\./-\./-\./-\./-\./-\./-\./-\./-\./-\./-\./-\./-\./-\./-\./-\./-\./-\./-\./-\./-\./-\./-\./-\./-\./-\./-\./-\./-\./-\./-\./-\./-\./-\./-\./-\./-\./-\./-\./-\./-\./-\./-\./-\./-\./-\./-\./-\./-\./-\./-\./-\./-\./-\./-\./-\./-\./-\./-\./-\./-\./-\./-\./-\./-\./-\./-\./-\./-\./-\./-\./-\./-\./-\./-\./-\./-\./-\./-\./-\./-\./-\./-\./-\./-\./-\./-\./-\./-\./-\./-\./-\./-\./-\./-\./-\./-\./-\./-\./-\./-\./-\./-\./-\./-\./-\./-\./-\./-\./-\./-\./-\./-\./-\./-\./-\./-\./-\./-\./-\./-\./-\./-\./-\./-\./-\./-\./-\./-\./-\./-\./-\./-\./-\./-\./-\./-\./-\./-\./-\./-\./-\./-\./-\./-\./-\./-\./-\./-\./-\./-\./-\./-\./-\./-\./-\./-\./-\./-\./-\./-\./-\./-\./-\./-\./-\./-\./-\./-\./-\./-\./-\./-\./-\./-\./-\./-\./-\./-\./-\./-\./-\./-\./-\./-\./-\./-\./-\./-\./-\./-\./-\./-\./-\./-\./-\./-\./-\./-\./-\./-\./-\./-\./-\./-\./-\./-\./-\./-\./-\./-\./-\./-\./-\./-\./-\./-\./-\./-\./-\./-\./-\./-\./-\./-\./-\./-\./-\./-\./-\./-\./-\./-\./-\./-\./-\./-\./-\./-\./-\./-\./-\./-\./-\./-\./-\./-\./-\./-\./-\./-\./-\./-\./-\./-\./-\./-\./-\./-\./-\./-\./-\./-\./-\./-\./-\./-\./-\./-\./-\./-\./-\./-\./-\./-\./-\./-\./-\./-\./-\./-\./-\./-\./-\./-\./-\./-\./-\./-\./-\./-\./-\./-\./-\./-\./-\./-\./-\./-\./-\./-\./-\./-\./-\./-\./-\./-\./-\./-\./-\./-\./-\./-\./-\./-\./-\./-\./-\./-\./-\./-\./-\./-\./-\./-\./-\./-\./-\./-\./-\./-\./-\./-\./-\./-\./-\./-\./-\./-\./-\./-\./-\./-\./-\./-\./-\./-\./-\./-\./-\./-\./-\./-\./-\./-\./-\./-\./-\./-\./-\./-\./-\./-\./-\./-\./-\./-\./-\./-\./-\./-\./-\./-\./-\./-\./-\./-\./-\./-\./-\./-\./-\./-\./-\./-\./-\./-\./-\./-\./-\./-\./-\./-\./-\./-\./-\./-\./-\./-\./-\./-\./-\./-\./-\./-\./-\./-\./-\./-\./-\./-\./-\./-\./-\./-\./-\./-\./-\./-\./-\./-\./-\./-\./-\./-\./-\./-\./-\./-\./-\./-\./-\./-\./-\./-\./-\./-\./-\./-\./-\./-\./-\./-\./-\./-\./-\./-\./-\./-\./-\./-\./-\./-\./-\./-\./-\./-\./-\./-\./-\./-\./-\./-\./-\./-\./-\./-\./-\./-\./-\./-\./-\./-\./-\./-\./-\./-\./-\./-\./-\./-\./-\./-\./-\./-\./-\./-\./-\./-\./-\./-\./-\./-\./-\./-\./-\./-\./-\./-\./-\./-\./-\./-\./-\./-\./-\./-\./-\./-\./-\./-\./-\./-\./-\./-\./-\./-\./-\./-\./-\./-\./-\./-\./-\./-\./-\./-\./-\./-\./-\./-\./-\./-\./-\./-\./-\./-\./-\./-\./-\./-\./-\./-\./-\./-\./-\./-\./-\./-\./-\./-\./-\./-\./-\./-\./-\./-\./-\./-\./-\./-\./-\./-\./-\./-\./-\./-\./-\./-\./-\./-\./-\./-\./-\./-\./-\./-\./-\./-\./-\./-\./-\./-\./-\./-\./-\./-\./-\./-\./-\./-\./-\./-\./-\./-\./-\./-\./-\./-\./-\./-\./-\./-\./-\./-\./-\./-\./-\./-\./-\./-\./-\./-\./-\./-\./-\./-\./-\./-\./-\./-\./-\./-\./-\./-\./-\./-\./-\./-\./-\./-\./-\./-\./-\./-\./-\./-\./-\./-\./-\./-\./-\./-\./-\./-\./-\./-\./-\./-\./-\./-\./-\./-\./-\./-\./-\./-\./-\./-\./-\./-\./-\./-\./-\./-\./-\./-\./-\./-\./-\./-\./-\./-\./-\./-\./-\./-\./-\./-\./-\./-\./-\./-\./-\./-\./-\./-\./-\./-\./-\./-\./-\./-\./-\./-\./-\./-\./-\./-\./-\./-\./-\./-\./-\./-\./-\./-\./-\./-\./-\./-\./-\./-\./-\./-\./-\./-\./-\./-\./-\./-\./-\./-\./-\./-\./-\./-\./-\./-\./-\./-\./-\./-\./-\./-\./-\./-\./-\./-\./-\./-\./-\./-\./-\./-\./-\./-\./-\./-\./-\./-\./-\./-\./-\./-\./-\./-\./-\./-\./-\./-\./-\./-\./-\./-\./-\./-\./-\./-\./-\./-\./-\./-\./-\./-\./-\./-\./-\./-\./-\./-\./-\./-\./-\./-\./-\./-\./-\./-\./-\./-\./-\./-\./-\./-\./-\./-\./-\./-\./-\./-\./-\./-\./-\./-\./-\./-\./-\./-\./-\./-\./-\./-\./-\./-\./-\./-\./-\./-\./-\./-\./-\./-\./-\./-\./-\./-\./-\./-\./-\./-\./-\./-\./-\./-\./-\./-\./-\./-\./-\./-\./-\./-\./-\./-\./-\./-\./-\./-\./-\./-\./-\./-\./-\./-\./-\./-\./-\./-\./-\./-\./-\./-\./-\./-\./-\./-\./-\./-\./-\./-\./-\./-\./-\./-\./-\./-\./-\./-\./-\./-\./-\./-\./-\./-\./-\./-\./-\./-\./-\./-\./-\./-\./-\./-\./-\./-\./-\./-\./-\./-\./-\./-\./-\./-\./-\./-\./-\./-\./-\./-\./-\./-\./-\./-\./-\./-\./-\./-\./-\./-\./-\./-\./-\./-\./-\./-\./-\./-\./-\./-\./-\./-\./-\./-\./-\./-\./-\./-\./-\./-\./-\./-\./-\./-\./-\./-\./-\./-\./-\./-\./-\./-\./-\./-\./-\./-\./-\./-\./-\./-\./-\./-\./-\./-\./-\./-\./-\./-\./-\./-\./-\./-\./-\./-\./-\./-\./-\./-\./-\./-\./-\./-\./-\./-\./-\./-\./-\./-\./-\./-\./-\./-\./-\./-\./-\./-\./-\./-\./-\./-\./-\./-\./-\./-\./-\./-\./-\./-\./-\./-\./-\./-\./-\./-\./-\./-\./-\./-\./-\./-\./-\./-\./-\./-\./-\./-\./-\./-\./-\./-\./-\./-\./-\./-\./-\./-\./-\./-\./-\./-\./-\./-\./-\./-\./-\./-\./-\./-\./-\./-\./-\./-\./-\./-\./-\./-\./-\./-\./-\./-\./-\./-\./-\./-\./-\./-\./-\./-\./-\./-\./-\./-\./-\./-\./-\./-\./-\./-\./-\./-\./-\./-\./-\./-\./-\./-\./-\./-\./-\./-\./-\./-\./-\./-\./-\./-\./-\./-\./-\./-\./-\./-\./-\./-\./-\./-\./-\./-\./-\./-\./-\./-\./-\./-\./-\./-\./-\./-\./-\./-\./-\./-\./-\./-\./-\./-\./-\./-\./-\./-\./-\./-\./-\./-\./-\./-\./-\./-\./-\./-\./-\./-\./-\./-\./-\./-\./-\./-\./-\./-\./-\./-\./-\./-\./-\./-\./-\./-\./-\./-\./-\./-\./-\./-\./-\./-\./-\./-\./-\./-\./-\./-\./-\./-\./-\./-\./-\./-\./-\./-\./-\./-\./-\./-\./-\./-\./-\./-\./-\./-\./-\./-\./-\./-\./-\./-\./-\./-\./-\./-\./-\./-\./-\./-\./-\./-\./-\./-\./-\./-\./-\./-\./-\./-\./-\./-\./-\./-\./-\./-\./-\./-\./-\./-\./-\./-\./-\./-\./-\./-\./-\./-\./-\./-\./-\./-\./-\./-\./-\./-\./-\./-\./-\./-\./-\./-\./-\./-\./-\./-\./-\./-\./-\./-\./-\./-\./-\./-\./-\./-\./-\./-\./-\./-\./-\./-\./-\./-\./-\./-\./-\./-\./-\./-\./-\./-\./-\./-\./-\./-\./-\./-\./-\./-\./-\./-\./-\./-\./-\./-\./-\./-\./-\./-\./-\./-\./-\./-\./-\./-\./-\./-\./-\./-\./-\./-\./-\./-\./-\./-\./-\./-\./-\./-\./-\./-\./-\./-\./-\./-\./-\./-\./-\./-\./-\./-\./-\./-\./-\./-\./-\./-\./-\./-\./-\./-\./-\./-\./-\./-\./-\./-\./-\./-\./-\./-\./-\./-\./-\./-\./-\./-\./-\./-\./-\./-\./-\./-\./-\./-\./-\./-\./-\./-\./-\./-\./-\./-\./-\./-\./-\./-\./-\./-\./-\./-\./-\./-\./-\./-\./-\./-\./-\./-\./-\./-\./-\./-\./-\./-\./-\./-\./-\./-\./-\./-\./-\./-\./-\./-\./-\./-\./-\./-\./-\./-\./-\./-\./-\./-\./-\./-\./-\./-\./-\./-\./-\./-\./-\./-\./-\./-\./-\./-\./-\./-\./-\./-\./-\./-\./-\./-\./-\./-\./-\./-\./-\./-\./-\./-\./-\./-\./-\./-\./-\./-\./-\./-\./-\./-\./-\./-\./-\./-\./-\./-\./-\./-\./-\./-\./-\./-\./-\./-\./-\./-\./-\./-\./-\./-\./-\./-\./-\./-\./-\./-\./-\./-\./-\./-\./-\./-\./-\./-\./-\./-\./-\./-\./-\./-\./-\./-\./-\./-\./-\./-\./-\./-\./-\./-\./-\./-\./-\./-\./-\./-\./-\./-\./-\./-\./-\./-\./-\./-\./-\./-\./-\./-\./-\./-\./-\./-\./-\./-\./-\./-\./-\./-\./-\./-\./-\./-\./-\./-\./-\./-\./-\./-\./-\./-\./-\./-\./-\./-\./-\./-\./-\./-\./-\./-\./-\./-\./-\./-\./-\./-\./-\./-\./-\./-\./-\./-\./-\./-\./-\./-\./-\./-\./-\./-\./-\./-\./-\./-\./-\./-\./-\./-\./-\./-\./-\./-\./-\./-\./-\./-\./-\./-\./-\./-\./-\./-\./-\./-\./-\./-\./-\./-\./-\./-\./-\./-\./-\./-\./-\./-\./-\./-\./-\./-\./-\./-\./-\./-\./-\./-\./-\./-\./-\./-\./-\./-\./-\./-\./-\./-\./-\./-\./-\./-\./-\./-\./-\./-\./-\./-\./-\./-\./-\./-\./-\./-\./-\./-\./-\./-\./-\./-\./-\./-\./-\./-\./-\./-\./-\./-\./-\./-\./-\./-\./-\./-\./-\./-\./-\./-\./-\./-\./-\./-\./-\./-\./-\./-\./-\./-\./-\./-\./-\./-\./-\./-\./-\./-\./-\./-\./-\./-\./-\./-\./-\./-\./-\./-\./-\./-\./-\./-\./-\./-\./-\./-\./-\./-\./-\./-\./-\./-\./-\./-\./-\./-\./-\./-\./-\./-\./-\./-\./-\./-\./-\./-\./-\./-\./-\./-\./-\./-\./-\./-\./-\./-\./-\./-\./-\./-\./-\./-\./-\./-\./-\./-\./-\./-\./-\./-\./-\./-\./-\./-\./-\./-\./-\./-\./-\./-\./-\./-\./-\./-\./-\./-\./-\./-\./-\./-\./-\./-\./-\./-\./-\./-\./-\./-\./-\./-\./-\./-\./-\./-\./-\./-\./-\./-\./-\./-\./-\./-\./-\./-\./-\./-\./-\./-\./-\./-\./-\./-\./-\./-\./-\./-\./-\./-\./-\./-\./-\./-\./-\./-\./-\./-\./-\./-\./-\./-\./-\./-\./-\./-\./-\./-\./-\./-\./-\./-\./-\./-\./-\./-\./-\./-\./-\./-\./-\./-\./-\./-\./-\./-\./-\./-\./-\./-\./-\./-\./-\./-\./-\./-\./-\./-\./-\./-\./-\./-\./-\./-\./-\./-\./-\./-\./-\./-\./-\./-\./-\./-\./-\./-\./-\./-\./-\./-\./-\./-\./-\./-\./-\./-\./-\./-\./-\./-\./-\./-\./-\./-\./-\./-\./-\./-\./-\./-\./-\./-\./-\./-\./-\./-\./-\./-\./-\./-\./-\./-\./-\./-\./-\./-\./-\./-\./-\./-\./-\./-\./-\./-\./-\./-\./-\./-\./-\./-\./-\./-\./-\./-\./-\./-\./-\./-\./-\./-\./-\./-\./-\./-\./-\./-\./-\./-\./-\./-\./-\./-\./-\./-\./-\./-\./-\./-\./-\./-\./-\./-\./-\./-\./-\./-\./-\./-\./-\./-\./-\./-\./-\./-\./-\./-\./-\./-\./-\./-\./-\./-\./-\./-\./-\./-\./-\./-\./-\./-\./-\./-\./-\./-\./-\./-\./-\./-\./-\./-\./-\./-\./-\./-\./-\./-\./-\./-\./-\./-\./-\./-\./-\./-\./-\./-\./-\./-\./-\./-\./-\./-\./-\./-\./-\./-\./-\./-\./-\./-\./-\./-\./-\./-\./-\./-\./-\./-\./-\./-\./-\./-\./-\./-\./-\./-\./-\./-\./-\./-\./-\./-\./-\./-\./-\./-\./-\./-\./-\./-\./-\./-\./-\./-\./-\./-\./-\./-\./-\./-\./-\./-\./-\./-\./-\./-\./-\./-\./-\./-\./-\./-\./-\./-\./-\./-\./-\./-\./-\./-\./-\./-\./-\./-\./-\./-\./-\./-\./-\./-\./-\./-\./-\./-\./-\./-\./-\./-\./-\./-\./-\./-\./-\./-\./-\./-\./-\./-\./-\./-\./-\./-\./-\./-\./-\./-\./-\./-\./-\./-\./-\./-\./-\./-\./-\./-\./-\./-\./-\./-\./-\./-\./-\./-\./-\./-\./-\./-\./-\./-\./-\./-\./-\./-\./-\./-\./-\./-\./-\./-\./-\./-\./-\./-\./-\./-\./-\./-\./-\./-\./-\./-\./-\./-\./-\./-\./-\./-\./-\./-\./-\./-\./-\./-\./-\./-\./-\./-\./-\./-\./-\./-\./-\./-\./-\./-\./-\./-\./-\./-\./-\./-\./-\./-\./-\./-\./-\./-\./-\./-\./-\./-\./-\./-\./-\./-\./-\./-\./-\./-\./-\./-\./-\./-\./-\./-\./-\./-\./-\./-\./-\./-\./-\./-\./-\./-\./-\./-\./-\./-\./-\./-\./-\./-\./-\./-\./-\./-\./-\./-\./-\./-\./-\./-\./-\./-\./-\./-\./-\./-\./-\./-\./-\./-\./-\./-\./-\./-\./-\./-\./-\./-\./-\./-\./-\./-\./-\./-\./-\./-\./-\./-\./-\./-\./-\./-\./-\./-\./-\./-\./-\./-\./-\./-\./-\./-\./-\./-\./-\./-\./-\./-\./-\./-\./-\./-\./-\./-\./-\./-\./-\./-\./-\./-\./-\./-\./-\./-\./-\./-\./-\./-\./-\./-\./-\./-\./-\./-\./-\./-\./-\./-\./-\./-\./-\./-\./-\./-\./-\./-\./-\./-\./-\./-\./-\./-\./-\./-\./-\./-\./-\./-\./-\./-\./-\./-\./-\./-\./-\./-\./-\./-\./-\./-\./-\./-\./-\./-\./-\./-\./-\./-\./-\./-\./-\./-\./-\./-\./-\./-\./-\./-\./-\./-\./-\./-\./-\./-\./-\./-\./-\./-\./-\./-\./-\./-\./-\./-\./-\./-\./-\./-\./-\./-\./-\./-\./-\./-\./-\./-\./-\./-\./-\./-\./-\./-\./-\./-\./-\./-\./-\./-\./-\./-\./-\./-\./-\./-\./-\./-\./-\./-\./-\./-\./-\./-\./-\./-\./-\./-\./-\./-\./-\./-\./-\./-\./-\./-\./-\./-\./-\./-\./-\./-\./-\./-\./-\./-\./-\./-\./-\./-\./-\./-\./-\./-\./-\./-\./-\./-\./-\./-\./-\./-\./-\./-\./-\./-\./-\./-\./-\./-\./-\./-\./-\./-\./-\./-\./-\./-\./-\./-\./-\./-\./-\./-\./-\./-\./-\./-\./-\./-\./-\./-\./-\./-\./-\./-\./-\./-\./-\./-\./-\./-\./-\./-\./-\./-\./-\./-\./-\./-\./-\./-\./-\./-\./-\./-\./-\./-\./-\./-\./-\./-\./-\./-\./-\./-\./-\./-\./-\./-\./-\./-\./-\./-\./-\./-\./-\./-\./-\./-\./-\./-\./-\./-\./-\./-\./-\./-\./-\./-\./-\./-\./-\./-\./-\./-\./-\./-\./-\./-\./-\./-\./-\./-\./-\./-\./-\./-\./-\./-\./-\./-\./-\./-\./-\./-\./-\./-\./-\./-\./-\./-\./-\./-\./-\./-\./-\./-\./-\./-\./-\./-\./-\./-\./-\./-\./-\./-\./-\./-\./-\./-\./-\./-\./-\./-\./-\./-\./-\./-\./-\./-\./-\./-\./-\./-\./-\./-\./-\./-\./-\./-\./-\./-\./-\./-\./-\./-\./-\./-\./-\./-\./-\./-\./-\./-\./-\./-\./-\./-\./-\./-\./-\./-\./-\./-\./-\./-\./-\./-\./-\./-\./-\./-\./-\./-\./-\./-\./-\./-\./-\./-\./-\./-\./-\./-\./-\./-\./-\./-\./-\./-\./-\./-\./-\./-\./-\./-\./-\./-\./-\./-\./-\./-\./-\./-\./-\./-\./-\./-\./-\./-\./-\./-\./-\./-\./-\./-\./-\./-\./-\./-\./-\./-\./-\./-\./-\./-\./-\./-\./-\./-\./-\./-\./-\./-\./-\./-\./-\./-\./-\./-\./-\./-\./-\./-\./-\./-\./-\./-\./-\./-\./-\./-\./-\./-\./-\./-\./-\./-\./-\./-\./-\./-\./-\./-\./-\./-\./-\./-\./-\./-\./-\./-\./-\./-\./-\./-\./-\./-\./-\./-\./-\./-\./-\./-\./-\./-\./-\./-\./-\./-\./-\./-\./-\./-\./-\./-\./-\./-\./-\./-\./-\./-\./-\./-\./-\./-\./-\./-\./-\./-\./-\./-\./-\./-\./-\./-\./-\./-\./-\./-\./-\./-\./-\./-\./-\./-\./-\./-\./-\./-\./-\./-\./-\./-\./-\./-\./-\./-\./-\./-\./-\./-\./-\./-\./-\./-\./-\./-\./-\./-\./-\./-\./-\./-\./-\./-\./-\./-\./-\./-\./-\./-\./-\./-\./-\./-\./-\./-\./-\./-\./-\./-\./-\./-\./-\./-\./-\./-\./-\./-\./-\./-\./-\./-\./-\./-\./-\./-\./-\./-\./-\./-\./-\./-\./-\./-\./-\./-\./-\./-\./-\./-\./-\./-\./-\./-\./-\./-\./-\./-\./-\./-\./-\./-\./-\./-\./-\./-\./-\./-\./-\./-\./-\./-\./-\./-\./-\./-\./-\./-\./-\./-\./-\./-\./-\./-\./-\./-\./-\./-\./-\./-\./-\./-\./-\./-\./-\./-\./-\./-\./-\./-\./-\./-\./-\./-\./-\./-\./-\./-\./-\./-\./-\./-\./-\./-\./-\./-\./-\./-\./-\./-\./-\./-\./-\./-\./-\./-\./-\./-\./-\./-\./-\./-\./-\./-\./-\./-\./-\./-\./-\./-\./-\./-\./-\./-\./-\./-\./-\./-\./-\./-\./-\./-\./-\./-\./-\./-\./-\./-\./-\./-\./-\./-\./-\./-\./-\./-\./-\./-\./-\./-\./-\./-\./-\./-\./-\./-\./-\./-\./-\./-\./-\./-\./-\./-\./-\./-\./-\./-\./-\./-\./-\./-\./-\./-\./-\./-\./-\./-\./-\./-\./-\./-\./-\./-\./-\./-\./-\./-\./-\./-\./-\./-\./-\./-\./-\./-\./-\./-\./-\./-\./-\./-\./-\./-\./-\./-\./-\./-\./-\./-\./-\./-\./-\./-\./-\./-\./-\./-\./-\./-\./-\./-\./-\./-\./-\./-\./-\./-\./-\./-\./-\./-\./-\./-\./-\./-\./-\./-\./-\./-\./-\./-\./-\./-\./-\./-\./-\./-\./-\./-\./-\./-\./-\./-\./-\./-\./-\./-\./-\./-\./-\./-\./-\./-\./-\./-\./-\./-\./-\./-\./-\./-\./-\./-\./-\./-\./-\./-\./-\./-\./-\./-\./-\./-\./-\./-\./-\./-\./-\./-\./-\./-\./-\./-\./-\./-\./-\./-\./-\./-\./-\./-\./-\./-\./-\./-\./-\./-\./-\./-\./-\./-\./-\./-\./-\./-\./-\./-\./-\./-\./-\./-\./-\./-\./-\./-\./-\./-\./-\./-\./-\./-\./-\./-\./-\./-\./-\./-\./-\./-\./-\./-\./-\./-\./-\./-\./-\./-\./-\./-\./-\./-\./-\./-\./-\./-\./-\./-\./-\./-\./-\./-\./-\./-\./-\./-\./-\./-\./-\./-\./-\./-\./-\./-\./-\./-\./-\./-\./-\./-\./-\./-\./-\./-\./-\./-\./-\./-\./-\./-\./-\./-\./-\./-\./-\./-\./-\./-\./-\./-\./-\./-\./-\./-\./-\./-\./-\./-\./-\./-\./-\./-\./-\./-\./-\./-\./-\./-\./-\./-\./-\./-\./-\./-\./-\./-\./-\./-\./-\./-\./-\./-\./-\./-\./-\./-\./-\./-\./-\./-\./-\./-\./-\./-\./-\./-\./-\./-\./-\./-\./-\./-\./-\./-\./-\./-\./-\./-\./-\./-\./-\./-\./-\./-\./-\./-\./-\./-\./-\./-\./-\./-\./-\./-\./-\./-\./-\./-\./-\./-\./-\./-\./-\./-\./-\./-\./-\./-\./-\./-\./-\./-\./-\./-\./-\./-\./-\./-\./-\./-\./-\./-\./-\./-\./-\./-\./-\./-\./-\./-\./-\./-\./-\./-\./-\./-\./-\./-\./-\./-\./-\./-\./-\./-\./-\./-\./-\./-\./-\./-\./-\./-\./-\./-\./-\./-\./-\./-\./-\./-\./-\./-\./-\./-\./-\./-\./-\./-\./-\./-\./-\./-\./-\./-\./-\./-\./-\./-\./-\./-\./-\./-\./-\./-\./-\./-\./-\./-\./-\./-\./-\./-\./-\./-\./-\./-\./-\./-\./-\./-\./-\./-\./-\./-\./-\./-\./-\./-\./-\./-\./-\./-\./-\./-\./-\./-\./-\./-\./-\./-\./-\./-\./-\./-\./-\./-\./-\./-\./-\./-\./-\./-\./-\./-\./-\./-\./-\./-\./-\./-\./-\./-\./-\./-\./-\./-\./-\./-\./-\./-\./-\./-\./-\./-\./-\./-\./-\./-\./-\./-\./-\./-\./-\./-\./-\./-\./-\./-\./-\./-\./-\./-\./-\./-\./-\./-\./-\./-\./-\./-\./-\./-\./-\./-\./-\./-\./-\./-\./-\./-\./-\./-\./-\./-\./-\./-\./-\./-\./-\./-\./-\./-\./-\./-\./-\./-\./-\./-\./-\./-\./-\./-\./-\./-\./-\./-\./-\./-\./-\./-\./-\./-\./-\./-\./-\./-\./-\./-\./-\./-\./-\./-\./-\./-\./-\./-\./-\./-\./-\./-\./-\./-\./-\./-\./-\./-\./-\./-\./-\./-\./-\./-\./-\./-\./-\./-\./-\./-\./-\./-\./-\./-\./-\./-\./-\./-\./-\./-\./-\./-\./-\./-\./-\./-\./-\./-\./-\./-\./-\./-\./-\./-\./-\./-\./-\./-\./-\./-\./-\./-\./-\./-\./-\./-\./-\./-\./-\./-\./-\./-\./-\./-\./-\./-\./-\./-\./-\./-\./-\./-\./-\./-\./-\./-\./-\./-\./-\./-\./-\./-\./-\./-\./-\./-\./-\./-\./-\./-\./-\./-\./-\./-\./-\./-\./-\./-\./-\./-\./-\./-\./-\./-\./-\./-\./-\./-\./-\./-\./-\./-\./-\./-\./-\./-\./-\./-\./-\./-\./-\./-\./-\./-\./-\./-\./-\./-\./-\./-\./-\./-\./-\./-\./-\./-\./-\./-\./-\./-\./-\./-\./-\./-\./-\./-\./-\./-\./-\./-\./-\./-\./-\./-\./-\./-\./-\./-\./-\./-\./-\./-\./-\./-\./-\./-\./-\./-\./-\./-\./-\./-\./-\./-\./-\./-\./-\./-\./-\./-\./-\./-\./-\./-\./-\./-\./-\./-\./-\./-\./-\./-\./-\./-\./-\./-\./-\./-\./-\./-\./-\./-\./-\./-\./-\./-\./-\./-\./-\./-\./-\./-\./-\./-\./-\./-\./-\./-\./-\./-\./-\./-\./-\./-\./-\./-\./-\./-\./-\./-\./-\./-\./-\./-\./-\./-\./-\./-\./-\./-\./-\./-\./-\./-\./-\./-\./-\./-\./-\./-\./-\./-\./-\./-\./-\./-\./-\./-\./-\./-\./-\./-\./-\./-\./-\./-\./-\./-\./-\./-\./-\./-\./-\./-\./-\./-\./-\./-\./-\./-\./-\./-\./-\./-\./-\./-\./-\./-\./-\./-\./-\./-\./-\./-\./-\./-\./-\./-\./-\./-\./-\./-\./-\./-\./-\./-\./-\./-\./-\./-\./-\./-\./-\./-\./-\./-\./-\./-\./-\./-\./-\./-\./-\./-\./-\./-\./-\./-\./-\./-\./-\./-\./-\./-\./-\./-\./-\./-\./-\./-\./-\./-\./-\./-\./-\./-\./-\./-\./-\./-\./-\./-\./-\./-\./-\./-\./-\./-\./-\./-\./-\./-\./-\./-\./-\./-\./-\./-\./-\./-\./-\./-\./-\./-\./-\./-\./-\./-\./-\./-\./-\./-\./-\./-\./-\./-\./-\./-\./-\./-\./-\./-\./-\./-\./-\./-\./-\./-\./-\./-\./-\./-\./-\./-\./-\./-\./-\./-\./-\./-\./-\./-\./-\./-\./-\./-\./-\./-\./-\./-\./-\./-\./-\./-\./-\./-\./-\./-\./-\./-\./-\./-\./-\./-\./-\./-\./-\./-\./-\./-\./-\./-\./-\./-\./-\./-\./-\./-\./-\./-\./-\./-\./-\./-\./-\./-\./-\./-\./-\./-\./-\./-\./-\./-\./-\./-\./-\./-\./-\./-\./-\./-\./-\./-\./-\./-\./-\./-\./-\./-\./-\./-\./-\./-\./-\./-\./-\./-\./-\./-\./-\./-\./-\./-\./-\./-\./-\./-\./-\./-\./-\./-\./-\./-\./-\./-\./-\./-\./-\./-\./-\./-\./-\./-\./-\./-\./-\./-\./-\./-\./-\./-\./-\./-\./-\./-\./-\./-\./-\./-\./-\./-\./-\./-\./-\./-\./-\./-\./-\./-\./-\./-\./-\./-\./-\./-\./-\./-\./-\./-\./-\./-\./-\./-\./-\./-\./-\./-\./-\./-\./-\./-\./-\./-\./-\./-\./-\./-\./-\./-\./-\./-\./-\./-\./-\./-\./-\./-\./-\./-\./-\./-\./-\./-\./-\./-\./-\./-\./-\./-\./-\./-\./-\./-\./-\./-\./-\./-\./-\./-\./-\./-\./-\./-\./-\./-\./-\./-\./-\./-\./-\./-\./-\./-\./-\./-\./-\./-\./-\./-\./-\./-\./-\./-\./-\./-\./-\./-\./-\./-\./-\./-\./-\./-\./-\./-\./-\./-\./-\./-\./-\./-\./-\./-\./-\./-\./-\./-\./-\./-\./-\./-\./-\./-\./-\./-\./-\./-\./-\./-\./-\./-\./-\./-\./-\./-\./-\./-\./-\./-\./-\./-\./-\./-\./-\./-\./-\./-\./-\./-\./-\./-\./-\./-\./-\./-\./-\./-\./-\./-\./-\./-\./-\./-\./-\./-\./-\./-\./-\./-\./-\./-\./-\./-\./-\./-\./-\./-\./-\./-\./-\./-\./-\./-\./-\./-\./-\./-\./-\./-\./-\./-\./-\./-\./-\./-\./-\./-\./-\./-\./-\./-\./-\./-\./-\./-\./-\./-\./-\./-\./-\./-\./-\./-\./-\./-\./-\./-\./-\./-\./-\./-\./-\./-\./-\./-\./-\./-\./-\./-\./-\./-\./-\./-\./-\./-\./-\./-\./-\./-\./-\./-\./-\./-\./-\./-\./-\./-\./-\./-\./-\./-\./-\./-\./-\./-\./-\./-\./-\./-\./-\./-\./-\./-\./-\./-\./-\./-\./-\./-\./-\./-\./-\./-\./-\./-\./-\./-\./-\./-\./-\./-\./-\./-\./-\./-\./-\./-\./-\./-\./-\./-\./-\./-\./-\./-\./-\./-\./-\./-\./-\./-\./-\./-\./-\./-\./-\./-\./-\./-\./-\./-\./-\./-\./-\./-\./-\./-\./-\./-\./-\./-\./-\./-\./-\./-\./-\./-\./-\./-\./-\./-\./-\./-\./-\./-\./-\./-\./-\./-\./-\./-\./-\./-\./-\./-\./-\./-\./-\./-\./-\./-\./-\./-\./-\./-\./-\./-\./-\./-\./-\./-\./-\./-\./-\./-\./-\./-\./-\./-\./-\./-\./-\./-\./-\./-\./-\./-\./-\./-\./-\./-\./-\./-\./-\./-\./-\./-\./-\./-\./-\./-\./-\./-\./-\./-\./-\./-\./-\./-\./-\./-\./-\./-\./-\./-\./-\./-\./-\./-\./-\./-\./-\./-\./-\./-\./-\./-\./-\./-\./-\./-\./-\./-\./-\./-\./-\./-\./-\./-\./-\./-\./-\./-\./-\./-\./-\./-\./-\./-\./-\./-\./-\./-\./-\./-\./-\./-\./-\./-\./-\./-\./-\./-\./-\./-\./-\./-\./-\./-\./-\./-\./-\./-\./-\./-\./-\./-\./-\./-\./-\./-\./-\./-\./-\./-\./-\./-\./-\./-\./-\./-\./-\./-\./-\./-\./-\./-\./-\./-\./-\./-\./-\./-\./-\./-\./-\./-\./-\./-\./-\./-\./-\./-\./-\./-\./-\./-\./-\./-\./-\./-\./-\./-\./-\./-\./-\./-\./-\./-\./-\./-\./-\./-\./-\./-\./-\./-\./-\./-\./-\./-\./-\./-\./-\./-\./-\./-\./-\./-\./-\./-\./-\./-\./-\./-\./-\./-\./-\./-\./-\./-\./-\./-\./-\./-\./-\./-\./-\./-\./-\./-\./-\./-\./-\./-\./-\./-\./-\./-\./-\./-\./-\./-\./-\./-\./-\./-\./-\./-\./-\./-\./-\./-\./-\./-\./-\./-\./-\./-\./-\./-\./-\./-\./-\./-\./-\./-\./-\./-\./-\./-\./-\./-\./-\./-\./-\./-\./-\./-\./-\./-\./-\./-\./-\./-\./-\./-\./-\./-\./-\./-\./-\./-\./-\./-\./-\./-\./-\./-\./-\./-\./-\./-\./-\./-\./-\./-\./-\./-\./-\./-\./-\./-\./-\./-\./-\./-\./-\./-\./-\./-\./-\./-\./-\./-\./-\./-\./-\./-\./-\./-\./-\./-\./-\./-\./-\./-\./-\./-\./-\./-\./-\./-\./-\./-\./-\./-\./-\./-\./-\./-\./-\./-\./-\./-\./-\./-\./-\./-\./-\./-\./-\./-\./-\./-\./-\./-\./-\./-\./-\./-\./-\./-\./-\./-\./-\./-\./-\./-\./-\./-\./-\./-\./-\./-\./-\./-\./-\./-\./-\./-\./-\./-\./-\./-\./-\./-\./-\./-\./-\./-\./-\./-\./-\./-\./-\./-\./-\./-\./-\./-\./-\./-\./-\./-\./-\./-\./-\./-\./-\./-\./-\./-\./-\./-\./-\./-\./-\./-\./-\./-\./-\./-\./-\./-\./-\./-\./-\./-\./-\./-\./-\./-\./-\./-\./-\./-\./-\./-\./-\./-\./-\./-\./-\./-\./-\./-\./-\./-\./-\./-\./-\./-\./-\./-\./-\./-\./-\./-\./-\./-\./-\./-\./-\./-\./-\./-\./-\./-\./-\./-\./-\./-\./-\./-\./-\./-\./-\./-\./-\./-\./-\./-\./-\./-\./-\./-\./-\./-\./-\./-\./-\./-\./-\./-\./-\./-\./-\./-\./-\./-\./-\./-\./-\./-\./-\./-\./-\./-\./-\./-\./-\./-\./-\./-\./-\./-\./-\./-\./-\./-\./-\./-\./-\./-\./-\./-\./-\./-\./-\./-\./-\./-\./-\./-\./-\./-\./-\./-\./-\./-\./-\./-\./-\./-\./-\./-\./-\./-\./-\./-\./-\./-\./-\./-\./-\./-\./-\./-\./-\./-\./-\./-\./-\./-\./-\./-\./-\./-\./-\./-\./-\./-\./-\./-\./-\./-\./-\./-\./-\./-\./-\./-\./-\./-\./-\./-\./-\./-\./-\./-\./-\./-\./-\./-\./-\./-\./-\./-\./-\./-\./-\./-\./-\./-\./-\./-\./-\./-\./-\./-\./-\./-\./-\./-\./-\./-\./-\./-\./-\./-\./-\./-\./-\./-\./-\./-\./-\./-\./-\./-\./-\./-\./-\./-\./-\./-\./-\./-\./-\./-\./-\./-\./-\./-\./-\./-\./-\./-\./-\./-\./-\./-\./-\./-\./-\./-\./-\./-\./-\./-\./-\./-\./-\./-\./-\./-\./-\./-\./-\./-\./-\./-\./-\./-\./-\./-\./-\./-\./-\./-\./-\./-\./-\./-\./-\./-\./-\./-\./-\./-\./-\./-\./-\./-\./-\./-\./-\./-\./-\./-\./-\./-\./-\./-\./-\./-\./-\./-\./-\./-\./-\./-\./-\./-\./-\./-\./-\./-\./-\./-\./-\./-\./-\./-\./-\./-\./-\./-\./-\./-\./-\./-\./-\./-\./-\./-\./-\./-\./-\./-\./-\./-\./-\./-\./-\./-\./-\./-\./-\./-\./-\./-\./-\./-\./-\./-\./-\./-\./-\./-\./-\./-\./-\./-\./-\./-\./-\./-\./-\./-\./-\./-\./-\./-\./-\./-\./-\./-\./-\./-\./-\./-\./-\./-\./-\./-\./-\./-\./-\./-\./-\./-\./-\./-\./-\./-\./-\./-\./-\./-\./-\./-\./-\./-\./-\./-\./-\./-\./-\./-\./-\./-\./-\./-\./-\./-\./-\./-\./-\./-\./-\./-\./-\./-\./-\./-\./-\./-\./-\./-\./-\./-\./-\./-\./-\./-\./-\./-\./-\./-\./-\./-\./-\./-\./-\./-\./-\./-\./-\./-\./-\./-\./-\./-\./-\./-\./-\./-\./-\./-\./-\./-\./-\./-\./-\./-\./-\./-\./-\./-\./-\./-\./-\./-\./-\./-\./-\./-\./-\./-\./-\./-\./-\./-\./-\./-\./-\./-\./-\./-\./-\./-\./-\./-\./-\./-\./-\./-\./-\./-\./-\./-\./-\./-\./-\./-\./-\./-\./-\./-\./-\./-\./-\./-\./-\./-\./-\./-\./-\./-\./-\./-\./-\./-\./-\./-\./-\./-\./-\./-\./-\./-\./-\./-\./-\./-\./-\./-\./-\./-\./-\./-\./-\./-\./-\./-\./-\./-\./-\./-\./-\./-\./-\./-\./-\./-\./-\./-\./-\./-\./-\./-\./-\./-\./-\./-\./-\./-\./-\./-\./-\./-\./-\./-\./-\./-\./-\./-\./-\./-\./-\./-\./-\./-\./-\./-\./-\./-\./-\./-\./-\./-\./-\./-\./-\./-\./-\./-\./-\./-\./-\./-\./-\./-\./-\./-\./-\./-\./-\./-\./-\./-\./-\./-\./-\./-\./-\./-\./-\./-\./-\./-\./-\./-\./-\./-\./-\./-\./-\./-\./-\./-\./-\./-\./-\./-\./-\./-\./-\./-\./-\./-\./-\./-\./-\./-\./-\./-\./-\./-\./-\./-\./-\./-\./-\./-\./-\./-\./-\./-\./-\./-\./-\./-\./-\./-\./-\./-\./-\./-\./-\./-\./-\./-\./-\./-\./-\./-\./-\./-\./-\./-\./-\./-\./-\./-\./-\./-\./-\./-\./-\./-\./-\./-\./-\./-\./-\./-\./-\./-\./-\./-\./-\./-\./-\./-\./-\./-\./-\./-\./-\./-\./-\./-\./-\./-\./-\./-\./-\./-\./-\./-\./-\./-\./-\./-\./-\./-\./-\./-\./-\./-\./-\./-\./-\./-\./-\./-\./-\./-\./-\./-\./-\./-\./-\./-\./-\./-\./-\./-\./-\./-\./-\./-\./-\./-\./-\./-\./-\./-\./-\./-\./-\./-\./-\./-\./-\./-\./-\./-\./-\./-\./-\./-\./-\./-\./-\./-\./-\./-\./-\./-\./-\./-\./-\./-\./-\./-\./-\./-\./-\./-\./-\./-\./-\./-\./-\./-\./-\./-\./-\./-\./-\./-\./-\./-\./-\./-\./-\./-\./-\./-\./-\./-\./-\./-\./-\./-\./-\./-\./-\./-\./-\./-\./-\./-\./-\./-\./-\./-\./-\./-\./-\./-\./-\./-\./-\./-\./-\./-\./-\./-\./-\./-\./-\./-\./-\./-\./-\./-\./-\./-\./-\./-\./-\./-\./-\./-\./-\./-\./-\./-\./-\./-\./-\./-\./-\./-\./-\./-\./-\./-\./-\./-\./-\./-\./-\./-\./-\./-\./-\./-\./-\./-\./-\./-\./-\./-\./-\./-\./-\./-\./-\./-\./-\./-\./-\./-\./-\./-\./-\./-\./-\./-\./-\./-\./-\./-\./-\./-\./-\./-\./-\./-\./-\./-\./-\./-\./-\./-\./-\./-\./-\./-\./-\./-\./-\./-\./-\./-\./-\./-\./-\./-\./-\./-\./-\./-\./-\./-\./-\./-\./-\./-\./-\./-\./-\./-\./-\./-\./-\./-\./-\./-\./-\./-\./-\./-\./-\./-\./-\./-\./-\./-\./-\./-\./-\./-\./-\./-\./-\./-\./-\./-\./-\./-\./-\./-\./-\./-\./-\./-\./-\./-\./-\./-\./-\./-\./-\./-\./-\./-\./-\./-\./-\./-\./-\./-\./-\./-\./-\./-\./-\./-\./-\./-\./-\./-\./-\./-\./-\./-\./-\./-\./-\./-\./-\./-\./-\./-\./-\./-\./-\./-\./-\./-\./-\./-\./-\./-\./-\./-\./-\./-\./-\./-\./-\./-\./-\./-\./-\./-\./-\./-\./-\./-\./-\./-\./-\./-\./-\./-\./-\./-\./-\./-\./-\./-\./-\./-\./-\./-\./-\./-\./-\./-\./-\./-\./-\./-\./-\./-\./-\./-\./-\./-\./-\./-\./-\./-\./-\./-\./-\./-\./-\./-\./-\./-\./-\./-\./-\./-\./-\./-\./-\./-\./-\./-\./-\./-\./-\./-\./-\./-\./-\./-\./-\./-\./-\./-\./-\./-\./-\./-\./-\./-\./-\./-\./-\./-\./-\./-\./-\./-\./-\./-\./-\./-\./-\./-\./-\./-\./-\./-\./-\./-\./-\./-\./-\./-\./-\./-\./-\./-\./-\./-\./-\./-\./-\./-\./-\./-\./-\./-\./-\./-\./-\./-\./-\./-\./-\./-\./-\./-\./-\./-\./-\./-\./-\./-\./-\./-\./-\./-\./-\./-\./-\./-\./-\./-\./-\./-\./-\./-\./-\./-\./-\./-\./-\./-\./-\./-\./-\./-\./-\./-\./-\./-\./-\./-\./-\./-\./-\./-\./-\./-\./-\./-\./-\./-\./-\./-\./-\./-\./-\./-\./-\./-\./-\./-\./-\./-\./-\./-\./-\./-\./-\./-\./-\./-\./-\./-\./-\./-\./-\./-\./-\./-\./-\./-\./-\./-\./-\./-\./-\./-\./-\./-\./-\./-\./-\./-\./-\./-\./-\./-\./-\./-\./-\./-\./-\./-\./-\./-\./-\./-\./-\./-\./-\./-\./-\./-\./-\./-\./-\./-\./-\./-\./-\./-\./-\./-\./-\./-\./-\./-\./-\./-\./-\./-\./-\./-\./-\./-\./-\./-\./-\./-\./-\./-\./-\./-\./-\./-\./-\./-\./-\./-\./-\./-\./-\./-\./-\./-\./-\./-\./-\./-\./-\./-\./-\./-\./-\./-\./-\./-\./-\./-\./-\./-\./-\./-\./-\./-\./-\./-\./-\./-\./-\./-\./-\./-\./-\./-\./-\./-\./-\./-\./-\./-\./-\./-\./-\./-\./-\./-\./-\./-\./-\./-\./-\./-\./-\./-\./-\./-\./-\./-\./-\./-\./-\./-\./-\./-\./-\./-\./-\./-\./-\./-\./-\./-\./-\./-\./-\./-\./-\./-\./-\./-\./-\./-\./-\./-\./-\./-\./-\./-\./-\./-\./-\./-\./-\./-\./-\./-\./-\./-\./-\./-\./-\./-\./-\./-\./-\./-\./-\./-\./-\./-\./-\./-\./-\./-\./-\./-\./-\./-\./-\./-\./-\./-\./-\./-\./-\./-\./-\./-\./-\./-\./-\./-\./-\./-\./-\./-\./-\./-\./-\./-\./-\./-\./-\./-\./-\./-\./-\./-\./-\./-\./-\./-\./-\./-\./-\./-\./-\./-\./-\./-\./-\./-\./-\./-\./-\./-\./-\./-\./-\./-\./-\./-\./-\./-\./-\./-\./-\./-\./-\./-\./-\./-\./-\./-\./-\./-\./-\./-\./-\./-\./-\./-\./-\./-\./-\./-\./-\./-\./-\./-\./-\./-\./-\./-\./-\./-\./-\./-\./-\./-\./-\./-\./-\./-\./-\./-\./-\./-\./-\./-\./-\./-\./-\./-\./-\./-\./-\./-\./-\./-\./-\./-\./-\./-\./-\./-\./-\./-\./-\./-\./-\./-\./-\./-\./-\./-\./-\./-\./-\./-\./-\./-\./-\./-\./-\./-\./-\./-\./-\./-\./-\./-\./-\./-\./-\./-\./-\./-\./-\./-\./-\./-\./-\./-\./-\./-\./-\./-\./-\./-\./-\./-\./-\./-\./-\./-\./-\./-\./-\./-\./-\./-\./-\./-\./-\./-\./-\./-\./-\./-\./-\./-\./-\./-\./-\./-\./-\./-\./-\./-\./-\./-\./-\./-\./-\./-\./-\./-\./-\./-\./-\./-\./-\./-\./-\./-\./-\./-\./-\./-\./-\./-\./-\./-\./-\./-\./-\./-\./-\./-\./-\./-\./-\./-\./-\./-\./-\./-\./-\./-\./-\./-\./-\./-\./-\./-\./-\./-\./-\./-\./-\./-\./-\./-\./-\./-\./-\./-\./-\./-\./-\./-\./-\./-\./-\./-\./-\./-\./-\./-\./-\./-\./-\./-\./-\./-\./-\./-\./-\./-\./-\./-\./-\./-\./-\./-\./-\./-\./-\./-\./-\./-\./-\./-\./-\./-\./-\./-\./-\./-\./-\./-\./-\./-\./-\./-\./-\./-\./-\./-\./-\./-\./-\./-\./-\./-\./-\./-\./-\./-\./-\./-\./-\./-\./-\./-\./-\./-\./-\./-\./-\./-\./-\./-\./-\./-\./-\./-\./-\./-\./-\./-\./-\./-\./-\./-\./-\./-\./-\./-\./-\./-\./-\./-\./-\./-\./-\./-\./-\./-\./-\./-\./-\./-\./-\./-\./-\./-\./-\./-\./-\./-\./-\./-\./-\./-\./-\./-\./-\./-\./-\./-\./-\./-\./-\./-\./-\./-\./-\./-\./-\./-\./-\./-\./-\./-\./-\./-\./-\./-\./-\./-\./-\./-\./-\./-\./-\./-\./-\./-\./-\./-\./-\./-\./-\./-\./-\./-\./-\./-\./-\./-\./-\./-\./-\./-\./-\./-\./-\./-\./-\./-\./-\./-\./-\./-\./-\./-\./-\./-\./-\./-\./-\./-\./-\./-\./-\./-\./-\./-\./-\./-\./-\./-\./-\./-\./-\./-\./-\./-\./-\./-\./-\./-\./-\./-\./-\./-\./-\./-\./-\./-\./-\./-\./-\./-\./-\./-\./-\./-\./-\./-\./-\./-\./-\./-\./-\./-\./-\./-\./-\./-\./-\./-\./-\./-\./-\./-\./-\./-\./-\./-\./-\./-\./-\./-\./-\./-\./-\./-\./-\./-\./-\./-\./-\./-\./-\./-\./-\./-\./-\./-\./-\./-\./-\./-\./-\./-\./-\./-\./-\./-\./-\./-\./-\./-\./-\./-\./-\./-\./-\./-\./-\./-\./-\./-\./-\./-\./-\./-\./-\./-\./-\./-\./-\./-\./-\./-\./-\./-\./-\./-\./-\./-\./-\./-\./-\./-\./-\./-\./-\./-\./-\./-\./-\./-\./-\./-\./-\./-\./-\./-\./-\./-\./-\./-\./-\./-\./-\./-\./-\./-\./-\./-\./-\./-\./-\./-\./-\./-\./-\./-\./-\./-\./-\./-\./-\./-\./-\./-\./-\./-\./-\./-\./-\./-\./-\./-\./-\./-\./-\./-\./-\./-\./-\./-\./-\./-\./-\./-\./-\./-\./-\./-\./-\./-\./-\./-\./-\./-\./-\./-\./-\./-\./-\./-\./-\./-\./-\./-\./-\./-\./-\./-\./-\./-\./-\./-\./-\./-\./-\./-\./-\./-\./-\./-\./-\./-\./-\./-\./-\./-\./-\./-\./-\./-\./-\./-\./-\./-\./-\./-\./-\./-\./-\./-\./-\./-\./-\./-\./-\./-\./-\./-\./-\./-\./-\./-\./-\./-\./-\./-\./-\./-\./-\./-\./-\./-\./-\./-\./-\./-\./-\./-\./-\./-\./-\./-\./-\./-\./-\./-\./-\./-\./-\./-\./-\./-\./-\./-\./-\./-\./-\./-\./-\./-\./-\./-\./-\./-\./-\./-\./-\./-\./-\./-\./-\./-\./-\./-\./-\./-\./-\./-\./-\./-\./-\./-\./-\./-\./-\./-\./-\./-\./-\./-\./-\./-\./-\./-\./-\./-\./-\./-\./-\./-\./-\./-\./-\./-\./-\./-\./-\./-\./-\./-\./-\./-\./-\./-\./-\./-\./-\./-\./-\./-\./-\./-\./-\./-\./-\./-\./-\./-\./-\./-\./-\./-\./-\./-\./-\./-\./-\./-\./-\./-\./-\./-\./-\./-\./-\./-\./-\./-\./-\./-\./-\./-\./-\./-\./-\./-\./-\./-\./-\./-\./-\./-\./-\./-\./-\./-\./-\./-\./-\./-\./-\./-\./-\./-\./-\./-\./-\./-\./-\./-\./-\./-\./-\./-\./-\./-\./-\./-\./-\./-\./-\./-\./-\./-\./-\./-\./-\./-\./-\./-\./-\./-\./-\./-\./-\./-\./-\./-\./-\./-\./-\./-\./-\./-\./-\./-\./-\./-\./-\./-\./-\./-\./-\./-\./-\./-\./-\./-\./-\./-\./-\./-\./-\./-\./-\./-\./-\./-\./-\./-\./-\./-\./-\./-\./-\./-\./-\./-\./-\./-\./-\./-\./-\./-\./-\./-\./-\./-\./-\./-\./-\./-\./-\./-\./-\./-\./-\./-\./-\./-\./-\./-\./-\./-\./-\./-\./-\./-\./-\./-\./-\./-\./-\./-\./-\./-\./-\./-\./-\./-\./-\./-\./-\./-\./-\./-\./-\./-\./-\./-\./-\./-\./-\./-\./-\./-\./-\./-\./-\./-\./-\./-\./-\./-\./-\./-\./-\./-\./-\./-\./-\./-\./-\./-\./-\./-\./-\./-\./-\./-\./-\./-\./-\./-\./-\./-\./-\./-\./-\./-\./-\./-\./-\./-\./-\./-\./-\./-\./-\./-\./-\./-\./-\./-\./-\./-\./-\./-\./-\./-\./-\./-\./-\./-\./-\./-\./-\./-\./-\./-\./-\./-\./-\./-\./-\./-\./-\./-\./-\./-\./-\./-\./-\./-\./-\./-\./-\./-\./-\./-\./-\./-\./-\./-\./-\./-\./-\./-\./-\./-\./-\./-\./-\./-\./-\./-\./-\./-\./-\./-\./-\./-\./-\./-\./-\./-\./-\./-\./-\./-\./-\./-\./-\./-\./-\./-\./-\./-\./-\./-\./-\./-\./-\./-\./-\./-\./-\./-\./-\./-\./-\./-\./-\./-\./-\./-\./-\./-\./-\./-\./-\./-\./-\./-\./-\./-\./-\./-\./-\./-\./-\./-\./-\./-\./-\./-\./-\./-\./-\./-\./-\./-\./-\./-\./-\./-\./-\./-\./-\./-\./-\./-\./-\./-\./-\./-\./-\./-\./-\./-\./-\./-\./-\./-\./-\./-\./-\./-\./-\./-\./-\./-\./-\./-\./-\./-\./-\./-\./-\./-\./-\./-\./-\./-\./-\./-\./-\./-\./-\./-\./-\./-\./-\./-\./-\./-\./-\./-\./-\./-\./-\./-\./-\./-\./-\./-\./-\./-\./-\./-\./-\./-\./-\./-\./-\./-\./-\./-\./-\./-\./-\./-\./-\./-\./-\./-\./-\./-\./-\./-\./-\./-\./-\./-\./-\./-\./-\./-\./-\./-\./-\./-\./-\./-\./-\./-\./-\./-\./-\./-\./-\./-\./-\./-\./-\./-\./-\./-\./-\./-\./-\./-\./-\./-\./-\./-\./-\./-\./-\./-\./-\./-\./-\./-\./-\./-\./-\./-\./-\./-\./-\./-\./-\./-\./-\./-\./-\./-\./-\./-\./-\./-\./-\./-\./-\./-\./-\./-\./-\./-\./-\./-\./-\./-\./-\./-\./-\./-\./-\./-\./-\./-\./-\./-\./-\./-\./-\./-\./-\./-\./-\./-\./-\./-\./-\./-\./-\./-\./-\./-\./-\./-\./-\./-\./-\./-\./-\./-\./-\./-\./-\./-\./-\./-\./-\./-\./-\./-\./-\./-\./-\./-\./-\./-\./-\./-\./-\./-\./-\./-\./-\./-\./-\./-\./-\./-\./-\./-\./-\./-\./-\./-\./-\./-\./-\./-\./-\./-\./-\./-\./-\./-\./-\./-\./-\./-\./-\./-\./-\./-\./-\./-\./-\./-\./-\./-\./-\./-\./-\./-\./-\./-\./-\./-\./-\./-\./-\./-\./-\./-\./-\./-\./-\./-\./-\./-\./-\./-\./-\./-\./-\./-\./-\./-\./-\./-\./-\./-\./-\./-\./-\./-\./-\./-\./-\./-\./-\./-\./-\./-\./-\./-\./-\./-\./-\./-\./-\./-\./-\./-\./-\./-\./-\./-\./-\./-\./-\./-\./-\./-\./-\./-\./-\./-\./-\./-\./-\./-\./-\./-\./-\./-\./-\./-\./-\./-\./-\./-\./-\./-\./-\./-\./-\./-\./-\./-\./-\./-\./-\./-\./-\./-\./-\./-\./-\./-\./-\./-\./-\./-\./-\./-\./-\./-\./-\./-\./-\./-\./-\./-\./-\./-\./-\./-\./-\./-\./-\./-\./-\./-\./-\./-\./-\./-\./-\./-\./-\./-\./-\./-\./-\./-\./-\./-\./-\./-\./-\./-\./-\./-\./-\./-\./-\./-\./-\./-\./-\./-\./-\./-\./-\./-\./-\./-\./-\./-\./-\./-\./-\./-\./-\./-\./-\./-\./-\./-\./-\./-\./-\./-\./-\./-\./-\./-\./-\./-\./-\./-\./-\./-\./-\./-\./-\./-\./-\./-\./-\./-\./-\./-\./-\./-\./-\./-\./-\./-\./-\./-\./-\./-\./-\./-\./-\./-\./-\./-\./-\./-\./-\./-\./-\./-\./-\./-\./-\./-\./-\./-\./-\./-\./-\./-\./-\./-\./-\./-\./-\./-\./-\./-\./-\./-\./-\./-\./-\./-\./-\./-\./-\./-\./-\./-\./-\./-\./-\./-\./-\./-\./-\./-\./-\./-\./-\./-\./-\./-\./-\./-\./-\./-\./-\./-\./-\./-\./-\./-\./-\./-\./-\./-\./-\./-\./-\./-\./-\./-\./-\./-\./-\./-\./-\./-\./-\./-\./-\./-\./-\./-\./-\./-\./-\./-\./-\./-\./-\./-\./-\./-\./-\./-\./-\./-\./-\./-\./-\./-\./-\./-\./-\./-\./-\./-\./-\./-\./-\./-\./-\./-\./-\./-\./-\./-\./-\./-\./-\./-\./-\./-\./-\./-\./-\./-\./-\./-\./-\./-\./-\./-\./-\./-\./-\./-\./-\./-\./-\./-\./-\./-\./-\./-\./-\./-\./-\./-\./-\./-\./-\./-\./-\./-\./-\./-\./-\./-\./-\./-\./-\./-\./-\./-\./-\./-\./-\./-\./-\./-\./-\./-\./-\./-\./-\./-\./-\./-\./-\./-\./-\./-\./-\./-\./-\./-\./-\./-\./-\./-\./-\./-\./-\./-\./-\./-\./-\./-\./-\./-\./-\./-\./-\./-\./-\./-\./-\./-\./-\./-\./-\./-\./-\./-\./-\./-\./-\./-\./-\./-\./-\./-\./-\./-\./-\./-\./-\./-\./-\./-\./-\./-\./-\./-\./-\./-\./-\./-\./-\./-\./-\./-\./-\./-\./-\./-\./-\./-\./-\./-\./-\./-\./-\./-\./-\./-\./-\./-\./-\./-\./-\./-\./-\./-\./-\./-\./-\./-\./-\./-\./-\./-\./-\./-\./-\./-\./-\./-\./-\./-\./-\./-\./-\./-\./-\./-\./-\./-\./-\./-\./-\./-\./-\./-\./-\./-\./-\./-\./-\./-\./-\./-\./-\./-\./-\./-\./-\./-\./-\./-\./-\./-\./-\./-\./-\./-\./-\./-\./-\./-\./-\./-\./-\./-\./-\./-\./-\./-\./-\./-\./-\./-\./-\./-\./-\./-\./-\./-\./-\./-\./-\./-\./-\./-\./-\./-\./-\./-\./-\./-\./-\./-\./-\./-\./-\./-\./-\./-\./-\./-\./-\./-\./-\./-\./-\./-\./-\./-\./-\./-\./-\./-\./-\./-\./-\./-\./-\./-\./-\./-\./-\./-\./-\./-\./-\./-\./-\./-\./-\./-\./-\./-\./-\./-\./-\./-\./-\./-\./-\./-\./-\./-\./-\./-\./-\./-\./-\./-\./-\./-\./-\./-\./-\./-\./-\./-\./-\./-\./-\./-\./-\./-\./-\./-\./-\./-\./-\./-\./-\./-\./-\./-\./-\./-\./-\./-\./-\./-\./-\./-\./-\./-\./-\./-\./-\./-\./-\./-\./-\./-\./-\./-\./-\./-\./-\./-\./-\./-\./-\./-\./-\./-\./-\./-\./-\./-\./-\./-\./-\./-\./-\./-\./-\./-\./-\./-\./-\./-\./-\./-\./-\./-\./-\./-\./-\./-\./-\./-\./-\./-\./-\./-\./-\./-\./-\./-\./-\./-\./-\./-\./-\./-\./-\./-\./-\./-\./-\./-\./-\./-\./-\./-\./-\./-\./-\./-\./-\./-\./-\./-\./-\./-\./-\./-\./-\./-\./-\./-\./-\./-\./-\./-\./-\./-\./-\./-\./-\./-\./-\./-\./-\./-\./-\./-\./-\./-\./-\./-\./-\./-\./-\./-\./-\./-\./-\./-\./-\./-\./-\./-\./-\./-\./-\./-\./-\./-\./-\./-\./-\./-\./-\./-\./-\./-\./-\./-\./-\./-\./-\./-\./-\./-\./-\./-\./-\./-\./-\./-\./-\./-\./-\./-\./-\./-\./-\./-\./-\./-\./-\./-\./-\./-\./-\./-\./-\./-\./-\./-\./-\./-\./-\./-\./-\./-\./-\./-\./-\./-\./-\./-\./-\./-\./-\./-\./-\./-\./-\./-\./-\./-\./-\./-\./-\./-\./-\./-\./-\./-\./-\./-\./-\./-\./-\./-\./-\./-\./-\./-\./-\./-\./-\./-\./-\./-\./-\./-\./-\./-\./-\./-\./-\./-\./-\./-\./-\./-\./-\./-\./-\./-\./-\./-\./-\./-\./-\./-\./-\./-\./-\./-\./-\./-\./-\./-\./-\./-\./-\./-\./-\./-\./-\./-\./-\./-\./-\./-\./-\./-\./-\./-\./-\./-\./-\./-\./-\./-\./-\./-\./-\./-\./-\./-\./-\./-\./-\./-\./-\./-\./-\./-\./-\./-\./-\./-\./-\./-\./-\./-\./-\./-\./-\./-\./-\./-\./-\./-\./-\./-\./-\./-\./-\./-\./-\./-\./-\./-\./-\./-\./-\./-\./-\./-\./-\./-\./-\./-\./-\./-\./-\./-\./-\./-\./-\./-\./-\./-\./-\./-\./-\./-\./-\./-\./-\./-\./-\./-\./-\./-\./-\./-\./-\./-\./-\./-\./-\./-\./-\./-\./-\./-\./-\./-\./-\./-\./-\./-\./-\./-\./-\./-\./-\./-\./-\./-\./-\./-\./-\./-\./-\./-\./-\./-\./-\./-\./-\./-\./-\./-\./-\./-\./-\./-\./-\./-\./-\./-\./-\./-\./-\./-\./-\./-\./-\./-\./-\./-\./-\./-\./-\./-\./-\./-\./-\./-\./-\./-\./-\./-\./-\./-\./-\./-\./-\./-\./-\./-\./-\./-\./-\./-\./-\./-\./-\./-\./-\./-\./-\./-\./-\./-\./-\./-\./-\./-\./-\./-\./-\./-\./-\./-\./-\./-\./-\./-\./-\./-\./-\./-\./-\./-\./-\./-\./-\./-\./-\./-\./-\./-\./-\./-\./-\./-\./-\./-\./-\./-\./-\./-\./-\./-\./-\./-\./-\./-\./-\./-\./-\./-\./-\./-\./-\./-\./-\./-\./-\./-\./-\./-\./-\./-\./-\./-\./-\./-\./-\./-\./-\./-\./-\./-\./-\./-\./-\./-\./-\./-\./-\./-\./-\./-\./-\./-\./-\./-\./-\./-\./-\./-\./-\./-\./-\./-\./-\./-\./-\./-\./-\./-\./-\./-\./-\./-\./-\./-\./-\./-\./-\./-\./-\./-\./-\./-\./-\./-\./-\./-\./-\./-\./-\./-\./-\./-\./-\./-\./-\./-\./-\./-\./-\./-\./-\./-\./-\./-\./-\./-\./-\./-\./-\./-\./-\./-\./-\./-\./-\./-\./-\./-\./-\./-\./-\./-\./-\./-\./-\./-\./-\./-\./-\./-\./-\./-\./-\./-\./-\./-\./-\./-\./-\./-\./-\./-\./-\./-\./-\./-\./-\./-\./-\./-\./-\./-\./-\./-\./-\./-\./-\./-\./-\./-\./-\./-\./-\./-\./-\./-\./-\./-\./-\./-\./-\./-\./-\./-\./-\./-\./-\./-\./-\./-\./-\./-\./-\./-\./-\./-\./-\./-\./-\./-\./-\./-\./-\./-\./-\./-\./-\./-\./-\./-\./-\./-\./-\./-\./-\./-\./-\./-\./-\./-\./-\./-\./-\./-\./-\./-\./-\./-\./-\./-\./-\./-\./-\./-\./-\./-\./-\./-\./-\./-\./-\./-\./-\./-\./-\./-\./-\./-\./-\./-\./-\./-\./-\./-\./-\./-\./-\./-\./-\./-\./-\./-\./-\./-\./-\./-\./-\./-\./-\./-\./-\./-\./-\./-\./-\./-\./-\./-\./-\./-\./-\./-\./-\./-\./-\./-\./-\./-\./-\./-\./-\./-\./-\./-\./-\./-\./-\./-\./-\./-\./-\./-\./-\./-\./-\./-\./-\./-\./-\./-\./-\./-\./-\./-\./-\./-\./-\./-\./-\./-\./-\./-\./-\./-\./-\./-\./-\./-\./-\./-\./-\./-\./-\./-\./-\./-\./-\./-\./-\./-\./-\./-\./-\./-\./-\./-\./-\./-\./-\./-\./-\./-\./-\./-\./-\./-\./-\./-\./-\./-\./-\./-\./-\./-\./-\./-\./-\./-\./-\./-\./-\./-\./-\./-\./-\./-\./-\./-\./-\./-\./-\./-\./-\./-\./-\./-\./-\./-\./-\./-\./-\./-\./-\./-\./-\./-\./-\./-\./-\./-\./-\./-\./-\./-\./-\./-\./-\./-\./-\./-\./-\./-\./-\./-\./-\./-\./-\./-\./-\./-\./-\./-\./-\./-\./-\./-\./-\./-\./-\./-\./-\./-\./-\./-\./-\./-\./-\./-\./-\./-\./-\./-\./-\./-\./-\./-\./-\./-\./-\./-\./-\./-\./-\./-\./-\./-\./-\./-\./-\./-\./-\./-\./-\./-\./-\./-\./-\./-\./-\./-\./-\./-\./-\./-\./-\./-\./-\./-\./-\./-\./-\./-\./-\./-\./-\./-\./-\./-\./-\./-\./-\./-\./-\./-\./-\./-\./-\./-\./-\./-\./-\./-\./-\./-\./-\./-\./-\./-\./-\./-\./-\./-\./-\./-\./-\./-\./-\./-\./-\./-\./-\./-\./-\./-\./-\./-\./-\./-\./-\./-\./-\./-\./-\./-\./-\./-\./-\./-\./-\./-\./-\./-\./-\./-\./-\./-\./-\./-\./-\./-\./-\./-\./-\./-\./-\./-\./-\./-\./-\./-\./-\./-\./-\./-\./-\./-\./-\./-\./-\./-\./-\./-\./-\./-\./-\./-\./-\./-\./-\./-\./-\./-\./-\./-\./-\./-\./-\./-\./-\./-\./-\./-\./-\./-\./-\./-\./-\./-\./-\./-\./-\./-\./-\./-\./-\./-\./-\./-\./-\./-\./-\./-\./-\./-\./-\./-\./-\./-\./-\./-\./-\./-\./-\./-\./-\./-\./-\./-\./-\./-\./-\./-\./-\./-\./-\./-\./-\./-\./-\./-\./-\./-\./-\./-\./-\./-\./-\./-\./-\./-\./-\./-\./-\./-\./-\./-\./-\./-\./-\./-\./-\./-\./-\./-\./-\./-\./-\./-\./-\./-\./-\./-\./-\./-\./-\./-\./-\./-\./-\./-\./-\./-\./-\./-\./-\./-\./-\./-\./-\./-\./-\./-\./-\./-\./-\./-\./-\./-\./-\./-\./-\./-\./-\./-\./-\./-\./-\./-\./-\./-\./-\./-\./-\./-\./-\./-\./-\./-\./-\./-\./-\./-\./-\./-\./-\./-\./-\./-\./-\./-\./-\./-\./-\./-\./-\./-\./-\./-\./-\./-\./-\./-\./-\./-\./-\./-\./-\./-\./-\./-\./-\./-\./-\./-\./-\./-\./-\./-\./-\./-\./-\./-\./-\./-\./-\./-\./-\./-\./-\./-\./-\./-\./-\./-\./-\./-\./-\./-\./-\./-\./-\./-\./-\./-\./-\./-\./-\./-\./-\./-\./-\./-\./-\./-\./-\./-\./-\./-\./-\./-\./-\./-\./-\./-\./-\./-\./-\./-\./-\./-\./-\./-\./-\./-\./-\./-\./-\./-\./-\./-\./-\./-\./-\./-\./-\./-\./-\./-\./-\./-\./-\./-\./-\./-\./-\./-\./-\./-\./-\./-\./-\./-\./-\./-\./-\./-\./-\./-\./-\./-\./-\./-\./-\./-\./-\./-\./-\./-\./-\./-\./-\./-\./-\./-\./-\./-\./-\./-\./-\./-\./-\./-\./-\./-\./-\./-\./-\./-\./-\./-\./-\./-\./-\./-\./-\./-\./-\./-\./-\./-\./-\./-\./-\./-\./-\./-\./-\./-\./-\./-\./-\./-\./-\./-\./-\./-\./-\./-\./-\./-\./-\./-\./-\./-\./-\./-\./-\./-\./-\./-\./-\./-\./-\./-\./-\./-\./-\./-\./-\./-\./-\./-\./-\./-\./-\./-\./-\./-\./-\./-\./-\./-\./-\./-\./-\./-\./-\./-\./-\./-\./-\./-\./-\./-\./-\./-\./-\./-\./-\./-\./-\./-\./-\./-\./-\./-\./-\./-\./-\./-\./-\./-\./-\./-\./-\./-\./-\./-\./-\./-\./-\./-\./-\./-\./-\./-\./-\./-\./-\./-\./-\./-\./-\./-\./-\./-\./-\./-\./-\./-\./-\./-\./-\./-\./-\./-\./-\./-\./-\./-\./-\./-\./-\./-\./-\./-\./-\./-\./-\./-\./-\./-\./-\./-\./-\./-\./-\./-\./-\./-\./-\./-\./-\./-\./-\./-\./-\./-\./-\./-\./-\./-\./-\./-\./-\./-\./-\./-\./-\./-\./-\./-\./-\./-\./-\./-\./-\./-\./-\./-\./-\./-\./-\./-\./-\./-\./-\./-\./-\./-\./-\./-\./-\./-\./-\./-\./-\./-\./-\./-\./-\./-\./-\./-\./-\./-\./-\./-\./-\./-\./-\./-\./-\./-\./-\./-\./-\./-\./-\./-\./-\./-\./-\./-\./-\./-\./-\./-\./-\./-\./-\./-\./-\./-\./-\./-\./-\./-\./-\./-\./-\./-\./-\./-\./-\./-\./-\./-\./-\./-\./-\./-\./-\./-\./-\./-\./-\./-\./-\./-\./-\./-\./-\./-\./-\./-\./-\./-\./-\./-\./-\./-\./-\./-\./-\./-\./-\./-\./-\./-\./-\./-\./-\./-\./-\./-\./-\./-\./-\./-\./-\./-\./-\./-\./-\./-\./-\./-\./-\./-\./-\./-\./-\./-\./-\./-\./-\./-\./-\./-\./-\./-\./-\./-\./-\./-\./-\./-\./-\./-\./-\./-\./-\./-\./-\./-\./-\./-\./-\./-\./-\./-\./-\./-\./-\./-\./-\./-\./-\./-\./-\./-\./-\./-\./-\./-\./-\./-\./-\./-\./-\./-\./-\./-\./-\./-\./-\./-\./-\./-\./-\./-\./-\./-\./-\./-\./-\./-\./-\./-\./-\./-\./-\./-\./-\./-\./-\./-\./-\./-\./-\./-\./-\./-\./-\./-\./-\./-\./-\./-\./-\./-\./-\./-\./-\./-\./-\./-\./-\./-\./-\./-\./-\./-\./-\./-\./-\./-\./-\./-\./-\./-\./-\./-\./-\./-\./-\./-\./-\./-\./-\./-\./-\./-\./-\./-\./-\./-\./-\./-\./-\./-\./-\./-\./-\./-\./-\./-\./-\./-\./-\./-\./-\./-\./-\./-\./-\./-\./-\./-\./-\./-\./-\./-\./-\./-\./-\./-\./-\./-\./-\./-\./-\./-\./-\./-\./-\./-\./-\./-\./-\./-\./-\./-\./-\./-\./-\./-\./-\./-\./-\./-\./-\./-\./-\./-\./-\./-\./-\./-\./-\./-\./-\./-\./-\./-\./-\./-\./-\./-\./-\./-\./-\./-\./-\./-\./-\./-\./-\./-\./-\./-\./-\./-\./-\./-\./-\./-\./-\./-\./-\./-\./-\./-\./-\./-\./-\./-\./-\./-\./-\./-\./-\./-\./-\./-\./-\./-\./-\./-\./-\./-\./-\./-\./-\./-\./-\./-\./-\./-\./-\./-\./-\./-\./-\./-\./-\./-\./-\./-\./-\./-\./-\./-\./-\./-\./-\./-\./-\./-\./-\./-\./-\./-\./-\./-\./-\./-\./-\./-\./-\./-\./-\./-\./-\./-\./-\./-\./-\./-\./-\./-\./-\./-\./-\./-\./-\./-\./-\./-\./-\./-\./-\./-\./-\./-\./-\./-\./-\./-\./-\./-\./-\./-\./-\./-\./-\./-\./-\./-\./-\./-\./-\./-\./-\./-\./-\./-\./-\./-\./-\./-\./-\./-\./-\./-\./-\./-\./-\./-\./-\./-\./-\./-\./-\./-\./-\./-\./-\./-\./-\./-\./-\./-\./-\./-\./-\./-\./-\./-\./-\./-\./-\./-\./-\./-\./-\./-\./-\./-\./-\./-\./-\./-\./-\./-\./-\./-\./-\./-\./-\./-\./-\./-\./-\./-\./-\./-\./-\./-\./-\./-\./-\./-\./-\./-\./-\./-\./-\./-\./-\./-\./-\./-\./-\./-\./-\./-\./-\./-\./-\./-\./-\./-\./-\./-\./-\./-\./-\./-\./-\./-\./-\./-\./-\./-\./-\./-\./-\./-\./-\./-\./-\./-\./-\./-\./-\./-\./-\./-\./-\./-\./-\./-\./-\./-\./-\./-\./-\./-\./-\./-\./-\./-\./-\./-\./-\./-\./-\./-\./-\./-\./-\./-\./-\./-\./-\./-\./-\./-\./-\./-\./-\./-\./-\./-\./-\./-\./-\./-\./-\./-\./-\./-\./-\./-\./-\./-\./-\./-\./-\./-\./-\./-\./-\./-\./-\./-\./-\./-\./-\./-\./-\./-\./-\./-\./-\./-\./-\./-\./-\./-\./-\./-\./-\./-\./-\./-\./-\./-\./-\./-\./-\./-\./-\./-\./-\./-\./-\./-\./-\./-\./-\./-\./-\./-\./-\./-\./-\./-\./-\./-\./-\./-\./-\./-\./-\./-\./-\./-\./-\./-\./-\./-\./-\./-\./-\./-\./-\./-\./-\./-\./-\./-\./-\./-\./-\./-\./-\./-\./-\./-\./-\./-\./-\./-\./-\./-\./-\./-\./-\./-\./-\./-\./-\./-\./-\./-\./-\./-\./-\./-\./-\./-\./-\./-\./-\./-\./-\./-\./-\./-\./-\./-\./-\./-\./-\./-\./-\./-\./-\./-\./-\./-\./-\./-\./-\./-\./-\./-\./-\./-\./-\./-\./-\./-\./-\./-\./-\./-\./-\./-\./-\./-\./-\./-\./-\./-\./-\./-\./-\./-\./-\./-\./-\./-\./-\./-\./-\./-\./-\./-\./-\./-\./-\./-\./-\./-\./-\./-\./-\./-\./-\./-\./-\./-\./-\./-\./-\./-\./-\./-\./-\./-\./-\./-\./-\./-\./-\./-\./-\./-\./-\./-\./-\./-\./-\./-\./-\./-\./-\./-\./-\./-\./-\./-\./-\./-\./-\./-\./-\./-\./-\./-\./-\./-\./-\./-\./-\./-\./-\./-\./-\./-\./-\./-\./-\./-\./-\./-\./-\./-\./-\./-\./-\./-\./-\./-\./-\./-\./-\./-\./-\./-\./-\./-\./-\./-\./-\./-\./-\./-\./-\./-\./-\./-\./-\./-\./-\./-\./-\./-\./-\./-\./-\./-\./-\./-\./-\./-\./-\./-\./-\./-\./-\./-\./-\./-\./-\./-\./-\./-\./-\./-\./-\./-\./-\./-\./-\./-\./-\./-\./-\./-\./-\./-\./-\./-\./-\./-\./-\./-\./-\./-\./-\./-\./-\./-\./-\./-\./-\./-\./-\./-\./-\./-\./-\./-\./-\./-\./-\./-\./-\./-\./-\./-\./-\./-\./-\./-\./-\./-\./-\./-\./-\./-\./-\./-\./-\./-\./-\./-\./-\./-\./-\./-\./-\./-\./-\./-\./-\./-\./-\./-\./-\./-\./-\./-\./-\./-\./-\./-\./-\./-\./-\./-\./-\./-\./-\./-\./-\./-\./-\./-\./-\./-\./-\./-\./-\./-\./-\./-\./-\./-\./-\./-\./-\./-\./-\./-\./-\./-\./-\./-\./-\./-\./-\./-\./-\./-\./-\./-\./-\./-\./-\./-\./-\./-\./-\./-\./-\./-\./-\./-\./-\./-\./-\./-\./-\./-\./-\./-\./-\./-\./-\./-\./-\./-\./-\./-\./-\./-\./-\./-\./-\./-\./-\./-\./-\./-\./-\./-\./-\./-\./-\./-\./-\./-\./-\./-\./-\./-\./-\./-\./-\./-\./-\./-\./-\./-\./-\./-\./-\./-\./-\./-\./-\./-\./-\./-\./-\./-\./-\./-\./-\./-\./-\./-\./-\./-\./-\./-\./-\./-\./-\./-\./-\./-\./-\./-\./-\./-\./-\./-\./-\./-\./-\./-\./-\./-\./-\./-\./-\./-\./-\./-\./-\./-\./-\./-\./-\./-\./-\./-\./-\./-\./-\./-\./-\./-\./-\./-\./-\./-\./-\./-\./-\./-\./-\./-\./-\./-\./-\./-\./-\./-\./-\./-\./-\./-\./-\./-\./-\./-\./-\./-\./-\./-\./-\./-\./-\./-\./-\./-\./-\./-\./-\./-\./-\./-\./-\./-\./-\./-\./-\./-\./-\./-\./-\./-\./-\./-\./-\./-\./-\./-\./-\./-\./-\./-\./-\./-\./-\./-\./-\./-\./-\./-\./-\./-\./-\./-\./-\./-\./-\./-\./-\./-\./-\./-\./-\./-\./-\./-\./-\./-\./-\./-\./-\./-\./-\./-\./-\./-\./-\./-\./-\./-\./-\./-\./-\./-\./-\./-\./-\./-\./-\./-\./-\./-\./-\./-\./-\./-\./-\./-\./-\./-\./-\./-\./-\./-\./-\./-\./-\./-\./-\./-\./-\./-\./-\./-\./-\./-\./-\./-\./-\./-\./-\./-\./-\./-\./-\./-\./-\./-\./-\./-\./-\./-\./-\./-\./-\./-\./-\./-\./-\./-\./-\./-\./-\./-\./-\./-\./-\./-\./-\./-\./-\./-\./-\./-\./-\./-\./-\./-\./-\./-\./-\./-\./-\./-\./-\./-\./-\./-\./-\./-\./-\./-\./-\./-\./-\./-\./-\./-\./-\./-\./-\./-\./-\./-\./-\./-\./-\./-\./-\./-\./-\./-\./-\./-\./-\./-\./-\./-\./-\./-\./-\./-\./-\./-\./-\./-\./-\./-\./-\./-\./-\./-\./-\./-\./-\./-\./-\./-\./-\./-\./-\./-\./-\./-\./-\./-\./-\./-\./-\./-\./-\./-\./-\./-\./-\./-\./-\./-\./-\./-\./-\./-\./-\./-\./-\./-\./-\./-\./-\./-\./-\./-\./-\./-\./-\./-\./-\./-\./-\./-\./-\./-\./-\./-\./-\./-\./-\./-\./-\./-\./-\./-\./-\./-\./-\./-\./-\./-\./-\./-\./-\./-\./-\./-\./-\./-\./-\./-\./-\./-\./-\./-\./-\./-\./-\./-\./-\./-\./-\./-\./-\./-\./-\./-\./-\./-\./-\./-\./-\./-\./-\./-\./-\./-\./-\./-\./-\./-\./-\./-\./-\./-\./-\./-\./-\./-\./-\./-\./-\./-\./-\./-\./-\./-\./-\./-\./-\./-\./-\./-\./-\./-\./-\./-\./-\./-\./-\./-\./-\./-\./-\./-\./-\./-\./-\./-\./-\./-\./-\./-\./-\./-\./-\./-\./-\./-\./-\./-\./-\./-\./-\./-\./-\./-\./-\./-\./-\./-\./-\./-\./-\./-\./-\./-\./-\./-\./-\./-\./-\./-\./-\./-\./-\./-\./-\./-\./-\./-\./-\./-\./-\./-\./-\./-\./-\./-\./-\./-\./-\./-\./-\./-\./-\./-\./-\./-\./-\./-\./-\./-\./-\./-\./-\./-\./-\./-\./-\./-\./-\./-\./-\./-\./-\./-\./-\./-\./-\./-\./-\./-\./-\./-\./-\./-\./-\./-\./-\./-\./-\./-\./-\./-\./-\./-\./-\./-\./-\./-\./-\./-\./-\./-\./-\./-\./-\./-\./-\./-\./-\./-\./-\./-\./-\./-\./-\./-\./-\./-\./-\./-\./-\./-\./-\./-\./-\./-\./-\./-\./-\./-\./-\./-\./-\./-\./-\./-\./-\./-\./-\./-\./-\./-\./-\./-\./-\./-\./-\./-\./-\./-\./-\./-\./-\./-\./-\./-\./-\./-\./-\./-\./-\./-\./-\./-\./-\./-\./-\./-\./-\./-\./-\./-\./-\./-\./-\./-\./-\./-\./-\./-\./-\./-\./-\./-\./-\./-\./-\./-\./-\./-\./-\./-\./-\./-\./-\./-\./-\./-\./-\./-\./-\./-\./-\./-\./-\./-\./-\./-\./-\./-\./-\./-\./-\./-\./-\./-\./-\./-\./-\./-\./-\./-\./-\./-\./-\./-\./-\./-\./-\./-\./-\./-\./-\./-\./-\./-\./-\./-\./-\./-\./-\./-\./-\./-\./-\./-\./-\./-\./-\./-\./-\./-\./-\./-\./-\./-\./-\./-\./-\./-\./-\./-\./-\./-\./-\./-\./-\./-\./-\./-\./-\./-\./-\./-\./-\./-\./-\./-\./-\./-\./-\./-\./-\./-\./-\./-\./-\./-\./-\./-\./-\./-\./-\./-\./-\./-\./-\./-\./-\./-\./-\./-\./-\./-\./-\./-\./-\./-\./-\./-\./-\./-\./-\./-\./-\./-\./-\./-\./-\./-\./-\./-\./-\./-\./-\./-\./-\./-\./-\./-\./-\./-\./-\./-\./-\./-\./-\./-\./-\./-\./-\./-\./-\./-\./-\./-\./-\./-\./-\./-\./-\./-\./-\./-\./-\./-\./-\./-\./-\./-\./-\./-\./-\./-\./-\./-\./-\./-\./-\./-\./-\./-\./-\./-\./-\./-\./-\./-\./-\./-\./-\./-\./-\./-\./-\./-\./-\./-\./-\./-\./-\./-\./-\./-\./-\./-\./-\./-\./-\./-\./-\./-\./-\./-\./-\./-\./-\./-\./-\./-\./-\./-\./-\./-\./-\./-\./-\./-\./-\./-\./-\./-\./-\./-\./-\./-\./-\./-\./-\./-\./-\./-\./-\./-\./-\./-\./-\./-\./-\./-\./-\./-\./-\./-\./-\./-\./-\./-\./-\./-\./-\./-\./-\./-\./-\./-\./-\./-\./-\./-\./-\./-\./-\./-\./-\./-\./-\./-\./-\./-\./-\./-\./-\./-\./-\./-\./-\./-\./-\./-\./-\./-\./-\./-\./-\./-\./-\./-\./-\./-\./-\./-\./-\./-\./-\./-\./-\./-\./-\./-\./-\./-\./-\./-\./-\./-\./-\./-\./-\./-\./-\./-\./-\./-\./-\./-\./-\./-\./-\./-\./-\./-\./-\./-\./-\./-\./-\./-\./-\./-\./-\./-\./-\./-\./-\./-\./-\./-\./-\./-\./-\./-\./-\./-\./-\./-\./-\./-\./-\./-\./-\./-\./-\./-\./-\./-\./-\./-\./-\./-\./-\./-\./-\./-\./-\./-\./-\./-\./-\./-\./-\./-\./-\./-\./-\./-\./-\./-\./-\./-\./-\./-\./-\./-\./-\./-\./-\./-\./-\./-\./-\./-\./-\./-\./-\./-\./-\./-\./-\./-\./-\./-\./-\./-\./-\./-\./-\./-\./-\./-\./-\./-\./-\./-\./-\./-\./-\./-\./-\./-\./-\./-\./-\./-\./-\./-\./-\./-\./-\./-\./-\./-\./-\./-\./-\./-\./-\./-\./-\./-\./-\./-\./-\./-\./-\./-\./-\./-\./-\./-\./-\./-\./-\./-\./-\./-\./-\./-\./-\./-\./-\./-\./-\./-\./-\./-\./-\./-\./-\./-\./-\./-\./-\./-\./-\./-\./-\./-\./-\./-\./-\./-\./-\./-\./-\./-\./-\./-\./-\./-\./-\./-\./-\./-\./-\./-\./-\./-\./-\./-\./-\./-\./-\./-\./-\./-\./-\./-\./-\./-\./-\./-\./-\./-\./-\./-\./-\./-\./-\./-\./-\./-\./-\./-\./-\./-\./-\./-\./-\./-\./-\./-\./-\./-\./-\./-\./-\./-\./-\./-\./-\./-\./-\./-\./-\./-\./-\./-\./-\./-\./-\./-\./-\./-\./-\./-\./-\./-\./-\./-\./-\./-\./-\./-\./-\./-\./-\./-\./-\./-\./-\./-\./-\./-\./-\./-\./-\./-\./-\./-\./-\./-\./-\./-\./-\./-\./-\./-\./-\./-\./-\./-\./-\./-\./-\./-\./-\./-\./-\./-\./-\./-\./-\./-\./-\./-\./-\./-\./-\./-\./-\./-\./-\./-\./-\./-\./-\./-\./-\./-\./-\./-\./-\./-\./-\./-\./-\./-\./-\./-\./-\./-\./-\./-\./-\./-\./-\./-\./-\./-\./-\./-\./-\./-\./-\./-\./-\./-\./-\./-\./-\./-\./-\./-\./-\./-\./-\./-\./-\./-\./-\./-\./-\./-\./-\./-\./-\./-\./-\./-\./-\./-\./-\./-\./-\./-\./-\./-\./-\./-\./-\./-\./-\./-\./-\./-\./-\./-\./-\./-\./-\./-\./-\./-\./-\./-\./-\./-\./-\./-\./-\./-\./-\./-\./-\./-\./-\./-\./-\./-\./-\./-\./-\./-\./-\./-\./-\./-\./-\./-\./-\./-\./-\./-\./-\./-\./-\./-\./-\./-\./-\./-\./-\./-\./-\./-\./-\./-\./-\./-\./-\./-\./-\./-\./-\./-\./-\./-\./-\./-\./-\./-\./-\./-\./-\./-\./-\./-\./-\./-\./-\./-\./-\./-\./-\./-\./-\./-\./-\./-\./-\./-\./-\./-\./-\./-\./-\./-\./-\./-\./-\./-\./-\./-\./-\./-\./-\./-\./-\./-\./-\./-\./-\./-\./-\./-\./-\./-\./-\./-\./-\./-\./-\./-\./-\./-\./-\./-\./-\./-\./-\./-\./-\./-\./-\./-\./-\./-\./-\./-\./-\./-\./-\./-\./-\./-\./-\./-\./-\./-\./-\./-\./-\./-\./-\./-\./-\./-\./-\./-\./-\./-\./-\./-\./-\./-\./-\./-\./-\./-\./-\./-\./-\./-\./-\./-\./-\./-\./-\./-\./-\./-\./-\./-\./-\./-\./-\./-\./-\./-\./-\./-\./-\./-\./-\./-\./-\./-\./-\./-\./-\./-\./-\./-\./-\./-\./-\./-\./-\./-\./-\./-\./-\./-\./-\./-\./-\./-\./-\./-\./-\./-\./-\./-\./-\./-\./-\./-\./-\./-\./-\./-\./-\./-\./-\./-\./-\./-\./-\./-\./-\./-\./-\./-\./-\./-\./-\./-\./-\./-\./-\./-\./-\./-\./-\./-\./-\./-\./-\./-\./-\./-\./-\./-\./-\./-\./-\./-\./-\./-\./-\./-\./-\./-\./-\./-\./-\./-\./-\./-\./-\./-\./-\./-\./-\./-\./-\./-\./-\./-\./-\./-\./-\./-\./-\./-\./-\./-\./-\./-\./-\./-\./-\./-\./-\./-\./-\./-\./-\./-\./-\./-\./-\./-\./-\./-\./-\./-\./-\./-\./-\./-\./-\./-\./-\./-\./-\./-\./-\./-\./-\./-\./-\./-\./-\./-\./-\./-\./-\./-\./-\./-\./-\./-\./-\./-\./-\./-\./-\./-\./-\./-\./-\./-\./-\./-\./-\./-\./-\./-\./-\./-\./-\./-\./-\./-\./-\./-\./-\./-\./-\./-\./-\./-\./-\./-\./-\./-\./-\./-\./-\./-\./-\./-\./-\./-\./-\./-\./-\./-\./-\./-\./-\./-\./-\./-\./-\./-\./-\./-\./-\./-\./-\./-\./-\./-\./-\./-\./-\./-\./-\./-\./-\./-\./-\./-\./-\./-\./-\./-\./-\./-\./-\./-\./-\./-\./-\./-\./-\./-\./-\./-\./-\./-\./-\./-\./-\./-\./-\./-\./-\./-\./-\./-\./-\./-\./-\./-\./-\./-\./-\./-\./-\./-\./-\./-\./-\./-\./-\./-\./-\./-\./-\./-\./-\./-\./-\./-\./-\./-\./-\./-\./-\./-\./-\./-\./-\./-\./-\./-\./-\./-\./-\./-\./-\./-\./-\./-\./-\./-\./-\./-\./-\./-\./-\./-\./-\./-\./-\./-\./-\./-\./-\./-\./-\./-\./-\./-\./-\./-\./-\./-\./-\./-\./-\./-\./-\./-\./-\./-\./-\./-\./-\./-\./-\./-\./-\./-\./-\./-\./-\./-\./-\./-\./-\./-\./-\./-\./-\./-\./-\./-\./-\./-\./-\./-\./-\./-\./-\./-\./-\./-\./-\./-\./-\./-\./-\./-\./-\./-\./-\./-\./-\./-\./-\./-\./-\./-\./-\./-\./-\./-\./-\./-\./-\./-\./-\./-\./-\./-\./-\./-\./-\./-\./-\./-\./-\./-\./-\./-\./-\./-\./-\./-\./-\./-\./-\./-\./-\./-\./-\./-\./-\./-\./-\./-\./-\./-\./-\./-\./-\./-\./-\./-\./-\./-\./-\./-\./-\./-\./-\./-\./-\./-\./-\./-\./-\./-\./-\./-\./-\./-\./-\./-\./-\./-\./-\./-\./-\./-\./-\./-\./-\./-\./-\./-\./-\./-\./-\./-\./-\./-\./-\./-\./-\./-\./-\./-\./-\./-\./-\./-\./-\./-\./-\./-\./-\./-\./-\./-\./-\./-\./-\./-\./-\./-\./-\./-\./-\./-\./-\./-\./-\./-\./-\./-\./-\./-\./-\./-\./-\./-\./-\./-\./-\./-\./-\./-\./-\./-\./-\./-\./-\./-\./-\./-\./-\./-\./-\./-\./-\./-\./-\./-\./-\./-\./-\./-\./-\./-\./-\./-\./-\./-\./-\./-\./-\./-\./-\./-\./-\./-\./-\./-\./-\./-\./-\./-\./-\./-\./-\./-\./-\./-\./-\./-\./-\./-\./-\./-\./-\./-\./-\./-\./-\./-\./-\./-\./-\./-\./-\./-\./-\./-\./-\./-\./-\./-\./-\./-\./-\./-\./-\./-\./-\./-\./-\./-\./-\./-\./-\./-\./-\./-\./-\./-\./-\./-\./-\./-\./-\./-\./-\./-\./-\./-\./-\./-\./-\./-\./-\./-\./-\./-\./-\./-\./-\./-\./-\./-\./-\./-\./-\./-\./-\./-\./-\./-\./-\./-\./-\./-\./-\./-\./-\./-\./-\./-\./-\./-\./-\./-\./-\./-\./-\./-\./-\./-\./-\./-\./-\./-\./-\./-\./-\./-\./-\./-\./-\./-\./-\./-\./-\./-\./-\./-\./-\./-\./-\./-\./-\./-\./-\./-\./-\./-\./-\./-\./-\./-\./-\./-\./-\./-\./-\./-\./-\./-\./-\./-\./-\./-\./-\./-\./-\./-\./-\./-\./-\./-\./-\./-\./-\./-\./-\./-\./-\./-\./-\./-\./-\./-\./-\./-\./-\./-\./-\./-\./-\./-\./-\./-\./-\./-\./-\./-\./-\./-\./-\./-\./-\./-\./-\./-\./-\./-\./-\./-\./-\./-\./-\./-\./-\./-\./-\./-\./-\./-\./-\./-\./-\./-\./-\./-\./-\./-\./-\./-\./-\./-\./-\./-\./-\./-\./-\./-\./-\./-\./-\./-\./-\./-\./-\./-\./-\./-\./-\./-\./-\./-\./-\./-\./-\./-\./-\./-\./-\./-\./-\./-\./-\./-\./-\./-\./-\./-\./-\./-\./-\./-\./-\./-\./-\./-\./-\./-\./-\./-\./-\./-\./-\./-\./-\./-\./-\./-\./-\./-\./-\./-\./-\./-\./-\./-\./-\./-\./-\./-\./-\./-\./-\./-\./-\./-\./-\./-\./-\./-\./-\./-\./-\./-\./-\./-\./-\./-\./-\./-\./-\./-\./-\./-\./-\./-\./-\./-\./-\./-\./-\./-\./-\./-\./-\./-\./-\./-\./-\./-\./-\./-\./-\./-\./-\./-\./-\./-\./-\./-\./-\./-\./-\./-\./-\./-\./-\./-\./-\./-\./-\./-\./-\./-\./-\./-\./-\./-\./-\./-\./-\./-\./-\./-\./-\./-\./-\./-\./-\./-\./-\./-\./-\./-\./-\./-\./-\./-\./-\./-\./-\./-\./-\./-\./-\./-\./-\./-\./-\./-\./-\./-\./-\./-\./-\./-\./-\./-\./-\./-\./-\./-\./-\./-\./-\./-\./-\./-\./-\./-\./-\./-\./-\./-\./-\./-\./-\./-\./-\./-\./-\./-\./-\./-\./-\./-\./-\./-\./-\./-\./-\./-\./-\./-\./-\./-\./-\./-\./-\./-\./-\./-\./-\./-\./-\./-\./-\./-\./-\./-\./-\./-\./-\./-\./-\./-\./-\./-\./-\./-\./-\./-\./-\./-\./-\./-\./-\./-\./-\./-\./-\./-\./-\./-\./-\./-\./-\./-\./-\./-\./-\./-\./-\./-\./-\./-\./-\./-\./-\./-\./-\./-\./-\./-\./-\./-\./-\./-\./-\./-\./-\./-\./-\./-\./-\./-\./-\./-\./-\./-\./-\./-\./-\./-\./-\./-\./-\./-\./-\./-\./-\./-\./-\./-\./-\./-\./-\./-\./-\./-\./-\./-\./-\./-\./-\./-\./-\./-\./-\./-\./-\./-\./-\./-\./-\./-\./-\./-\./-\./-\./-\./-\./-\./-\./-\./-\./-\./-\./-\./-\./-\./-\./-\./-\./-\./-\./-\./-\./-\./-\./-\./-\./-\./-\./-\./-\./-\./-\./-\./-\./-\./-\./-\./-\./-\./-\./-\./-\./-\./-\./-\./-\./-\./-\./-\./-\./-\./-\./-\./-\./-\./-\./-\./-\./-\./-\./-\./-\./-\./-\./-\./-\./-\./-\./-\./-\./-\./-\./-\./-\./-\./-\./-\./-\./-\./-\./-\./-\./-\./-\./-\./-\./-\./-\./-\./-\./-\./-\./-\./-\./-\./-\./-\./-\./-\./-\./-\./-\./-\./-\./-\./-\./-\./-\./-\./-\./-\./-\./-\./-\./-\./-\./-\./-\./-\./-\./-\./-\./-\./-\./-\./-\./-\./-\./-\./-\./-\./-\./-\./-\./-\./-\./-\./-\./-\./-\./-\./-\./-\./-\./-\./-\./-\./-\./-\./-\./-\./-\./-\./-\./-\./-\./-\./-\./-\./-\./-\./-\./-\./-\./-\./-\./-\./-\./-\./-\./-\./-\./-\./-\./-\./-\./-\./-\./-\./-\./-\./-\./-\./-\./-\./-\./-\./-\./-\./-\./-\./-\./-\./-\./-\./-\./-\./-\./-\./-\./-\./-\./-\./-\./-\./-\./-\./-\./-\./-\./-\./-\./-\./-\./-\./-\./-\./-\./-\./-\./-\./-\./-\./-\./-\./-\./-\./-\./-\./-\./-\./-\./-\./-\./-\./-\./-\./-\./-\./-\./-\./-\./-\./-\./-\./-\./-\./-\./-\./-\./-\./-\./-\./-\./-\./-\./-\./-\./-\./-\./-\./-\./-\./-\./-\./-\./-\./-\./-\./-\./-\./-\./-\./-\./-\./-\./-\./-\./-\./-\./-\./-\./-\./-\./-\./-\./-\./-\./-\./-\./-\./-\./-\./-\./-\./-\./-\./-\./-\./-\./-\./-\./-\./-\./-\./-\./-\./-\./-\./-\./-\./-\./-\./-\./-\./-\./-\./-\./-\./-\./-\./-\./-\./-\./-\./-\./-\./-\./-\./-\./-\./-\./-\./-\./-\./-\./-\./-\./-\./-\./-\./-\./-\./-\./-\./-\./-\./-\./-\./-\./-\./-\./-\./-\./-\./-\./-\./-\./-\./-\./-\./-\./-\./-\./-\./-\./-\./-\./-\./-\./-\./-\./-\./-\./-\./-\./-\./-\./-\./-\./-\./-\./-\./-\./-\./-\./-\./-\./-\./-\./-\./-\./-\./-\./-\./-\./-\./-\./-\./-\./-\./-\./-\./-\./-\./-\./-\./-\./-\./-\./-\./-\./-\./-\./-\./-\./-\./-\./-\./-\./-\./-\./-\./-\./-\./-\./-\./-\./-\./-\./-\./-\./-\./-\./-\./-\./-\./-\./-\./-\./-\./-\./-\./-\./-\./-\./-\./-\./-\./-\./-\./-\./-\./-\./-\./-\./-\./-\./-\./-\./-\./-\./-\./-\./-\./-\./-\./-\./-\./-\./-\./-\./-\./-\./-\./-\./-\./-\./-\./-\./-\./-\./-\./-\./-\./-\./-\./-\./-\./-\./-\./-\./-\./-\./-\./-\./-\./-\./-\./-\./-\./-\./-\./-\./-\./-\./-\./-\./-\./-\./-\./-\./-\./-\./-\./-\./-\./-\./-\./-\./-\./-\./-\./-\./-\./-\./-\./-\./-\./-\./-\./-\./-\./-\./-\./-\./-\./-\./-\./-\./-\./-\./-\./-\./-\./-\./-\./-\./-\./-\./-\./-\./-\./-\./-\./-\./-\./-\./-\./-\./-\./-\./-\./-\./-\./-\./-\./-\./-\./-\./-\./-\./-\./-\./-\./-\./-\./-\./-\./-\./-\./-\./-\./-\./-\./-\./-\./-\./-\./-\./-\./-\./-\./-\./-\./-\./-\./-\./-\./-\./-\./-\./-\./-\./-\./-\./-\./-\./-\./-\./-\./-\./-\./-\./-\./-\./-\./-\./-\./-\./-\./-\./-\./-\./-\./-\./-\./-\./-\./-\./-\./-\./-\./-\./-\./-\./-\./-\./-\./-\./-\./-\./-\./-\./-\./-\./-\./-\./-\./-\./-\./-\./-\./-\./-\./-\./-\./-\./-\./-\./-\./-\./-\./-\./-\./-\./-\./-\./-\./-\./-\./-\./-\./-\./-\./-\./-\./-\./-\./-\./-\./-\./-\./-\./-\./-\./-\./-\./-\./-\./-\./-\./-\./-\./-\./-\./-\./-\./-\./-\./-\./-\./-\./-\./-\./-\./-\./-\./-\./-\./-\./-\./-\./-\./-\./-\./-\./-\./-\./-\./-\./-\./-\./-\./-\./-\./-\./-\./-\./-\./-\./-\./-\./-\./-\./-\./-\./-\./-\./-\./-\./-\./-\./-\./-\./-\./-\./-\./-\./-\./-\./-\./-\./-\./-\./-\./-\./-\./-\./-\./-\./-\./-\./-\./-\./-\./-\./-\./-\./-\./-\./-\./-\./-\./-\./-\./-\./-\./-\./-\./-\./-\./-\./-\./-\./-\./-\./-\./-\./-\./-\./-\./-\./-\./-\./-\./-\./-\./-\./-\./-\./-\./-\./-\./-\./-\./-\./-\./-\./-\./-\./-\./-\./-\./-\./-\./-\./-\./-\./-\./-\./-\./-\./-\./-\./-\./-\./-\./-\./-\./-\./-\./-\./-\./-\./-\./-\./-\./-\./-\./-\./-\./-\./-\./-\./-\./-\./-\./-\./-\./-\./-\./-\./-\./-\./-\./-\./-\./-\./-\./-\./-\./-\./-\./-\./-\./-\./-\./-\./-\./-\./-\./-\./-\./-\./-\./-\./-\./-\./-\./-\./-\./-\./-\./-\./-\./-\./-\./-\./-\./-\./-\./-\./-\./-\./-\./-\./-\./-\./-\./-\./-\./-\./-\./-\./-\./-\./-\./-\./-\./-\./-\./-\./-\./-\./-\./-\./-\./-\./-\./-\./-\./-\./-\./-\./-\./-\./-\./-\./-\./-\./-\./-\./-\./-\./-\./-\./-\./-\./-\./-\./-\./-\./-\./-\./-\./-\./-\./-\./-\./-\./-\./-\./-\./-\./-\./-\./-\./-\./-\./-\./-\./-\./-\./-\./-\./-\./-\./-\./-\./-\./-\./-\./-\./-\./-\./-\./-\./-\./-\./-\./-\./-\./-\./-\./-\./-\./-\./-\./-\./-\./-\./-\./-\./-\./-\./-\./-\./-\./-\./-\./-\./-\./-\./-\./-\./-\./-\./-\./-\./-\./-\./-\./-\./-\./-\./-\./-\./-\./-\./-\./-\./-\./-\./-\./-\./-\./-\./-\./-\./-\./-\./-\./-\./-\./-\./-\./-\./-\./-\./-\./-\./-\./-\./-\./-\./-\./-\./-\./-\./-\./-\./-\./-\./-\./-\./-\./-\./-\./-\./-\./-\./-\./-\./-\./-\./-\./-\./-\./-\./-\./-\./-\./-\./-\./-\./-\./-\./-\./-\./-\./-\./-\./-\./-\./-\./-\./-\./-\./-\./-\./-\./-\./-\./-\./-\./-\./-\./-\./-\./-\./-\./-\./-\./-\./-\./-\./-\./-\./-\./-\./-\./-\./-\./-\./-\./-\./-\./-\./-\./-\./-\./-\./-\./-\./-\./-\./-\./-\./-\./-\./-\./-\./-\./-\./-\./-\./-\./-\./-\./-\./-\./-\./-\./-\./-\./-\./-\./-\./-\./-\./-\./-\./-\./-\./-\./-\./-\./-\./-\./-\./-\./-\./-\./-\./-\./-\./-\./-\./-\./-\./-\./-\./-\./-\./-\./-\./-\./-\./-\./-\./-\./-\./-\./-\./-\./-\./-\./-\./-\./-\./-\./-\./-\./-\./-\./-\./-\./-\./-\./-\./-\./-\./-\./-\./-\./-\./-\./-\./-\./-\./-\./-\./-\./-\./-\./-\./-\./-\./-\./-\./-\./-\./-\./-\./-\./-\./-\./-\./-\./-\./-\./-\./-\./-\./-\./-\./-\./-\./-\./-\./-\./-\./-\./-\./-\./-\./-\./-\./-\./-\./-\./-\./-\./-\./-\./-\./-\./-\./-\./-\./-\./-\./-\./-\./-\./-\./-\./-\./-\./-\./-\./-\./-\./-\./-\./-\./-\./-\./-\./-\./-\./-\./-\./-\./-\./-\./-\./-\./-\./-\./-\./-\./-\./-\./-\./-\./-\./-\./-\./-\./-\./-\./-\./-\./-\./-\./-\./-\./-\./-\./-\./-\./-\./-\./-\./-\./-\./-\./-\./-\./-\./-\./-\./-\./-\./-\./-\./-\./-\./-\./-\./-\./-\./-\./-\./-\./-\./-\./-\./-\./-\./-\./-\./-\./-\./-\./-\./-\./-\./-\./-\./-\./-\./-\./-\./-\./-\./-\./-\./-\./-\./-\./-\./-\./-\ [ [0;34mDELETED[0;0m ]
 ->/home/ovidiu/.inte/scripts ./-\./-\./-\./-\./-\./-\./-\./-\./-\./-\./-\./-\./-\./-\./-\./-\./-\./-\./-\./-\./-\./-\./-\./-\./-\./-\./-\./-\./-\./-\./-\./-\./-\./-\./-\./-\./-\./-\./-\./-\./-\./-\./-\./-\./-\./-\./-\./-\./-\./-\./-\./-\./-\./-\./-\./-\./-\./-\./-\./-\./-\./-\./-\./-\./-\./-\./-\./-\./-\./-\./-\./-\./-\./-\./-\./-\./-\./-\./-\./-\./-\./-\./-\./-\./-\./-\./-\./-\./-\./-\./-\./-\./-\./-\./-\./-\./-\./-\./-\./-\./-\./-\./-\./-\./-\./-\./-\./-\./-\./-\./-\./-\./-\./-\./-\./-\./-\./-\./-\./-\./-\./-\./-\./-\./-\./-\./-\./-\./-\./-\./-\./-\./-\./-\./-\./-\./-\./-\./-\./-\./-\./-\./-\./-\./-\./-\./-\./-\./-\./-\./-\./-\./-\./-\./-\./-\./-\./-\./-\./-\./-\./-\./-\./-\./-\./-\./-\./-\./-\./-\./-\./-\./-\./-\./-\./-\./-\./-\./-\./-\./-\./-\./-\./-\./-\./-\./-\./-\./-\./-\./-\./-\./-\./-\./-\./-\./-\./-\./-\./-\./-\./-\./-\./-\./-\./-\./-\./-\./-\./-\./-\./-\./-\./-\./-\./-\./-\./-\./-\./-\./-\./-\./-\./-\./-\./-\./-\./-\./-\./-\./-\./-\./-\./-\./-\./-\./-\./-\./-\./-\./-\./-\./-\./-\./-\./-\./-\./-\./-\./-\./-\./-\./-\./-\./-\./-\./-\./-\./-\./-\./-\./-\./-\./-\./-\./-\./-\./-\./-\./-\./-\./-\./-\./-\./-\./-\./-\./-\./-\./-\./-\./-\./-\./-\./-\./-\./-\./-\./-\./-\./-\./-\./-\./-\./-\./-\./-\./-\./-\./-\./-\./-\./-\./-\./-\./-\./-\./-\./-\./-\./-\./-\./-\./-\./-\./-\./-\./-\./-\./-\./-\./-\./-\./-\./-\./-\./-\./-\./-\./-\./-\./-\./-\./-\./-\./-\./-\./-\./-\./-\./-\./-\./-\./-\./-\./-\./-\./-\./-\./-\./-\./-\./-\./-\./-\./-\./-\./-\./-\./-\./-\./-\./-\./-\./-\./-\./-\./-\./-\./-\./-\./-\./-\./-\./-\./-\./-\./-\./-\./-\./-\./-\./-\./-\./-\./-\./-\./-\./-\./-\./-\./-\./-\./-\./-\./-\./-\./-\./-\./-\./-\./-\./-\./-\./-\./-\./-\./-\./-\./-\./-\./-\./-\./-\./-\./-\./-\./-\./-\./-\./-\./-\./-\./-\./-\./-\./-\./-\./-\./-\./-\./-\./-\./-\./-\./-\./-\./-\./-\./-\./-\./-\./-\./-\./-\./-\./-\./-\./-\./-\./-\./-\./-\./-\./-\./-\./-\./-\./-\./-\./-\./-\./-\./-\./-\./-\./-\./-\./-\./-\./-\./-\./-\./-\./-\./-\./-\./-\./-\./-\./-\./-\./-\./-\./-\./-\./-\./-\./-\./-\./-\./-\./-\./-\./-\./-\./-\./-\./-\./-\./-\./-\./-\./-\./-\./-\./-\./-\./-\./-\./-\./-\./-\./-\./-\./-\./-\./-\./-\./-\./-\./-\./-\./-\./-\./-\./-\./-\./-\./-\./-\./-\./-\./-\./-\./-\./-\./-\./-\./-\./-\./-\./-\./-\./-\./-\./-\./-\./-\./-\./-\./-\./-\./-\./-\./-\./-\./-\./-\./-\./-\./-\./-\./-\./-\./-\./-\./-\./-\./-\./-\./-\./-\./-\./-\./-\./-\./-\./-\./-\./-\./-\./-\./-\./-\./-\./-\./-\./-\./-\./-\./-\./-\./-\./-\./-\./-\./-\./-\./-\./-\./-\./-\./-\./-\./-\./-\./-\./-\./-\./-\./-\./-\./-\./-\./-\./-\./-\./-\./-\./-\./-\./-\./-\./-\./-\./-\./-\./-\./-\./-\./-\./-\./-\./-\./-\./-\./-\./-\./-\./-\./-\./-\./-\./-\./-\./-\./-\./-\./-\./-\./-\./-\./-\./-\./-\./-\./-\./-\./-\./-\./-\./-\./-\./-\./-\./-\./-\./-\./-\./-\./-\./-\./-\./-\./-\./-\./-\./-\./-\./-\./-\./-\./-\./-\./-\./-\./-\./-\./-\./-\./-\./-\./-\./-\./-\./-\./-\./-\./-\./-\./-\./-\./-\./-\./-\./-\./-\./-\./-\./-\./-\./-\./-\./-\./-\./-\./-\./-\./-\./-\./-\./-\./-\./-\./-\./-\./-\./-\./-\./-\./-\./-\./-\./-\./-\./-\./-\./-\./-\./-\./-\./-\./-\./-\./-\./-\./-\./-\./-\./-\./-\./-\./-\./-\./-\./-\./-\./-\./-\./-\./-\./-\./-\./-\./-\./-\./-\./-\./-\./-\./-\./-\./-\./-\./-\./-\./-\./-\./-\./-\./-\./-\./-\./-\./-\./-\./-\./-\./-\./-\./-\./-\./-\./-\./-\./-\./-\./-\./-\./-\./-\./-\./-\./-\./-\./-\./-\./-\./-\./-\./-\./-\./-\./-\./-\./-\./-\./-\./-\./-\./-\./-\./-\./-\./-\./-\./-\./-\./-\./-\./-\./-\./-\./-\./-\./-\./-\./-\./-\./-\./-\./-\./-\./-\./-\./-\./-\./-\./-\./-\./-\./-\./-\./-\./-\./-\./-\./-\./-\./-\./-\./-\./-\./-\./-\./-\./-\./-\./-\./-\./-\./-\./-\./-\./-\./-\./-\./-\./-\./-\./-\./-\./-\./-\./-\./-\./-\./-\./-\./-\./-\./-\./-\./-\./-\./-\./-\./-\./-\./-\./-\./-\./-\./-\./-\./-\./-\./-\./-\./-\./-\./-\./-\./-\./-\./-\./-\./-\./-\./-\./-\./-\./-\./-\./-\./-\./-\./-\./-\./-\./-\./-\./-\./-\./-\./-\./-\./-\./-\./-\./-\./-\./-\./-\./-\./-\./-\./-\./-\./-\./-\./-\./-\./-\./-\./-\./-\./-\./-\./-\./-\./-\./-\./-\./-\./-\./-\./-\./-\./-\./-\./-\./-\./-\./-\./-\./-\./-\./-\./-\./-\./-\./-\./-\./-\./-\./-\./-\./-\./-\./-\./-\./-\./-\./-\./-\./-\./-\./-\./-\./-\./-\./-\./-\./-\./-\./-\./-\./-\./-\./-\./-\./-\./-\./-\./-\./-\./-\./-\./-\./-\./-\./-\./-\./-\./-\./-\./-\./-\./-\./-\./-\./-\./-\./-\./-\./-\./-\./-\./-\./-\./-\./-\./-\./-\./-\./-\./-\./-\./-\./-\./-\./-\./-\./-\./-\./-\./-\./-\./-\./-\./-\./-\./-\./-\./-\./-\./-\./-\./-\./-\./-\./-\./-\./-\./-\./-\./-\./-\./-\./-\./-\./-\./-\./-\./-\./-\./-\./-\./-\./-\./-\./-\./-\./-\./-\./-\./-\./-\./-\./-\./-\./-\./-\./-\./-\./-\./-\./-\./-\./-\./-\./-\./-\./-\./-\./-\./-\./-\./-\./-\./-\./-\./-\./-\./-\./-\./-\./-\./-\./-\./-\./-\./-\./-\./-\./-\./-\./-\./-\./-\./-\./-\./-\./-\./-\./-\./-\./-\./-\./-\./-\./-\./-\./-\./-\./-\./-\./-\./-\./-\./-\./-\./-\./-\./-\./-\./-\./-\./-\./-\./-\./-\./-\./-\./-\./-\./-\./-\./-\./-\./-\./-\./-\./-\./-\./-\./-\./-\./-\./-\./-\./-\./-\./-\./-\./-\./-\./-\./-\./-\./-\./-\./-\./-\./-\./-\./-\./-\./-\./-\./-\./-\./-\./-\./-\./-\./-\./-\./-\./-\./-\./-\./-\./-\./-\./-\./-\./-\./-\./-\./-\./-\./-\./-\./-\./-\./-\./-\./-\./-\./-\./-\./-\./-\./-\./-\./-\./-\./-\./-\./-\./-\./-\./-\./-\./-\./-\./-\./-\./-\./-\./-\./-\./-\./-\./-\./-\./-\./-\./-\./-\./-\./-\./-\./-\./-\./-\./-\./-\./-\./-\./-\./-\./-\./-\./-\./-\./-\./-\./-\./-\./-\./-\./-\./-\./-\./-\./-\./-\./-\./-\./-\./-\./-\./-\./-\./-\./-\./-\./-\./-\./-\./-\./-\./-\./-\./-\./-\./-\./-\./-\./-\./-\./-\./-\./-\./-\./-\./-\./-\./-\./-\./-\./-\./-\./-\./-\./-\./-\./-\./-\./-\./-\./-\./-\./-\./-\./-\./-\./-\./-\./-\./-\./-\./-\./-\./-\./-\./-\./-\./-\./-\./-\./-\./-\./-\./-\./-\./-\./-\./-\./-\./-\./-\./-\./-\./-\./-\./-\./-\./-\./-\./-\./-\./-\./-\./-\./-\./-\./-\./-\./-\./-\./-\./-\./-\./-\./-\./-\./-\./-\./-\./-\./-\./-\./-\./-\./-\./-\./-\./-\./-\./-\./-\./-\./-\./-\./-\./-\./-\./-\./-\./-\./-\./-\./-\./-\./-\./-\./-\./-\./-\./-\./-\./-\./-\./-\./-\./-\./-\./-\./-\./-\./-\./-\./-\./-\./-\./-\./-\./-\./-\./-\./-\./-\./-\./-\./-\./-\./-\./-\./-\./-\./-\./-\./-\./-\./-\./-\./-\./-\./-\./-\./-\./-\./-\./-\./-\./-\./-\./-\./-\./-\./-\./-\./-\./-\./-\./-\./-\./-\./-\./-\./-\./-\./-\./-\./-\./-\./-\./-\./-\./-\./-\./-\./-\./-\./-\./-\./-\./-\./-\./-\./-\./-\./-\./-\./-\./-\./-\./-\./-\./-\./-\./-\./-\./-\./-\./-\./-\./-\./-\./-\./-\./-\./-\./-\./-\./-\./-\./-\./-\./-\./-\./-\./-\./-\./-\./-\./-\./-\./-\./-\./-\./-\./-\./-\./-\./-\./-\./-\./-\./-\./-\./-\./-\./-\./-\./-\./-\./-\./-\./-\./-\./-\./-\./-\./-\./-\./-\./-\./-\./-\./-\./-\./-\./-\./-\./-\./-\./-\./-\./-\./-\./-\./-\./-\./-\./-\./-\./-\./-\./-\./-\./-\./-\./-\./-\./-\./-\./-\./-\./-\./-\./-\./-\./-\./-\./-\./-\./-\./-\./-\./-\./-\./-\./-\./-\./-\./-\./-\./-\./-\./-\./-\./-\./-\./-\./-\./-\./-\./-\./-\./-\./-\./-\./-\./-\./-\./-\./-\./-\./-\./-\./-\./-\./-\./-\./-\./-\./-\./-\./-\./-\./-\./-\./-\./-\./-\./-\./-\./-\./-\./-\./-\./-\./-\./-\./-\./-\./-\./-\./-\./-\./-\./-\./-\./-\./-\./-\./-\./-\./-\./-\./-\./-\./-\./-\./-\./-\./-\./-\./-\./-\./-\./-\./-\./-\./-\./-\./-\./-\./-\./-\./-\./-\./-\./-\./-\./-\./-\./-\./-\./-\./-\./-\./-\./-\./-\./-\./-\./-\./-\./-\./-\./-\./-\./-\./-\./-\./-\./-\./-\./-\./-\./-\./-\./-\./-\./-\./-\./-\./-\./-\./-\./-\./-\./-\./-\./-\./-\./-\./-\./-\./-\./-\./-\./-\./-\./-\./-\./-\./-\./-\./-\./-\./-\./-\./-\./-\./-\./-\./-\./-\./-\./-\./-\./-\./-\./-\./-\./-\./-\./-\./-\./-\./-\./-\./-\./-\./-\./-\./-\./-\./-\./-\./-\./-\./-\./-\./-\./-\./-\./-\./-\./-\./-\./-\./-\./-\./-\./-\./-\./-\./-\./-\./-\./-\./-\./-\./-\./-\./-\./-\./-\./-\./-\./-\./-\./-\./-\./-\./-\./-\./-\./-\./-\./-\./-\./-\./-\./-\./-\./-\./-\./-\./-\./-\./-\./-\./-\./-\./-\./-\./-\./-\./-\./-\./-\./-\./-\./-\./-\./-\./-\./-\./-\./-\./-\./-\./-\./-\./-\./-\./-\./-\./-\./-\./-\./-\./-\./-\./-\./-\./-\./-\./-\./-\./-\./-\./-\./-\./-\./-\./-\./-\./-\./-\./-\./-\./-\./-\./-\./-\./-\./-\./-\./-\./-\./-\./-\./-\./-\./-\./-\./-\./-\./-\./-\./-\./-\./-\./-\./-\./-\./-\./-\./-\./-\./-\./-\./-\./-\./-\./-\./-\./-\./-\./-\./-\./-\./-\./-\./-\./-\./-\./-\./-\./-\./-\./-\./-\./-\./-\./-\./-\./-\./-\./-\./-\./-\./-\./-\./-\./-\./-\./-\./-\./-\./-\./-\./-\./-\./-\./-\./-\./-\./-\./-\./-\./-\./-\./-\./-\./-\./-\./-\./-\./-\./-\./-\./-\./-\./-\./-\./-\./-\./-\./-\./-\./-\./-\./-\./-\./-\./-\./-\./-\./-\./-\./-\./-\./-\./-\./-\./-\./-\./-\./-\./-\./-\./-\./-\./-\./-\./-\./-\./-\./-\./-\./-\./-\./-\./-\./-\./-\./-\./-\./-\./-\./-\./-\./-\./-\./-\./-\./-\./-\./-\./-\./-\./-\./-\./-\./-\./-\./-\./-\./-\./-\./-\./-\./-\./-\./-\./-\./-\./-\./-\./-\./-\./-\./-\./-\./-\./-\./-\./-\./-\./-\./-\./-\./-\./-\./-\./-\./-\./-\./-\./-\./-\./-\./-\./-\./-\./-\./-\./-\./-\./-\./-\./-\./-\./-\./-\./-\./-\./-\./-\./-\./-\./-\./-\./-\./-\./-\./-\./-\./-\./-\./-\./-\./-\./-\./-\./-\./-\./-\./-\./-\./-\./-\./-\./-\./-\./-\./-\./-\./-\./-\./-\./-\./-\./-\./-\./-\./-\./-\./-\./-\./-\./-\./-\./-\./-\./-\./-\./-\./-\./-\./-\./-\./-\./-\./-\./-\./-\./-\./-\./-\./-\./-\./-\./-\./-\./-\./-\./-\./-\./-\./-\./-\./-\./-\./-\./-\./-\./-\./-\./-\./-\./-\./-\./-\./-\./-\./-\./-\./-\./-\./-\./-\./-\./-\./-\./-\./-\./-\./-\./-\./-\./-\./-\./-\./-\./-\./-\./-\./-\./-\./-\./-\./-\./-\./-\./-\./-\./-\./-\./-\./-\./-\./-\./-\./-\./-\./-\./-\./-\./-\./-\./-\./-\./-\./-\./-\./-\./-\./-\./-\./-\./-\./-\./-\./-\./-\./-\./-\./-\./-\./-\./-\./-\./-\./-\./-\./-\./-\./-\./-\./-\./-\./-\./-\./-\./-\./-\./-\./-\./-\./-\./-\./-\./-\./-\./-\./-\./-\./-\./-\./-\./-\./-\./-\./-\./-\./-\./-\./-\./-\./-\./-\./-\./-\./-\./-\./-\./-\./-\./-\./-\./-\./-\./-\./-\./-\./-\./-\./-\./-\./-\./-\./-\./-\./-\./-\./-\./-\./-\./-\./-\./-\./-\./-\./-\./-\./-\./-\./-\./-\./-\./-\./-\./-\./-\./-\./-\./-\./-\./-\./-\./-\./-\./-\./-\./-\./-\./-\./-\./-\./-\./-\./-\./-\./-\./-\./-\./-\./-\./-\./-\./-\./-\./-\./-\./-\./-\./-\./-\./-\./-\./-\./-\./-\./-\./-\./-\./-\./-\./-\./-\./-\./-\./-\./-\./-\./-\./-\./-\./-\./-\./-\./-\./-\./-\./-\./-\./-\./-\./-\./-\./-\./-\./-\./-\./-\./-\./-\./-\./-\./-\./-\./-\./-\./-\./-\./-\./-\./-\./-\./-\./-\./-\./-\./-\./-\./-\./-\./-\./-\./-\./-\./-\./-\./-\./-\./-\./-\./-\./-\./-\./-\./-\./-\./-\./-\./-\./-\./-\./-\./-\./-\./-\./-\./-\./-\./-\./-\./-\./-\./-\./-\./-\./-\./-\./-\./-\./-\./-\./-\./-\./-\./-\./-\./-\./-\./-\./-\./-\./-\./-\./-\./-\./-\./-\./-\./-\./-\./-\./-\./-\./-\./-\./-\./-\./-\./-\./-\./-\./-\./-\./-\./-\./-\./-\./-\./-\./-\./-\./-\./-\./-\./-\./-\./-\./-\./-\./-\./-\./-\./-\./-\./-\./-\./-\./-\./-\./-\./-\./-\./-\./-\./-\./-\./-\./-\./-\./-\./-\./-\./-\./-\./-\./-\./-\./-\./-\./-\./-\./-\./-\./-\./-\./-\./-\./-\./-\./-\./-\./-\./-\./-\./-\./-\./-\./-\./-\./-\./-\./-\./-\./-\./-\./-\./-\./-\./-\./-\./-\./-\./-\./-\./-\./-\./-\./-\./-\./-\./-\./-\./-\./-\./-\./-\./-\./-\./-\./-\./-\./-\./-\./-\./-\./-\./-\./-\./-\./-\./-\./-\./-\./-\./-\./-\./-\./-\./-\./-\./-\./-\./-\./-\./-\./-\./-\./-\./-\./-\./-\./-\./-\./-\./-\./-\./-\./-\./-\./-\./-\./-\./-\./-\./-\./-\./-\./-\./-\./-\./-\./-\./-\./-\./-\./-\./-\./-\./-\./-\./-\./-\./-\./-\./-\./-\./-\./-\./-\./-\./-\./-\./-\./-\./-\./-\./-\./-\./-\./-\./-\./-\./-\./-\./-\./-\./-\./-\./-\./-\./-\./-\./-\./-\./-\./-\./-\./-\./-\./-\./-\./-\./-\./-\./-\./-\./-\./-\./-\./-\./-\./-\./-\./-\./-\./-\./-\./-\./-\./-\./-\./-\./-\./-\./-\./-\./-\./-\./-\./-\./-\./-\./-\./-\./-\./-\./-\./-\./-\./-\./-\./-\./-\./-\./-\./-\./-\./-\./-\./-\./-\./-\./-\./-\./-\./-\./-\./-\./-\./-\./-\./-\./-\./-\./-\./-\./-\./-\./-\./-\./-\./-\./-\./-\./-\./-\./-\./-\./-\./-\./-\./-\./-\./-\./-\./-\./-\./-\./-\./-\./-\./-\./-\./-\./-\./-\./-\./-\./-\./-\./-\./-\./-\./-\./-\./-\./-\./-\./-\./-\./-\./-\./-\./-\./-\./-\./-\./-\./-\./-\./-\./-\./-\./-\./-\./-\./-\./-\./-\./-\./-\./-\./-\./-\./-\./-\./-\./-\./-\./-\./-\./-\./-\./-\./-\./-\./-\./-\./-\./-\./-\./-\./-\./-\./-\./-\./-\./-\./-\./-\./-\./-\./-\./-\./-\./-\./-\./-\./-\./-\./-\./-\./-\./-\./-\./-\./-\./-\./-\./-\./-\./-\./-\./-\./-\./-\./-\./-\./-\./-\./-\./-\./-\./-\./-\./-\./-\./-\./-\./-\./-\./-\./-\./-\./-\./-\./-\./-\./-\./-\./-\./-\./-\./-\./-\./-\./-\./-\./-\./-\./-\./-\./-\./-\./-\./-\./-\./-\./-\./-\./-\./-\./-\./-\./-\./-\./-\./-\./-\./-\./-\./-\./-\./-\./-\./-\./-\./-\./-\./-\./-\./-\./-\./-\./-\./-\./-\./-\./-\./-\./-\./-\./-\./-\./-\./-\./-\./-\./-\./-\./-\./-\./-\./-\./-\./-\./-\./-\./-\./-\./-\./-\./-\./-\./-\./-\./-\./-\./-\./-\./-\./-\./-\./-\./-\./-\./-\./-\./-\./-\./-\./-\./-\./-\./-\./-\./-\./-\./-\./-\./-\./-\./-\./-\./-\./-\./-\./-\./-\./-\./-\./-\./-\./-\./-\./-\./-\./-\./-\./-\./-\./-\./-\./-\./-\./-\./-\./-\./-\./-\./-\./-\./-\./-\./-\./-\./-\./-\./-\./-\./-\./-\./-\./-\./-\./-\./-\./-\./-\./-\./-\./-\./-\./-\./-\./-\./-\./-\./-\./-\./-\./-\./-\./-\./-\./-\./-\./-\./-\./-\./-\./-\./-\./-\./-\./-\./-\./-\./-\./-\./-\./-\./-\./-\./-\./-\./-\./-\./-\./-\./-\./-\./-\./-\./-\./-\./-\./-\./-\./-\./-\./-\./-\./-\./-\./-\./-\./-\./-\./-\./-\./-\./-\./-\./-\./-\./-\./-\./-\./-\./-\./-\./-\./-\./-\./-\./-\./-\./-\./-\./-\./-\./-\./-\./-\./-\./-\./-\./-\./-\./-\./-\./-\./-\./-\./-\./-\./-\./-\./-\./-\./-\./-\./-\./-\./-\./-\./-\./-\./-\./-\./-\./-\./-\./-\./-\./-\./-\./-\./-\./-\./-\./-\./-\./-\./-\./-\./-\./-\./-\./-\./-\./-\./-\./-\./-\./-\./-\./-\./-\./-\./-\./-\./-\./-\./-\./-\./-\./-\./-\./-\./-\./-\./-\./-\./-\./-\./-\./-\./-\./-\./-\./-\./-\./-\./-\./-\./-\./-\./-\./-\./-\./-\./-\./-\./-\./-\./-\./-\./-\./-\./-\./-\./-\./-\./-\./-\./-\./-\./-\./-\./-\./-\./-\./-\./-\./-\./-\./-\./-\./-\./-\./-\./-\./-\./-\./-\./-\./-\./-\./-\./-\./-\./-\./-\./-\./-\./-\./-\./-\./-\./-\./-\./-\./-\./-\./-\./-\./-\./-\./-\./-\./-\./-\./-\./-\./-\./-\./-\./-\./-\./-\./-\./-\./-\./-\./-\./-\./-\./-\./-\./-\./-\./-\./-\./-\./-\./-\./-\./-\./-\./-\./-\./-\./-\./-\./-\./-\./-\./-\./-\./-\./-\./-\./-\./-\./-\./-\./-\./-\./-\./-\./-\./-\./-\./-\./-\./-\./-\./-\./-\./-\./-\./-\./-\./-\./-\./-\./-\./-\./-\./-\./-\./-\./-\./-\./-\./-\./-\./-\./-\./-\./-\./-\./-\./-\./-\./-\./-\./-\./-\./-\./-\./-\./-\./-\./-\./-\./-\./-\./-\./-\./-\./-\./-\./-\./-\./-\./-\./-\./-\./-\./-\./-\./-\./-\./-\./-\./-\./-\./-\./-\./-\./-\./-\./-\./-\./-\./-\./-\./-\./-\./-\./-\./-\./-\./-\./-\./-\./-\./-\./-\./-\./-\./-\./-\./-\./-\./-\./-\./-\./-\./-\./-\./-\./-\./-\./-\./-\./-\./-\./-\./-\./-\./-\./-\./-\./-\./-\./-\./-\./-\./-\./-\./-\./-\./-\./-\./-\./-\./-\./-\./-\./-\./-\./-\./-\./-\./-\./-\./-\./-\./-\./-\./-\./-\./-\./-\./-\./-\./-\./-\./-\./-\./-\./-\./-\./-\./-\./-\./-\./-\./-\./-\./-\./-\./-\./-\./-\./-\./-\./-\./-\./-\./-\./-\./-\./-\./-\./-\./-\./-\./-\./-\./-\./-\./-\./-\./-\./-\./-\./-\./-\./-\./-\./-\./-\./-\./-\./-\./-\./-\./-\./-\./-\./-\./-\./-\./-\./-\./-\./-\./-\./-\./-\./-\./-\./-\./-\./-\./-\./-\./-\./-\./-\./-\./-\./-\./-\./-\./-\./-\./-\./-\./-\./-\./-\./-\./-\./-\./-\./-\./-\./-\./-\./-\./-\./-\./-\./-\./-\./-\./-\./-\./-\./-\./-\./-\./-\./-\./-\./-\./-\./-\./-\./-\./-\./-\./-\./-\./-\./-\./-\./-\./-\./-\./-\./-\./-\./-\./-\./-\./-\./-\./-\./-\./-\./-\./-\./-\./-\./-\./-\./-\./-\./-\./-\./-\./-\./-\./-\./-\./-\./-\./-\./-\./-\./-\./-\./-\./-\./-\./-\./-\./-\./-\./-\./-\./-\./-\./-\./-\./-\./-\./-\./-\./-\./-\./-\./-\./-\./-\./-\./-\./-\./-\./-\./-\./-\./-\./-\./-\./-\./-\./-\./-\./-\./-\./-\./-\./-\./-\./-\./-\./-\./-\./-\./-\./-\./-\./-\./-\./-\./-\./-\./-\./-\./-\./-\./-\./-\./-\./-\./-\./-\./-\./-\./-\./-\./-\./-\./-\./-\./-\./-\./-\./-\./-\./-\./-\./-\./-\./-\./-\./-\./-\./-\./-\./-\./-\./-\./-\./-\./-\./-\./-\./-\./-\./-\./-\./-\./-\./-\./-\./-\./-\./-\./-\./-\./-\./-\./-\./-\./-\./-\./-\./-\./-\./-\./-\./-\./-\./-\./-\./-\./-\./-\./-\./-\./-\./-\./-\./-\./-\./-\./-\./-\./-\./-\./-\./-\./-\./-\./-\./-\./-\./-\./-\./-\./-\./-\./-\./-\./-\./-\./-\./-\./-\./-\./-\./-\./-\./-\./-\./-\./-\./-\./-\./-\./-\./-\./-\./-\./-\./-\./-\./-\./-\./-\./-\./-\./-\./-\./-\./-\./-\./-\./-\./-\./-\./-\./-\./-\./-\./-\./-\./-\./-\./-\./-\./-\./-\./-\./-\./-\./-\./-\./-\./-\./-\./-\./-\./-\./-\./-\./-\./-\./-\./-\./-\./-\./-\./-\./-\./-\./-\./-\./-\./-\./-\./-\./-\./-\./-\./-\./-\./-\./-\./-\./-\./-\./-\./-\./-\./-\./-\./-\./-\./-\./-\./-\./-\./-\./-\./-\./-\./-\./-\./-\./-\./-\./-\./-\./-\./-\./-\./-\./-\./-\./-\./-\./-\./-\./-\./-\./-\./-\./-\./-\./-\./-\./-\./-\./-\./-\./-\./-\./-\./-\./-\./-\./-\./-\./-\./-\./-\./-\./-\./-\./-\./-\./-\./-\./-\./-\./-\./-\./-\./-\./-\./-\./-\./-\./-\./-\./-\./-\./-\./-\./-\./-\./-\./-\./-\./-\./-\./-\./-\./-\./-\./-\./-\./-\./-\./-\./-\./-\./-\./-\./-\./-\./-\./-\./-\./-\./-\./-\./-\./-\./-\./-\./-\./-\./-\./-\./-\./-\./-\./-\./-\./-\./-\./-\./-\./-\./-\./-\./-\./-\./-\./-\./-\./-\./-\./-\./-\./-\./-\./-\./-\./-\./-\./-\./-\./-\./-\./-\./-\./-\./-\./-\./-\./-\./-\./-\./-\./-\./-\./-\./-\./-\./-\./-\./-\./-\./-\./-\./-\./-\./-\./-\./-\./-\./-\./-\./-\./-\./-\./-\./-\./-\./-\./-\./-\./-\./-\./-\./-\./-\./-\./-\./-\./-\./-\./-\./-\./-\./-\./-\./-\./-\./-\./-\./-\./-\./-\./-\./-\./-\./-\./-\./-\./-\./-\./-\./-\./-\./-\./-\./-\./-\./-\./-\./-\./-\./-\./-\./-\./-\./-\./-\./-\./-\./-\./-\./-\./-\./-\./-\./-\./-\./-\./-\./-\./-\./-\./-\./-\./-\./-\./-\./-\./-\./-\./-\./-\./-\./-\./-\./-\./-\./-\./-\./-\./-\./-\./-\./-\./-\./-\./-\./-\./-\./-\./-\./-\./-\./-\./-\./-\./-\./-\./-\./-\./-\./-\./-\./-\./-\./-\./-\./-\./-\./-\./-\./-\./-\./-\./-\./-\./-\./-\./-\./-\./-\./-\./-\./-\./-\./-\./-\./-\./-\./-\./-\./-\./-\./-\./-\./-\./-\./-\./-\./-\./-\./-\./-\./-\./-\./-\./-\./-\./-\./-\./-\./-\./-\./-\./-\./-\./-\./-\./-\./-\./-\./-\./-\./-\./-\./-\./-\./-\./-\./-\./-\./-\./-\./-\./-\./-\./-\./-\./-\./-\./-\./-\./-\./-\./-\./-\./-\./-\./-\./-\./-\./-\./-\./-\./-\./-\./-\./-\./-\./-\./-\./-\./-\./-\./-\./-\./-\./-\./-\./-\./-\./-\./-\./-\./-\./-\./-\./-\./-\./-\./-\./-\./-\./-\./-\./-\./-\./-\./-\./-\./-\./-\./-\./-\./-\./-\./-\./-\./-\./-\./-\./-\./-\./-\./-\./-\./-\./-\./-\./-\./-\./-\./-\./-\./-\./-\./-\./-\./-\./-\./-\./-\./-\./-\./-\./-\./-\./-\./-\./-\./-\./-\./-\./-\./-\./-\./-\./-\./-\./-\./-\./-\./-\./-\./-\./-\./-\./-\./-\./-\./-\./-\./-\./-\./-\./-\./-\./-\./-\./-\./-\./-\./-\./-\./-\./-\./-\./-\./-\./-\./-\./-\./-\./-\./-\./-\./-\./-\./-\./-\./-\./-\./-\./-\./-\./-\./-\./-\./-\./-\./-\./-\./-\./-\./-\./-\./-\./-\./-\./-\./-\./-\./-\./-\./-\./-\./-\./-\./-\./-\./-\./-\./-\./-\./-\./-\./-\./-\./-\./-\./-\./-\./-\./-\./-\./-\./-\./-\./-\./-\./-\./-\./-\./-\./-\./-\./-\./-\./-\./-\./-\./-\./-\./-\./-\./-\./-\./-\./-\./-\./-\./-\./-\./-\./-\./-\./-\./-\./-\./-\./-\./-\./-\./-\./-\./-\./-\./-\./-\./-\./-\./-\./-\./-\./-\./-\./-\./-\./-\./-\./-\./-\./-\./-\./-\./-\./-\./-\./-\./-\./-\./-\./-\./-\./-\./-\./-\./-\./-\./-\./-\./-\./-\./-\./-\./-\./-\./-\./-\./-\./-\./-\./-\./-\./-\./-\./-\./-\./-\./-\./-\./-\./-\./-\./-\./-\./-\./-\./-\./-\./-\./-\./-\./-\./-\./-\./-\./-\./-\./-\./-\./-\./-\./-\./-\./-\./-\./-\./-\./-\./-\./-\./-\./-\./-\./-\./-\./-\./-\./-\./-\./-\./-\./-\./-\./-\./-\./-\./-\./-\./-\./-\./-\./-\./-\./-\./-\./-\./-\./-\./-\./-\./-\./-\./-\./-\./-\./-\./-\./-\./-\./-\./-\./-\./-\./-\./-\./-\./-\./-\./-\./-\./-\./-\./-\./-\./-\./-\./-\./-\./-\./-\./-\./-\./-\./-\./-\./-\./-\./-\./-\./-\./-\./-\./-\./-\./-\./-\./-\./-\./-\./-\./-\./-\./-\./-\./-\./-\./-\./-\./-\./-\./-\./-\./-\./-\./-\./-\./-\./-\./-\./-\./-\./-\./-\./-\./-\./-\./-\./-\./-\./-\./-\./-\./-\./-\./-\./-\./-\./-\./-\./-\./-\./-\./-\./-\./-\./-\./-\./-\./-\./-\./-\./-\./-\./-\./-\./-\./-\./-\./-\./-\./-\./-\./-\./-\./-\./-\./-\./-\./-\./-\./-\./-\./-\./-\./-\./-\./-\./-\./-\./-\./-\./-\./-\./-\./-\./-\./-\./-\./-\./-\./-\./-\./-\./-\./-\./-\./-\./-\./-\./-\./-\./-\./-\./-\./-\./-\./-\./-\./-\./-\./-\./-\./-\./-\./-\./-\./-\./-\./-\./-\./-\./-\./-\./-\./-\./-\./-\./-\./-\./-\./-\./-\./-\./-\./-\./-\./-\./-\./-\./-\./-\./-\./-\./-\./-\./-\./-\./-\./-\./-\./-\./-\./-\./-\./-\./-\./-\./-\./-\./-\./-\./-\./-\./-\./-\./-\./-\./-\./-\./-\./-\./-\./-\./-\./-\./-\./-\./-\./-\./-\./-\./-\./-\./-\./-\./-\./-\./-\./-\./-\./-\./-\./-\./-\./-\./-\./-\./-\./-\./-\./-\./-\./-\./-\./-\./-\./-\./-\./-\./-\./-\./-\./-\./-\./-\./-\./-\./-\./-\./-\./-\./-\./-\./-\./-\./-\./-\./-\./-\./-\./-\./-\./-\./-\./-\./-\./-\./-\./-\./-\./-\./-\./-\./-\./-\./-\./-\./-\./-\./-\./-\./-\./-\./-\./-\./-\./-\./-\./-\./-\./-\./-\./-\./-\./-\./-\./-\./-\./-\./-\./-\./-\./-\./-\./-\./-\./-\./-\./-\./-\./-\./-\./-\./-\./-\./-\./-\./-\./-\./-\./-\./-\./-\./-\./-\./-\./-\./-\./-\./-\./-\./-\./-\./-\./-\./-\./-\./-\./-\./-\./-\./-\./-\./-\./-\./-\./-\./-\./-\./-\./-\./-\./-\./-\./-\./-\./-\./-\./-\./-\./-\./-\./-\./-\./-\./-\./-\./-\./-\./-\./-\./-\./-\./-\./-\./-\./-\./-\./-\./-\./-\./-\./-\./-\./-\./-\./-\./-\./-\./-\./-\./-\./-\./-\./-\./-\./-\./-\./-\./-\./-\./-\./-\./-\./-\./-\./-\./-\./-\./-\./-\./-\./-\./-\./-\./-\./-\./-\./-\./-\./-\./-\./-\./-\./-\./-\./-\./-\./-\./-\./-\./-\./-\./-\./-\./-\./-\./-\./-\./-\./-\./-\./-\./-\./-\./-\./-\./-\./-\./-\./-\./-\./-\./-\./-\./-\./-\./-\./-\./-\./-\./-\./-\./-\./-\./-\./-\./-\./-\./-\./-\./-\./-\./-\./-\./-\./-\./-\./-\./-\./-\./-\./-\./-\./-\./-\./-\./-\./-\./-\./-\./-\./-\./-\./-\./-\./-\./-\./-\./-\./-\./-\./-\./-\./-\./-\./-\./-\./-\./-\./-\./-\./-\./-\./-\./-\./-\./-\./-\./-\./-\./-\./-\./-\./-\./-\./-\./-\./-\./-\./-\./-\./-\./-\./-\./-\./-\./-\./-\./-\./-\./-\./-\./-\./-\./-\./-\./-\./-\./-\./-\./-\./-\./-\./-\./-\./-\./-\./-\./-\./-\./-\./-\./-\./-\./-\./-\./-\./-\./-\./-\./-\./-\./-\./-\./-\./-\./-\./-\./-\./-\./-\./-\./-\./-\./-\./-\./-\./-\./-\./-\./-\./-\./-\./-\./-\./-\./-\./-\./-\./-\./-\./-\./-\./-\./-\./-\./-\./-\./-\./-\./-\./-\./-\./-\./-\./-\./-\./-\./-\./-\./-\./-\./-\./-\./-\./-\./-\./-\./-\./-\./-\./-\./-\./-\./-\./-\./-\./-\./-\./-\./-\./-\./-\./-\./-\./-\./-\./-\./-\./-\./-\./-\./-\./-\./-\./-\./-\./-\./-\./-\./-\./-\./-\./-\./-\./-\./-\./-\./-\./-\./-\./-\./-\./-\./-\./-\./-\./-\./-\./-\./-\./-\./-\./-\./-\./-\./-\./-\./-\./-\./-\./-\./-\./-\./-\./-\./-\./-\./-\./-\./-\./-\./-\./-\./-\./-\./-\./-\./-\./-\./-\./-\./-\./-\./-\./-\./-\./-\./-\./-\./-\./-\./-\./-\./-\./-\./-\./-\./-\./-\./-\./-\./-\./-\./-\./-\./-\./-\./-\./-\./-\./-\./-\./-\./-\./-\./-\./-\./-\./-\./-\./-\./-\./-\./-\./-\./-\./-\./-\./-\./-\./-\./-\./-\./-\./-\./-\./-\./-\./-\./-\./-\./-\./-\./-\./-\./-\./-\./-\./-\./-\./-\./-\./-\./-\./-\./-\./-\./-\./-\./-\./-\./-\./-\./-\./-\./-\./-\./-\./-\./-\./-\./-\./-\./-\./-\./-\./-\./-\./-\./-\./-\./-\./-\./-\./-\./-\./-\./-\./-\./-\./-\./-\./-\./-\./-\./-\./-\./-\./-\./-\./-\./-\./-\./-\./-\./-\./-\./-\./-\./-\./-\./-\./-\./-\./-\./-\./-\./-\./-\./-\./-\./-\./-\./-\./-\./-\./-\./-\./-\./-\./-\./-\./-\./-\./-\./-\./-\./-\./-\./-\./-\./-\./-\./-\./-\./-\./-\./-\./-\./-\./-\./-\./-\./-\./-\./-\./-\./-\./-\./-\./-\./-\./-\./-\./-\./-\./-\./-\./-\./-\./-\./-\./-\./-\./-\./-\./-\./-\./-\./-\./-\./-\./-\./-\./-\./-\./-\./-\./-\./-\./-\./-\./-\./-\./-\./-\./-\./-\./-\./-\./-\./-\./-\./-\./-\./-\./-\./-\./-\./-\./-\./-\./-\./-\./-\./-\./-\./-\./-\./-\./-\./-\./-\./-\./-\./-\./-\./-\./-\./-\./-\./-\./-\./-\./-\./-\./-\./-\./-\./-\./-\./-\./-\./-\./-\./-\./-\./-\./-\./-\./-\./-\./-\./-\./-\./-\./-\./-\./-\./-\./-\./-\./-\./-\./-\./-\./-\./-\./-\./-\./-\./-\./-\./-\./-\./-\./-\./-\./-\./-\./-\./-\./-\./-\./-\./-\./-\./-\./-\./-\./-\./-\./-\./-\./-\./-\./-\./-\./-\./-\./-\./-\./-\./-\./-\./-\./-\./-\./-\./-\./-\./-\./-\./-\./-\./-\./-\./-\./-\./-\./-\./-\./-\./-\./-\./-\./-\./-\./-\./-\./-\./-\./-\./-\./-\./-\./-\./-\./-\./-\./-\./-\./-\./-\./-\./-\./-\./-\./-\./-\./-\./-\./-\./-\./-\./-\./-\./-\./-\./-\./-\./-\./-\./-\./-\./-\./-\./-\./-\./-\./-\./-\./-\./-\./-\./-\./-\./-\./-\./-\./-\./-\./-\./-\./-\./-\./-\./-\./-\./-\./-\./-\./-\./-\./-\./-\./-\./-\./-\./-\./-\./-\./-\./-\./-\./-\./-\./-\./-\./-\./-\./-\./-\./-\./-\./-\./-\./-\./-\./-\./-\./-\./-\./-\./-\./-\./-\./-\./-\./-\./-\./-\./-\./-\./-\./-\./-\./-\./-\./-\./-\./-\./-\./-\./-\./-\./-\./-\./-\./-\./-\./-\./-\./-\./-\./-\./-\./-\./-\./-\./-\./-\./-\./-\./-\./-\./-\./-\./-\./-\./-\./-\./-\./-\./-\./-\./-\./-\./-\./-\./-\./-\./-\./-\./-\./-\./-\./-\./-\./-\./-\./-\./-\./-\./-\./-\./-\./-\./-\./-\./-\./-\./-\./-\./-\./-\./-\./-\./-\./-\./-\./-\./-\./-\./-\./-\./-\./-\./-\./-\./-\./-\./-\./-\./-\./-\./-\./-\./-\./-\./-\./-\./-\./-\./-\./-\./-\./-\./-\./-\./-\./-\./-\./-\./-\./-\./-\./-\./-\./-\./-\./-\./-\./-\./-\./-\./-\./-\./-\./-\./-\./-\./-\./-\./-\./-\./-\./-\./-\./-\./-\./-\./-\./-\./-\./-\./-\./-\./-\./-\./-\./-\./-\./-\./-\./-\./-\./-\./-\./-\./-\./-\./-\./-\./-\./-\./-\./-\./-\./-\./-\./-\./-\./-\./-\./-\./-\./-\./-\./-\./-\./-\./-\./-\./-\./-\./-\./-\./-\./-\./-\./-\./-\./-\./-\./-\./-\./-\./-\./-\./-\./-\./-\./-\./-\./-\./-\./-\./-\./-\./-\./-\./-\./-\./-\./-\./-\./-\./-\./-\./-\./-\./-\./-\./-\./-\./-\./-\./-\./-\./-\./-\./-\./-\./-\./-\./-\./-\./-\./-\./-\./-\./-\./-\./-\./-\./-\./-\./-\./-\./-\./-\./-\./-\./-\./-\./-\./-\./-\./-\./-\./-\./-\./-\./-\./-\./-\./-\./-\./-\./-\./-\./-\./-\./-\./-\./-\./-\./-\./-\./-\./-\./-\./-\./-\./-\./-\./-\./-\./-\./-\./-\./-\./-\./-\./-\./-\./-\./-\./-\./-\./-\./-\./-\./-\./-\./-\./-\./-\./-\./-\./-\./-\./-\./-\./-\./-\./-\./-\./-\./-\./-\./-\./-\./-\./-\./-\./-\./-\./-\./-\./-\./-\./-\./-\./-\./-\./-\./-\./-\./-\./-\./-\./-\./-\./-\./-\./-\./-\./-\./-\./-\./-\./-\./-\./-\./-\./-\./-\./-\./-\./-\./-\./-\./-\./-\./-\./-\./-\./-\./-\./-\./-\./-\./-\./-\./-\./-\./-\./-\./-\./-\./-\./-\./-\./-\./-\./-\./-\./-\./-\./-\./-\./-\./-\./-\./-\./-\./-\./-\./-\./-\./-\./-\./-\./-\./-\./-\./-\./-\./-\./-\./-\./-\./-\./-\./-\./-\./-\./-\./-\./-\./-\./-\./-\./-\./-\./-\./-\./-\./-\./-\./-\./-\./-\./-\./-\./-\./-\./-\./-\./-\./-\./-\./-\./-\./-\./-\./-\./-\./-\./-\./-\./-\./-\./-\./-\./-\./-\./-\./-\./-\./-\./-\./-\./-\./-\./-\./-\./-\./-\./-\./-\./-\./-\./-\./-\./-\./-\./-\./-\./-\./-\./-\./-\./-\./-\./-\./-\./-\./-\./-\./-\./-\./-\./-\./-\./-\./-\./-\./-\./-\./-\./-\./-\./-\./-\./-\./-\./-\./-\./-\./-\./-\./-\./-\./-\./-\./-\./-\./-\./-\./-\./-\./-\./-\./-\./-\./-\./-\./-\./-\./-\./-\./-\./-\./-\./-\./-\./-\./-\./-\./-\./-\./-\./-\./-\./-\./-\./-\./-\./-\./-\./-\./-\./-\./-\./-\./-\./-\./-\./-\./-\./-\./-\./-\./-\./-\./-\./-\./-\./-\./-\./-\./-\./-\./-\./-\./-\./-\./-\./-\./-\./-\./-\./-\./-\./-\./-\./-\./-\./-\./-\./-\./-\./-\./-\./-\./-\./-\./-\./-\./-\./-\./-\./-\./-\./-\./-\./-\./-\./-\./-\./-\./-\./-\./-\./-\./-\./-\./-\./-\./-\./-\./-\./-\./-\./-\./-\./-\./-\./-\./-\./-\./-\./-\./-\./-\./-\./-\./-\./-\./-\./-\./-\./-\./-\./-\./-\./-\./-\./-\./-\./-\./-\./-\./-\./-\./-\./-\./-\./-\./-\./-\./-\./-\./-\./-\./-\./-\./-\./-\./-\./-\./-\./-\./-\./-\./-\./-\./-\./-\./-\./-\./-\./-\./-\./-\./-\./-\./-\./-\./-\./-\./-\./-\./-\./-\./-\./-\./-\./-\./-\./-\./-\./-\./-\./-\./-\./-\./-\./-\./-\./-\./-\./-\./-\./-\./-\./-\./-\./-\./-\./-\./-\./-\./-\./-\./-\./-\./-\./-\./-\./-\./-\./-\./-\./-\./-\./-\./-\./-\./-\./-\./-\./-\./-\./-\./-\./-\./-\./-\./-\./-\./-\./-\./-\./-\./-\./-\./-\./-\./-\./-\./-\./-\./-\./-\./-\./-\./-\./-\./-\./-\./-\./-\./-\./-\./-\./-\./-\./-\./-\./-\./-\./-\./-\./-\./-\./-\./-\./-\./-\./-\./-\./-\./-\./-\./-\./-\./-\./-\./-\./-\./-\./-\./-\./-\./-\./-\./-\./-\./-\./-\./-\./-\./-\./-\./-\./-\./-\./-\./-\./-\./-\./-\./-\./-\./-\./-\./-\./-\./-\./-\./-\./-\./-\./-\./-\./-\./-\./-\./-\./-\./-\./-\./-\./-\./-\./-\./-\./-\./-\./-\./-\./-\./-\./-\./-\./-\./-\./-\./-\./-\./-\./-\./-\./-\./-\./-\./-\./-\./-\./-\./-\./-\./-\./-\./-\./-\./-\./-\./-\./-\./-\./-\./-\./-\./-\./-\./-\./-\./-\./-\./-\./-\./-\./-\./-\./-\./-\./-\./-\./-\./-\./-\./-\./-\./-\./-\./-\./-\./-\./-\./-\./-\./-\./-\./-\./-\./-\./-\./-\./-\./-\./-\./-\./-\./-\./-\./-\./-\./-\./-\./-\./-\./-\./-\./-\./-\./-\./-\./-\./-\./-\./-\./-\./-\./-\./-\./-\./-\./-\./-\./-\./-\./-\./-\./-\./-\./-\./-\./-\./-\./-\./-\./-\./-\./-\./-\./-\./-\./-\./-\./-\./-\./-\./-\./-\./-\./-\./-\./-\./-\./-\./-\./-\./-\./-\./-\./-\./-\./-\./-\./-\./-\./-\./-\./-\./-\./-\./-\./-\./-\./-\./-\./-\./-\./-\./-\./-\./-\./-\./-\./-\./-\./-\./-\./-\./-\./-\./-\./-\./-\./-\./-\./-\./-\./-\./-\./-\./-\./-\./-\./-\./-\./-\./-\./-\./-\./-\./-\./-\./-\./-\./-\./-\./-\./-\./-\./-\./-\./-\./-\./-\./-\./-\./-\./-\./-\./-\./-\./-\./-\./-\./-\./-\./-\./-\./-\./-\./-\./-\./-\./-\./-\./-\./-\./-\./-\./-\./-\./-\./-\./-\./-\./-\./-\./-\./-\./-\./-\./-\./-\./-\./-\./-\./-\./-\./-\./-\./-\./-\./-\./-\./-\./-\./-\./-\./-\./-\./-\./-\./-\./-\./-\./-\./-\./-\./-\./-\./-\./-\./-\./-\./-\./-\./-\./-\./-\./-\./-\./-\./-\./-\./-\./-\./-\./-\./-\./-\./-\./-\./-\./-\./-\./-\./-\./-\./-\./-\./-\./-\./-\./-\./-\./-\./-\./-\./-\./-\./-\./-\./-\./-\./-\./-\./-\./-\./-\./-\./-\./-\./-\./-\./-\./-\./-\./-\./-\./-\./-\./-\./-\./-\./-\./-\./-\./-\./-\./-\./-\./-\./-\./-\./-\./-\./-\./-\./-\./-\./-\./-\./-\./-\./-\./-\./-\./-\./-\./-\./-\./-\./-\./-\./-\./-\./-\./-\./-\./-\./-\./-\./-\./-\./-\./-\./-\./-\./-\./-\./-\./-\./-\./-\./-\./-\./-\./-\./-\./-\./-\./-\./-\./-\./-\./-\./-\./-\./-\./-\./-\./-\./-\./-\./-\./-\./-\./-\./-\./-\./-\./-\./-\./-\./-\./-\./-\./-\./-\./-\./-\./-\./-\./-\./-\./-\./-\./-\./-\./-\./-\./-\./-\./-\./-\./-\./-\./-\./-\./-\./-\./-\./-\./-\./-\./-\./-\./-\./-\./-\./-\./-\./-\./-\./-\./-\./-\./-\./-\./-\./-\./-\./-\./-\./-\./-\./-\./-\./-\./-\./-\./-\./-\./-\./-\./-\./-\./-\./-\./-\./-\./-\./-\./-\./-\./-\./-\./-\./-\./-\./-\./-\./-\./-\./-\./-\./-\./-\./-\./-\./-\./-\./-\./-\./-\./-\./-\./-\./-\./-\./-\./-\./-\./-\./-\./-\./-\./-\./-\./-\./-\./-\./-\./-\./-\./-\./-\./-\./-\./-\./-\./-\./-\./-\./-\./-\./-\./-\./-\./-\./-\./-\./-\./-\./-\./-\./-\./-\./-\./-\./-\./-\./-\./-\./-\./-\./-\./-\./-\./-\./-\./-\./-\./-\./-\./-\./-\./-\./-\./-\./-\./-\./-\./-\./-\./-\./-\./-\./-\./-\./-\./-\./-\./-\./-\./-\./-\./-\./-\./-\./-\./-\./-\./-\./-\./-\./-\./-\./-\./-\./-\./-\./-\./-\./-\./-\./-\./-\./-\./-\./-\./-\./-\./-\./-\./-\./-\./-\./-\./-\./-\./-\./-\./-\./-\./-\./-\./-\./-\./-\./-\./-\./-\./-\./-\./-\./-\./-\./-\./-\./-\./-\./-\./-\./-\./-\./-\./-\./-\./-\./-\./-\./-\./-\./-\./-\./-\./-\./-\./-\./-\./-\./-\./-\./-\./-\./-\./-\./-\./-\./-\./-\./-\./-\./-\./-\./-\./-\./-\./-\./-\./-\./-\./-\./-\./-\./-\./-\./-\./-\./-\./-\./-\./-\./-\./-\./-\./-\./-\./-\./-\./-\./-\./-\./-\./-\./-\./-\./-\./-\./-\./-\./-\./-\./-\./-\./-\./-\./-\./-\./-\./-\./-\./-\./-\./-\./-\./-\./-\./-\./-\./-\./-\./-\./-\./-\./-\./-\./-\./-\./-\./-\./-\./-\./-\./-\./-\./-\./-\./-\./-\./-\./-\./-\./-\./-\./-\./-\./-\./-\./-\./-\./-\./-\./-\./-\./-\./-\./-\./-\./-\./-\./-\./-\./-\./-\./-\./-\./-\./-\./-\./-\./-\./-\./-\./-\./-\./-\./-\./-\./-\./-\./-\./-\./-\./-\./-\./-\./-\./-\./-\./-\./-\./-\./-\./-\./-\./-\./-\./-\./-\./-\./-\./-\./-\./-\./-\./-\./-\./-\./-\./-\./-\./-\./-\./-\./-\./-\./-\./-\./-\./-\./-\./-\./-\./-\./-\./-\./-\./-\./-\./-\./-\./-\./-\./-\./-\./-\./-\./-\./-\./-\./-\./-\./-\./-\./-\./-\./-\./-\./-\./-\./-\./-\./-\./-\./-\./-\./-\./-\./-\./-\./-\./-\./-\./-\./-\./-\./-\./-\./-\./-\./-\./-\./-\./-\./-\./-\./-\./-\./-\./-\./-\./-\./-\./-\./-\./-\./-\./-\./-\./-\./-\./-\./-\./-\./-\./-\./-\./-\./-\./-\./-\./-\./-\./-\./-\./-\./-\./-\./-\./-\./-\./-\./-\./-\./-\./-\./-\./-\./-\./-\./-\./-\./-\./-\./-\./-\./-\./-\./-\./-\./-\./-\./-\./-\./-\./-\./-\./-\./-\./-\./-\./-\./-\./-\./-\./-\./-\./-\./-\./-\./-\./-\./-\./-\./-\./-\./-\./-\./-\./-\./-\./-\./-\./-\./-\./-\./-\./-\./-\./-\./-\./-\./-\./-\./-\./-\./-\./-\./-\./-\./-\./-\./-\./-\./-\./-\./-\./-\./-\./-\./-\./-\./-\./-\./-\./-\./-\./-\./-\./-\./-\./-\./-\./-\./-\./-\./-\./-\./-\./-\./-\./-\./-\./-\./-\./-\./-\./-\./-\./-\./-\./-\./-\./-\./-\./-\./-\./-\./-\./-\./-\./-\./-\./-\./-\./-\./-\./-\./-\./-\./-\./-\./-\./-\./-\./-\./-\./-\./-\./-\./-\./-\./-\./-\./-\./-\./-\./-\./-\./-\./-\./-\./-\./-\./-\./-\./-\./-\./-\./-\./-\./-\./-\./-\./-\./-\./-\./-\./-\./-\./-\./-\./-\./-\./-\./-\./-\./-\./-\./-\./-\./-\./-\./-\./-\./-\./-\./-\./-\./-\./-\./-\./-\./-\./-\./-\./-\./-\./-\./-\./-\./-\./-\./-\./-\./-\./-\./-\./-\./-\./-\./-\./-\./-\./-\./-\./-\./-\./-\./-\./-\./-\./-\./-\./-\./-\./-\./-\./-\./-\./-\./-\./-\./-\./-\./-\./-\./-\./-\./-\./-\./-\./-\./-\./-\./-\./-\./-\./-\./-\./-\./-\./-\./-\./-\./-\./-\./-\./-\./-\./-\./-\./-\./-\./-\./-\./-\./-\./-\./-\./-\./-\./-\./-\./-\./-\./-\./-\./-\./-\./-\./-\./-\./-\./-\./-\./-\./-\./-\./-\./-\./-\./-\./-\./-\./-\./-\./-\./-\./-\./-\./-\./-\./-\./-\./-\./-\./-\./-\./-\./-\./-\./-\./-\./-\./-\./-\./-\./-\./-\./-\./-\./-\./-\./-\./-\./-\./-\./-\./-\./-\./-\./-\./-\./-\./-\./-\./-\./-\./-\./-\./-\./-\./-\./-\./-\./-\./-\./-\./-\./-\./-\./-\./-\./-\./-\./-\./-\./-\./-\./-\./-\./-\./-\./-\./-\./-\./-\./-\./-\./-\./-\./-\./-\./-\./-\./-\./-\./-\./-\./-\./-\./-\./-\./-\./-\./-\./-\./-\./-\./-\./-\./-\./-\./-\./-\./-\./-\./-\./-\./-\./-\./-\./-\./-\./-\./-\./-\./-\./-\./-\./-\./-\./-\./-\./-\./-\./-\./-\./-\./-\./-\./-\./-\./-\./-\./-\./-\./-\./-\./-\./-\./-\./-\./-\./-\./-\./-\./-\./-\./-\./-\./-\./-\./-\./-\./-\./-\./-\./-\./-\./-\./-\./-\./-\./-\./-\./-\./-\./-\./-\./-\./-\./-\./-\./-\./-\./-\./-\./-\./-\./-\./-\./-\./-\./-\./-\./-\./-\./-\./-\./-\./-\./-\./-\./-\./-\./-\./-\./-\./-\./-\./-\./-\./-\./-\./-\./-\./-\./-\./-\./-\./-\./-\./-\./-\./-\./-\./-\./-\./-\./-\./-\./-\./-\./-\./-\./-\./-\./-\./-\./-\./-\./-\./-\./-\./-\./-\./-\./-\./-\./-\./-\./-\./-\./-\./-\./-\./-\./-\./-\./-\./-\./-\./-\./-\./-\./-\./-\./-\./-\./-\./-\./-\./-\./-\./-\./-\./-\./-\./-\./-\./-\./-\./-\./-\./-\./-\./-\./-\./-\./-\./-\./-\./-\./-\./-\./-\./-\./-\./-\./-\./-\./-\./-\./-\./-\./-\./-\./-\./-\./-\./-\./-\./-\./-\./-\./-\./-\./-\./-\./-\./-\./-\./-\./-\./-\./-\./-\./-\./-\./-\./-\./-\./-\./-\./-\./-\./-\./-\./-\./-\./-\./-\./-\./-\./-\./-\./-\./-\./-\./-\./-\./-\./-\./-\./-\./-\./-\./-\./-\./-\./-\./-\./-\./-\./-\./-\./-\./-\./-\./-\./-\./-\./-\./-\./-\./-\./-\./-\./-\./-\./-\./-\./-\./-\./-\./-\./-\./-\./-\./-\./-\./-\./-\./-\./-\./-\./-\./-\./-\./-\./-\./-\./-\./-\./-\./-\./-\./-\./-\./-\./-\./-\./-\./-\./-\./-\./-\./-\./-\./-\./-\./-\./-\./-\./-\./-\./-\./-\./-\./-\./-\./-\./-\./-\./-\./-\./-\./-\./-\./-\./-\./-\./-\./-\./-\./-\./-\./-\./-\./-\./-\./-\./-\./-\./-\./-\./-\./-\./-\./-\./-\./-\./-\./-\./-\./-\./-\./-\./-\./-\./-\./-\./-\./-\./-\./-\./-\./-\./-\./-\./-\./-\./-\./-\./-\./-\./-\./-\./-\./-\./-\./-\./-\./-\./-\./-\./-\./-\./-\./-\./-\./-\./-\./-\./-\./-\./-\./-\./-\./-\./-\./-\./-\./-\./-\./-\./-\./-\./-\./-\./-\./-\./-\./-\./-\./-\./-\./-\./-\./-\./-\./-\./-\./-\./-\./-\./-\./-\./-\./-\./-\./-\./-\./-\./-\./-\./-\./-\./-\./-\./-\./-\./-\./-\./-\./-\./-\./-\./-\./-\./-\./-\./-\./-\./-\./-\./-\./-\./-\./-\./-\./-\./-\./-\./-\./-\./-\./-\./-\./-\./-\./-\./-\./-\./-\./-\./-\./-\./-\./-\./-\./-\./-\./-\./-\./-\./-\./-\./-\./-\./-\./-\./-\./-\./-\./-\./-\./-\./-\./-\./-\./-\./-\./-\./-\./-\./-\./-\./-\./-\./-\./-\./-\./-\./-\./-\./-\./-\./-\./-\./-\./-\./-\./-\./-\./-\./-\./-\./-\./-\./-\./-\./-\./-\./-\./-\./-\./-\./-\./-\./-\./-\./-\./-\./-\./-\./-\./-\./-\./-\./-\./-\./-\./-\./-\./-\./-\./-\./-\./-\./-\./-\./-\./-\./-\./-\./-\./-\./-\./-\./-\./-\./-\./-\./-\./-\./-\./-\./-\./-\./-\./-\./-\./-\./-\./-\./-\./-\./-\./-\./-\./-\./-\./-\./-\./-\./-\./-\./-\./-\./-\./-\./-\./-\./-\./-\./-\./-\./-\./-\./-\./-\./-\./-\./-\./-\./-\./-\./-\./-\./-\./-\./-\./-\./-\./-\./-\./-\./-\./-\./-\./-\./-\./-\./-\./-\./-\./-\./-\./-\./-\./-\./-\./-\./-\./-\./-\./-\./-\./-\./-\./-\./-\./-\./-\./-\./-\./-\./-\./-\./-\./-\./-\./-\./-\./-\./-\./-\./-\./-\./-\./-\./-\./-\./-\./-\./-\./-\./-\./-\./-\./-\./-\./-\./-\./-\./-\./-\./-\./-\./-\./-\./-\./-\./-\./-\./-\./-\./-\./-\./-\./-\./-\./-\./-\./-\./-\./-\./-\./-\./-\./-\./-\./-\./-\./-\./-\./-\./-\./-\./-\./-\./-\./-\./-\./-\./-\./-\./-\./-\./-\./-\./-\./-\./-\./-\./-\./-\./-\./-\./-\./-\./-\./-\./-\./-\./-\./-\./-\./-\./-\./-\./-\./-\./-\./-\./-\./-\./-\./-\./-\./-\./-\./-\./-\./-\./-\./-\./-\./-\./-\./-\./-\./-\./-\./-\./-\./-\./-\./-\./-\./-\./-\./-\./-\./-\./-\./-\./-\./-\./-\./-\./-\./-\./-\./-\./-\./-\./-\./-\./-\./-\./-\./-\./-\./-\./-\./-\./-\./-\./-\./-\./-\./-\./-\./-\./-\./-\./-\./-\./-\./-\./-\./-\./-\./-\./-\./-\./-\./-\./-\./-\./-\./-\./-\./-\./-\./-\./-\./-\./-\./-\./-\./-\./-\./-\./-\./-\./-\./-\./-\./-\./-\./-\./-\./-\./-\./-\./-\./-\./-\./-\./-\./-\./-\./-\./-\./-\./-\./-\./-\./-\./-\./-\./-\./-\./-\./-\./-\./-\./-\./-\./-\./-\./-\./-\./-\./-\./-\./-\./-\./-\./-\./-\./-\./-\./-\./-\./-\./-\./-\./-\./-\./-\./-\./-\./-\./-\./-\./-\./-\./-\./-\./-\./-\./-\./-\./-\./-\./-\./-\./-\./-\./-\./-\./-\./-\./-\./-\./-\./-\./-\./-\./-\./-\./-\./-\./-\./-\./-\./-\./-\./-\./-\./-\./-\./-\./-\./-\./-\./-\./-\./-\./-\./-\./-\./-\./-\./-\./-\./-\./-\./-\./-\./-\./-\./-\./-\./-\./-\./-\./-\./-\./-\./-\./-\./-\./-\./-\./-\./-\./-\./-\./-\./-\./-\./-\./-\./-\./-\./-\./-\./-\./-\./-\./-\./-\./-\./-\./-\./-\./-\./-\./-\./-\./-\./-\./-\./-\./-\./-\./-\./-\./-\./-\./-\./-\./-\./-\./-\./-\./-\./-\./-\./-\./-\./-\./-\./-\./-\./-\./-\./-\./-\./-\./-\./-\./-\./-\./-\./-\./-\./-\./-\./-\./-\./-\./-\./-\./-\./-\./-\./-\./-\./-\./-\./-\./-\./-\./-\./-\./-\./-\./-\./-\./-\./-\./-\./-\./-\./-\./-\./-\./-\./-\./-\./-\./-\./-\./-\./-\./-\./-\./-\./-\./-\./-\./-\./-\./-\./-\./-\./-\./-\./-\./-\./-\./-\./-\./-\./-\./-\./-\./-\./-\./-\./-\./-\./-\./-\./-\./-\./-\./-\./-\./-\./-\./-\./-\./-\./-\./-\./-\./-\./-\./-\./-\./-\./-\./-\./-\./-\./-\./-\./-\./-\./-\./-\./-\./-\./-\./-\./-\./-\./-\./-\./-\./-\./-\./-\./-\./-\./-\./-\./-\./-\./-\./-\./-\./-\./-\./-\./-\./-\./-\./-\./-\./-\./-\./-\./-\./-\./-\./-\./-\./-\./-\./-\./-\./-\./-\./-\./-\./-\./-\./-\./-\./-\./-\./-\./-\./-\./-\./-\./-\./-\./-\./-\./-\./-\./-\./-\./-\./-\./-\./-\./-\./-\./-\./-\./-\./-\./-\./-\./-\./-\./-\./-\./-\./-\./-\./-\./-\./-\./-\./-\./-\./-\./-\./-\./-\./-\./-\./-\./-\./-\./-\./-\./-\./-\./-\./-\./-\./-\./-\./-\./-\./-\./-\./-\./-\./-\./-\./-\./-\./-\./-\./-\./-\./-\./-\./-\./-\./-\./-\./-\./-\./-\./-\./-\./-\./-\./-\./-\./-\./-\./-\./-\./-\./-\./-\./-\./-\./-\./-\./-\./-\./-\./-\./-\./-\./-\./-\./-\./-\./-\./-\./-\./-\./-\./-\./-\./-\./-\./-\./-\./-\./-\./-\./-\./-\./-\./-\./-\./-\./-\./-\./-\./-\./-\./-\./-\./-\./-\./-\./-\./-\./-\./-\./-\./-\./-\./-\./-\./-\./-\./-\./-\./-\./-\./-\./-\./-\./-\./-\./-\./-\./-\./-\./-\./-\./-\./-\./-\./-\./-\./-\./-\./-\./-\./-\./-\./-\./-\./-\./-\./-\./-\./-\./-\./-\./-\./-\./-\./-\./-\./-\./-\./-\./-\./-\./-\./-\./-\./-\./-\./-\./-\./-\./-\./-\./-\./-\./-\./-\./-\./-\./-\./-\./-\./-\./-\./-\./-\./-\./-\./-\./-\./-\./-\./-\./-\./-\./-\./-\./-\./-\./-\./-\./-\./-\./-\./-\./-\./-\./-\./-\./-\./-\./-\./-\./-\./-\./-\./-\./-\./-\./-\./-\./-\./-\./-\./-\./-\./-\./-\./-\./-\./-\./-\./-\./-\./-\./-\./-\./-\./-\./-\./-\./-\./-\./-\./-\./-\./-\./-\./-\./-\./-\./-\./-\./-\./-\./-\./-\./-\./-\./-\./-\./-\./-\./-\./-\./-\./-\./-\./-\./-\./-\./-\./-\./-\./-\./-\./-\./-\./-\./-\./-\./-\./-\./-\./-\./-\./-\./-\./-\./-\./-\./-\./-\./-\./-\./-\./-\./-\./-\./-\./-\./-\./-\./-\./-\./-\./-\./-\./-\./-\./-\./-\./-\./-\./-\./-\./-\./-\./-\./-\./-\./-\./-\./-\./-\./-\./-\./-\./-\./-\./-\./-\./-\./-\./-\./-\./-\./-\./-\./-\./-\./-\./-\./-\./-\./-\./-\./-\./-\./-\./-\./-\./-\./-\./-\./-\./-\./-\./-\./-\./-\./-\./-\./-\./-\./-\./-\./-\./-\./-\./-\./-\./-\./-\./-\./-\./-\./-\./-\./-\./-\./-\./-\./-\./-\./-\./-\./-\./-\./-\./-\./-\./-\./-\./-\./-\./-\./-\./-\./-\./-\./-\./-\./-\./-\./-\./-\./-\./-\./-\./-\./-\./-\./-\./-\./-\./-\./-\./-\./-\./-\./-\./-\./-\./-\./-\./-\./-\./-\./-\./-\./-\./-\./-\./-\./-\./-\./-\./-\./-\./-\./-\./-\./-\./-\./-\./-\./-\./-\./-\./-\./-\./-\./-\./-\./-\./-\./-\./-\./-\./-\./-\./-\./-\./-\./-\./-\./-\./-\./-\./-\./-\./-\./-\./-\./-\./-\./-\./-\./-\./-\./-\./-\./-\./-\./-\./-\./-\./-\./-\./-\./-\./-\./-\./-\./-\./-\./-\./-\./-\./-\./-\./-\./-\./-\./-\./-\./-\./-\./-\./-\./-\./-\./-\./-\./-\./-\./-\./-\./-\./-\./-\./-\./-\./-\./-\./-\./-\./-\./-\./-\./-\./-\./-\./-\./-\./-\./-\./-\./-\./-\./-\./-\./-\./-\./-\./-\./-\./-\./-\./-\./-\./-\./-\./-\./-\./-\./-\./-\./-\./-\./-\./-\./-\./-\./-\./-\./-\./-\./-\./-\./-\./-\./-\./-\./-\./-\./-\./-\./-\./-\./-\./-\./-\./-\./-\./-\./-\./-\./-\./-\./-\./-\./-\./-\./-\./-\./-\./-\./-\./-\./-\./-\./-\./-\./-\./-\./-\./-\./-\./-\./-\./-\./-\./-\./-\./-\./-\./-\./-\./-\./-\./-\./-\./-\./-\./-\./-\./-\./-\./-\./-\./-\./-\./-\./-\./-\./-\./-\./-\./-\./-\./-\./-\./-\./-\./-\./-\./-\./-\./-\./-\./-\./-\./-\./-\./-\./-\./-\./-\./-\./-\./-\./-\./-\./-\./-\./-\./-\./-\./-\./-\./-\./-\./-\./-\./-\./-\./-\./-\./-\./-\./-\./-\./-\./-\./-\./-\./-\./-\./-\./-\./-\./-\./-\./-\./-\./-\./-\./-\./-\./-\./-\./-\./-\./-\./-\./-\./-\./-\./-\./-\./-\./-\./-\./-\./-\./-\./-\./-\./-\./-\./-\./-\./-\./-\./-\./-\./-\./-\./-\./-\./-\./-\./-\./-\./-\./-\./-\./-\./-\./-\./-\./-\./-\./-\./-\./-\./-\./-\./-\./-\./-\./-\./-\./-\./-\./-\./-\./-\./-\./-\./-\./-\./-\./-\./-\./-\./-\./-\./-\./-\./-\./-\./-\./-\./-\./-\./-\./-\./-\./-\./-\./-\./-\./-\./-\./-\./-\./-\./-\./-\./-\./-\./-\./-\./-\./-\./-\./-\./-\./-\./-\./-\./-\./-\./-\./-\./-\./-\./-\./-\./-\./-\./-\./-\./-\./-\./-\./-\./-\./-\./-\./-\./-\./-\./-\./-\./-\./-\./-\./-\./-\./-\./-\./-\./-\./-\./-\./-\./-\./-\./-\./-\./-\./-\./-\./-\./-\./-\./-\./-\./-\./-\./-\./-\./-\./-\./-\./-\./-\./-\./-\./-\./-\./-\./-\./-\./-\./-\./-\./-\./-\./-\./-\./-\./-\./-\./-\./-\./-\./-\./-\./-\./-\./-\./-\./-\./-\./-\./-\./-\./-\./-\./-\./-\./-\./-\./-\./-\./-\./-\./-\./-\./-\./-\./-\./-\./-\./-\./-\./-\./-\./-\./-\./-\./-\./-\./-\./-\./-\./-\./-\./-\./-\./-\./-\./-\./-\./-\./-\./-\./-\./-\./-\./-\./-\./-\./-\./-\./-\./-\./-\./-\./-\./-\./-\./-\./-\./-\./-\./-\./-\./-\./-\./-\./-\./-\./-\./-\./-\./-\./-\./-\./-\./-\./-\./-\./-\./-\./-\./-\./-\./-\./-\./-\./-\./-\./-\./-\./-\./-\./-\./-\./-\./-\./-\./-\./-\./-\./-\./-\./-\./-\./-\./-\./-\./-\./-\./-\./-\./-\./-\./-\./-\./-\./-\./-\./-\./-\./-\./-\./-\./-\./-\./-\./-\./-\./-\./-\./-\./-\./-\./-\./-\./-\./-\./-\./-\./-\./-\./-\./-\./-\./-\./-\./-\./-\./-\./-\./-\./-\./-\./-\./-\./-\./-\./-\./-\./-\./-\./-\./-\./-\./-\./-\./-\./-\./-\./-\./-\./-\./-\./-\./-\./-\./-\./-\./-\./-\./-\./-\./-\./-\./-\./-\./-\./-\./-\./-\./-\./-\./-\./-\./-\./-\./-\./-\./-\./-\./-\./-\./-\./-\./-\./-\./-\./-\./-\./-\./-\./-\./-\./-\./-\./-\./-\./-\./-\./-\./-\./-\./-\./-\./-\./-\./-\./-\./-\./-\./-\./-\./-\./-\./-\./-\./-\./-\./-\./-\./-\./-\./-\./-\./-\./-\./-\./-\./-\./-\./-\./-\./-\./-\./-\./-\./-\./-\./-\./-\./-\./-\./-\./-\./-\./-\./-\./-\./-\./-\./-\./-\./-\./-\./-\./-\./-\./-\./-\./-\./-\./-\./-\./-\./-\./-\./-\./-\./-\./-\./-\./-\./-\./-\./-\./-\./-\./-\./-\./-\./-\./-\./-\./-\./-\./-\./-\./-\./-\./-\./-\./-\./-\./-\./-\./-\./-\./-\./-\./-\./-\./-\./-\./-\./-\./-\./-\./-\./-\./-\./-\./-\./-\./-\./-\./-\./-\./-\./-\./-\./-\./-\./-\./-\./-\./-\./-\./-\./-\./-\./-\./-\./-\./-\./-\./-\./-\./-\./-\./-\./-\./-\./-\./-\./-\./-\./-\./-\./-\./-\./-\./-\./-\./-\./-\./-\./-\./-\./-\./-\./-\./-\./-\./-\./-\./-\./-\./-\./-\./-\./-\./-\./-\./-\./-\./-\./-\./-\./-\./-\./-\./-\./-\./-\./-\./-\./-\./-\./-\./-\./-\./-\./-\./-\./-\./-\./-\./-\./-\./-\./-\./-\./-\./-\./-\./-\./-\./-\./-\./-\./-\./-\./-\./-\./-\./-\./-\./-\./-\./-\./-\./-\./-\./-\./-\./-\./-\./-\./-\./-\./-\./-\./-\./-\./-\./-\./-\./-\./-\./-\./-\./-\./-\./-\./-\./-\./-\./-\./-\./-\./-\./-\./-\./-\./-\./-\./-\./-\./-\./-\./-\./-\./-\./-\./-\./-\./-\./-\./-\./-\./-\./-\./-\./-\./-\./-\./-\./-\./-\./-\./-\./-\./-\./-\./-\./-\./-\./-\./-\./-\./-\./-\./-\./-\./-\./-\./-\./-\./-\./-\./-\./-\./-\./-\./-\./-\./-\./-\./-\./-\./-\./-\./-\./-\./-\./-\./-\./-\./-\./-\./-\./-\./-\./-\./-\./-\./-\./-\./-\./-\./-\./-\./-\./-\./-\./-\./-\./-\./-\./-\./-\./-\./-\./-\./-\./-\./-\./-\./-\./-\./-\./-\./-\./-\./-\./-\./-\./-\./-\./-\./-\./-\./-\./-\./-\./-\./-\./-\./-\./-\./-\./-\./-\./-\./-\./-\./-\./-\./-\./-\./-\./-\./-\./-\./-\./-\./-\./-\./-\./-\./-\./-\./-\./-\./-\./-\./-\./-\./-\./-\./-\./-\./-\./-\./-\./-\./-\./-\./-\./-\./-\./-\./-\./-\./-\./-\./-\./-\./-\./-\./-\./-\./-\./-\./-\./-\./-\./-\./-\./-\./-\./-\./-\./-\./-\./-\./-\./-\./-\./-\./-\./-\./-\./-\./-\./-\./-\./-\./-\./-\./-\./-\./-\./-\./-\./-\./-\./-\./-\./-\./-\./-\./-\./-\./-\./-\./-\./-\./-\./-\./-\./-\./-\./-\./-\./-\./-\./-\./-\./-\./-\./-\./-\./-\./-\./-\./-\./-\./-\./-\./-\./-\./-\./-\./-\./-\./-\./-\./-\./-\./-\./-\./-\./-\./-\./-\./-\./-\./-\./-\./-\./-\./-\./-\./-\./-\./-\./-\./-\./-\./-\./-\./-\./-\./-\./-\./-\./-\./-\./-\./-\./-\./-\./-\./-\./-\./-\./-\./-\./-\./-\./-\./-\./-\./-\./-\./-\./-\./-\./-\./-\./-\./-\./-\./-\./-\./-\./-\./-\./-\./-\./-\./-\./-\./-\./-\./-\./-\./-\./-\./-\./-\./-\./-\./-\./-\./-\./-\./-\./-\./-\./-\./-\./-\./-\./-\./-\./-\./-\./-\./-\./-\./-\./-\./-\./-\./-\./-\./-\./-\./-\./-\./-\./-\./-\./-\./-\./-\./-\./-\./-\./-\./-\./-\./-\./-\./-\./-\./-\./-\./-\./-\./-\./-\./-\./-\./-\./-\./-\./-\./-\./-\./-\./-\./-\./-\./-\./-\./-\./-\./-\./-\./-\./-\./-\./-\./-\./-\./-\./-\./-\./-\./-\./-\./-\./-\./-\./-\./-\./-\./-\./-\./-\./-\./-\./-\./-\./-\./-\./-\./-\./-\./-\./-\./-\./-\./-\./-\./-\./-\./-\./-\./-\./-\./-\./-\./-\./-\./-\./-\./-\./-\./-\./-\./-\./-\./-\./-\./-\./-\./-\./-\./-\./-\./-\./-\./-\./-\./-\./-\./-\./-\./-\./-\./-\./-\./-\./-\./-\./-\./-\./-\./-\./-\./-\./-\./-\./-\./-\./-\./-\./-\./-\./-\./-\./-\./-\./-\./-\./-\./-\./-\./-\./-\./-\./-\./-\./-\./-\./-\./-\./-\./-\./-\./-\./-\./-\./-\./-\./-\./-\./-\./-\./-\./-\./-\./-\./-\./-\./-\./-\./-\./-\./-\./-\./-\./-\./-\./-\./-\./-\./-\./-\./-\./-\./-\./-\./-\./-\./-\./-\./-\./-\./-\./-\./-\./-\./-\./-\./-\./-\./-\./-\./-\./-\./-\./-\./-\./-\./-\./-\./-\./-\./-\./-\./-\./-\./-\./-\./-\./-\./-\./-\./-\./-\./-\./-\./-\./-\./-\./-\./-\./-\./-\./-\./-\./-\./-\./-\./-\./-\./-\./-\./-\./-\./-\./-\./-\./-\./-\./-\./-\./-\./-\./-\./-\./-\./-\./-\./-\./-\./-\./-\./-\./-\./-\./-\./-\./-\./-\./-\./-\./-\./-\./-\./-\./-\./-\./-\./-\./-\./-\./-\./-\./-\./-\./-\./-\./-\./-\./-\./-\./-\./-\./-\./-\./-\./-\./-\./-\./-\./-\./-\./-\./-\./-\./-\./-\./-\./-\./-\./-\./-\./-\./-\./-\./-\./-\./-\./-\./-\./-\./-\./-\./-\./-\./-\./-\./-\./-\./-\./-\./-\./-\./-\./-\./-\./-\./-\./-\./-\./-\./-\./-\./-\./-\./-\./-\./-\./-\./-\./-\./-\./-\./-\./-\./-\./-\./-\./-\./-\./-\./-\./-\./-\./-\./-\./-\./-\./-\./-\./-\./-\./-\./-\./-\./-\./-\./-\./-\./-\./-\./-\./-\./-\./-\./-\./-\./-\./-\./-\./-\./-\./-\./-\./-\./-\./-\./-\./-\./-\./-\./-\./-\./-\./-\./-\./-\./-\./-\./-\./-\./-\./-\./-\./-\./-\./-\./-\./-\./-\./-\./-\./-\./-\./-\./-\./-\./-\./-\./-\./-\./-\./-\./-\./-\./-\./-\./-\./-\./-\./-\./-\./-\./-\./-\./-\./-\./-\./-\./-\./-\./-\./-\./-\./-\./-\./-\./-\./-\./-\./-\./-\./-\./-\./-\./-\./-\./-\./-\./-\./-\./-\./-\./-\./-\./-\./-\./-\./-\./-\./-\./-\./-\./-\./-\./-\./-\./-\./-\./-\./-\./-\./-\./-\./-\./-\./-\./-\./-\./-\./-\./-\./-\./-\./-\./-\./-\./-\./-\./-\./-\./-\./-\./-\./-\./-\./-\./-\./-\./-\./-\./-\./-\./-\./-\./-\./-\./-\./-\./-\./-\./-\./-\./-\./-\./-\./-\./-\./-\./-\./-\./-\./-\./-\./-\./-\./-\./-\./-\./-\./-\./-\./-\./-\./-\./-\./-\./-\./-\./-\./-\./-\./-\./-\./-\./-\./-\./-\./-\./-\./-\./-\./-\./-\./-\./-\./-\./-\./-\./-\./-\./-\./-\./-\./-\./-\./-\./-\./-\./-\./-\./-\./-\./-\./-\./-\./-\./-\./-\./-\./-\./-\./-\./-\./-\./-\./-\./-\./-\./-\./-\./-\./-\./-\./-\./-\./-\./-\./-\./-\./-\./-\./-\./-\./-\./-\./-\./-\./-\./-\./-\./-\./-\./-\./-\./-\./-\./-\./-\./-\./-\./-\./-\./-\./-\./-\./-\./-\./-\./-\./-\./-\./-\./-\./-\./-\./-\./-\./-\./-\./-\./-\./-\./-\./-\./-\./-\./-\./-\./-\./-\./-\./-\./-\./-\./-\./-\./-\./-\./-\./-\./-\./-\./-\./-\./-\./-\./-\./-\./-\./-\./-\./-\./-\./-\./-\./-\./-\./-\./-\./-\./-\./-\./-\./-\./-\./-\./-\./-\./-\./-\./-\./-\./-\./-\./-\./-\./-\./-\./-\./-\./-\./-\./-\./-\./-\./-\./-\./-\./-\./-\./-\./-\./-\./-\./-\./-\./-\./-\./-\./-\./-\./-\./-\./-\./-\./-\./-\./-\./-\./-\./-\./-\./-\./-\./-\./-\./-\./-\./-\./-\./-\./-\./-\./-\./-\./-\./-\./-\./-\./-\./-\./-\./-\./-\./-\./-\./-\./-\./-\./-\./-\./-\./-\./-\./-\./-\./-\./-\./-\./-\./-\./-\./-\./-\./-\./-\./-\./-\./-\./-\./-\./-\./-\./-\./-\./-\./-\./-\./-\./-\./-\./-\./-\./-\./-\./-\./-\./-\./-\./-\./-\./-\./-\./-\./-\./-\./-\./-\./-\./-\./-\./-\./-\./-\./-\./-\./-\./-\./-\./-\./-\./-\./-\./-\./-\./-\./-\./-\./-\./-\./-\./-\./-\./-\./-\./-\./-\./-\./-\./-\./-\./-\./-\./-\./-\./-\./-\./-\./-\./-\./-\./-\./-\./-\./-\./-\./-\./-\./-\./-\./-\./-\./-\./-\./-\./-\./-\./-\./-\./-\./-\./-\./-\./-\./-\./-\./-\./-\./-\./-\./-\./-\./-\./-\./-\./-\./-\./-\./-\./-\./-\./-\./-\./-\./-\./-\./-\./-\./-\./-\./-\./-\./-\./-\./-\./-\./-\./-\./-\./-\./-\./-\./-\./-\./-\./-\./-\./-\./-\./-\./-\./-\./-\./-\./-\./-\./-\./-\./-\./-\./-\./-\./-\./-\./-\./-\./-\./-\./-\./-\./-\./-\./-\./-\./-\./-\./-\./-\./-\./-\./-\./-\./-\./-\./-\./-\./-\./-\./-\./-\./-\./-\./-\./-\./-\./-\./-\./-\./-\./-\./-\./-\./-\./-\./-\./-\./-\./-\./-\./-\./-\./-\./-\./-\./-\./-\./-\./-\./-\./-\./-\./-\./-\./-\./-\./-\./-\./-\./-\./-\./-\./-\./-\./-\./-\./-\./-\./-\./-\./-\./-\./-\./-\./-\./-\./-\./-\./-\./-\./-\./-\./-\./-\./-\./-\./-\./-\./-\./-\./-\./-\./-\./-\./-\./-\./-\./-\./-\./-\./-\./-\./-\./-\./-\./-\./-\./-\./-\./-\./-\./-\./-\./-\./-\./-\./-\./-\./-\./-\./-\./-\./-\./-\./-\./-\./-\./-\./-\./-\./-\./-\./-\./-\./-\./-\./-\./-\./-\./-\./-\./-\./-\./-\./-\./-\./-\./-\./-\./-\./-\./-\./-\./-\./-\./-\./-\./-\./-\./-\./-\./-\./-\./-\./-\./-\./-\./-\./-\./-\./-\./-\./-\./-\./-\./-\./-\./-\./-\./-\./-\./-\./-\./-\./-\./-\./-\./-\./-\./-\./-\./-\./-\./-\./-\./-\./-\./-\./-\./-\./-\./-\./-\./-\./-\./-\./-\./-\./-\./-\./-\./-\./-\./-\./-\./-\./-\./-\./-\./-\./-\./-\./-\./-\./-\./-\./-\./-\./-\./-\./-\./-\./-\./-\./-\./-\./-\./-\./-\./-\./-\./-\./-\./-\./-\./-\./-\./-\./-\./-\./-\./-\./-\./-\./-\./-\./-\./-\./-\./-\./-\./-\./-\./-\./-\./-\./-\./-\./-\./-\./-\./-\./-\./-\./-\./-\./-\./-\./-\./-\./-\./-\./-\./-\./-\./-\./-\./-\./-\./-\./-\./-\./-\./-\./-\./-\./-\./-\./-\./-\./-\./-\./-\./-\./-\./-\./-\./-\./-\./-\./-\./-\./-\./-\./-\./-\./-\./-\./-\./-\./-\./-\./-\./-\./-\./-\./-\./-\./-\./-\./-\./-\./-\./-\./-\./-\./-\./-\./-\./-\./-\./-\./-\./-\./-\./-\./-\./-\./-\./-\./-\./-\./-\./-\./-\./-\./-\./-\./-\./-\./-\./-\./-\./-\./-\./-\./-\./-\./-\./-\./-\./-\./-\./-\./-\./-\./-\./-\./-\./-\./-\./-\./-\./-\./-\./-\./-\./-\./-\./-\./-\./-\./-\./-\./-\./-\./-\./-\./-\./-\./-\./-\./-\./-\./-\./-\./-\./-\./-\./-\./-\./-\./-\./-\./-\./-\./-\./-\./-\./-\./-\./-\./-\./-\./-\./-\./-\./-\./-\./-\./-\./-\./-\./-\./-\./-\./-\./-\./-\./-\./-\./-\./-\./-\./-\./-\./-\./-\./-\./-\./-\./-\./-\./-\./-\./-\./-\./-\./-\./-\./-\./-\./-\./-\./-\./-\./-\./-\./-\./-\./-\./-\./-\./-\./-\./-\./-\./-\./-\./-\./-\./-\./-\./-\./-\./-\./-\./-\./-\./-\./-\./-\./-\./-\./-\./-\./-\./-\./-\./-\./-\./-\./-\./-\./-\./-\./-\./-\./-\./-\./-\./-\./-\./-\./-\./-\./-\./-\./-\./-\./-\./-\./-\./-\./-\./-\./-\./-\./-\./-\./-\./-\./-\./-\./-\./-\./-\./-\./-\./-\./-\./-\./-\./-\./-\./-\./-\./-\./-\./-\./-\./-\./-\./-\./-\./-\./-\./-\./-\./-\./-\./-\./-\./-\./-\./-\./-\./-\./-\./-\./-\./-\./-\./-\./-\./-\./-\./-\./-\./-\./-\./-\./-\./-\./-\./-\./-\./-\./-\./-\./-\./-\./-\./-\./-\./-\./-\./-\./-\./-\./-\./-\./-\./-\./-\./-\./-\./-\./-\./-\./-\./-\./-\./-\./-\./-\./-\./-\./-\./-\./-\./-\./-\./-\./-\./-\./-\./-\./-\./-\./-\./-\./-\./-\./-\./-\./-\./-\./-\./-\./-\./-\./-\./-\./-\./-\./-\./-\./-\./-\./-\./-\./-\./-\./-\./-\./-\./-\./-\./-\./-\./-\./-\./-\./-\./-\./-\./-\./-\./-\./-\./-\./-\./-\./-\./-\./-\./-\./-\./-\./-\./-\./-\./-\./-\./-\./-\./-\./-\./-\./-\./-\./-\./-\./-\./-\./-\./-\./-\./-\./-\./-\./-\./-\./-\./-\./-\./-\./-\./-\./-\./-\./-\./-\./-\./-\./-\./-\./-\./-\./-\./-\./-\./-\./-\./-\./-\./-\./-\./-\./-\./-\./-\./-\./-\./-\./-\./-\./-\./-\./-\./-\./-\./-\./-\./-\./-\./-\./-\./-\./-\./-\./-\./-\./-\./-\./-\./-\./-\./-\./-\./-\./-\./-\./-\./-\./-\./-\./-\./-\./-\./-\./-\./-\./-\./-\./-\./-\./-\./-\./-\./-\./-\./-\./-\./-\./-\./-\./-\./-\./-\./-\./-\./-\./-\./-\./-\./-\./-\./-\./-\./-\./-\./-\./-\./-\./-\./-\./-\./-\./-\./-\./-\./-\./-\./-\./-\./-\./-\./-\./-\./-\./-\./-\./-\./-\./-\./-\./-\./-\./-\./-\./-\./-\./-\./-\./-\./-\./-\./-\./-\./-\./-\./-\./-\./-\./-\./-\./-\./-\./-\./-\./-\./-\./-\./-\./-\./-\./-\./-\./-\./-\./-\./-\./-\./-\./-\./-\./-\./-\./-\./-\./-\./-\./-\./-\./-\./-\./-\./-\./-\./-\./-\./-\./-\./-\./-\./-\./-\./-\./-\./-\./-\./-\./-\./-\./-\./-\./-\./-\./-\./-\./-\./-\./-\./-\./-\./-\./-\./-\./-\./-\./-\./-\./-\./-\./-\./-\./-\./-\./-\./-\./-\./-\./-\./-\./-\./-\./-\./-\./-\./-\./-\./-\./-\./-\./-\./-\./-\./-\./-\./-\./-\./-\./-\./-\./-\./-\./-\./-\./-\./-\./-\./-\./-\./-\./-\./-\./-\./-\./-\./-\./-\./-\./-\./-\./-\./-\./-\./-\./-\./-\./-\./-\./-\./-\./-\./-\./-\./-\./-\./-\./-\./-\./-\./-\./-\./-\./-\./-\./-\./-\./-\./-\./-\./-\./-\./-\./-\./-\./-\./-\./-\./-\./-\./-\./-\./-\./-\./-\./-\./-\./-\./-\./-\./-\./-\./-\./-\./-\./-\./-\./-\./-\./-\./-\./-\./-\./-\./-\./-\./-\./-\./-\./-\./-\./-\./-\./-\./-\./-\./-\./-\./-\./-\./-\./-\./-\./-\./-\./-\./-\./-\./-\./-\./-\./-\./-\./-\./-\./-\./-\./-\./-\./-\./-\./-\./-\./-\./-\./-\./-\./-\./-\./-\./-\./-\./-\./-\./-\./-\./-\./-\./-\./-\./-\./-\./-\./-\./-\./-\./-\./-\./-\./-\./-\./-\./-\./-\./-\./-\./-\./-\./-\./-\./-\./-\./-\./-\./-\./-\./-\./-\./-\./-\./-\./-\./-\./-\./-\./-\./-\./-\./-\./-\./-\./-\./-\./-\./-\./-\./-\./-\./-\./-\./-\./-\./-\./-\./-\./-\./-\./-\./-\./-\./-\./-\./-\./-\./-\./-\./-\./-\./-\./-\./-\./-\./-\./-\./-\./-\./-\./-\./-\./-\./-\./-\./-\./-\./-\./-\./-\./-\./-\./-\./-\./-\./-\./-\./-\./-\./-\./-\./-\./-\./-\./-\./-\./-\./-\./-\./-\./-\./-\./-\./-\./-\./-\./-\./-\./-\./-\./-\./-\./-\./-\./-\./-\./-\./-\./-\./-\./-\./-\./-\./-\./-\./-\./-\./-\./-\./-\./-\./-\./-\./-\./-\./-\./-\./-\./-\./-\./-\./-\./-\./-\./-\./-\./-\./-\./-\./-\./-\./-\./-\./-\./-\./-\./-\./-\./-\./-\./-\./-\./-\./-\./-\./-\./-\./-\./-\./-\./-\./-\./-\./-\./-\./-\./-\./-\./-\./-\./-\./-\./-\./-\./-\./-\./-\./-\./-\./-\./-\./-\./-\./-\./-\./-\./-\./-\./-\./-\./-\./-\./-\./-\./-\./-\./-\./-\./-\./-\./-\./-\./-\./-\./-\./-\./-\./-\./-\./-\./-\./-\./-\./-\./-\./-\./-\./-\./-\./-\./-\./-\./-\./-\./-\./-\./-\./-\./-\./-\./-\./-\./-\./-\./-\./-\./-\./-\./-\./-\./-\./-\./-\./-\./-\./-\./-\./-\./-\./-\./-\./-\./-\./-\./-\./-\./-\./-\./-\./-\./-\./-\./-\./-\./-\./-\./-\./-\./-\./-\./-\./-\./-\./-\./-\./-\./-\./-\./-\./-\./-\./-\./-\./-\./-\./-\./-\./-\./-\./-\./-\./-\./-\./-\./-\./-\./-\./-\./-\./-\./-\./-\./-\./-\./-\./-\./-\./-\./-\./-\./-\./-\./-\./-\./-\./-\./-\./-\./-\./-\./-\./-\./-\./-\./-\./-\./-\./-\./-\./-\./-\./-\./-\./-\./-\./-\./-\./-\./-\./-\./-\./-\./-\./-\./-\./-\./-\./-\./-\./-\./-\./-\./-\./-\./-\./-\./-\./-\./-\./-\./-\./-\./-\./-\./-\./-\./-\./-\./-\./-\./-\./-\./-\./-\./-\./-\./-\./-\./-\./-\./-\./-\./-\./-\./-\./-\./-\./-\./-\./-\./-\./-\./-\./-\./-\./-\./-\./-\./-\./-\./-\./-\./-\./-\./-\./-\./-\./-\./-\./-\./-\./-\./-\./-\./-\./-\./-\./-\./-\./-\./-\./-\./-\./-\./-\./-\./-\./-\./-\./-\./-\./-\./-\./-\./-\./-\./-\./-\./-\./-\./-\./-\./-\./-\./-\./-\./-\./-\./-\./-\./-\./-\./-\./-\./-\./-\./-\./-\./-\./-\./-\./-\./-\./-\./-\./-\./-\./-\./-\./-\./-\./-\./-\./-\./-\./-\./-\./-\./-\./-\./-\./-\./-\./-\./-\./-\./-\./-\./-\./-\./-\./-\./-\./-\./-\./-\./-\./-\./-\./-\./-\./-\./-\./-\./-\./-\./-\./-\./-\./-\./-\./-\./-\./-\./-\./-\./-\./-\./-\./-\./-\./-\./-\./-\./-\./-\./-\./-\./-\./-\./-\./-\./-\./-\./-\./-\./-\./-\./-\./-\./-\./-\./-\./-\./-\./-\./-\./-\./-\./-\./-\./-\./-\./-\./-\./-\./-\./-\./-\./-\./-\./-\./-\./-\./-\./-\./-\./-\./-\./-\./-\./-\./-\./-\./-\./-\./-\./-\./-\./-\./-\./-\./-\./-\./-\./-\./-\./-\./-\./-\./-\./-\./-\./-\./-\./-\./-\./-\./-\./-\./-\./-\./-\./-\./-\./-\./-\./-\./-\./-\./-\./-\./-\./-\./-\./-\./-\./-\./-\./-\./-\./-\./-\./-\./-\./-\./-\./-\./-\./-\./-\./-\./-\./-\./-\./-\./-\./-\./-\./-\./-\./-\./-\./-\./-\./-\./-\./-\./-\./-\./-\./-\./-\./-\./-\./-\./-\./-\./-\./-\./-\./-\./-\./-\./-\./-\./-\./-\./-\./-\./-\./-\./-\./-\./-\./-\./-\./-\./-\./-\./-\./-\./-\./-\./-\./-\./-\./-\./-\./-\./-\./-\./-\./-\./-\./-\./-\./-\./-\./-\./-\./-\./-\./-\./-\./-\./-\./-\./-\./-\./-\./-\./-\./-\./-\./-\./-\./-\./-\./-\./-\./-\./-\./-\./-\./-\./-\./-\./-\./-\./-\./-\./-\./-\./-\./-\./-\./-\./-\./-\./-\./-\./-\./-\./-\./-\./-\./-\./-\./-\./-\./-\./-\./-\./-\./-\./-\./-\./-\./-\./-\./-\./-\./-\./-\./-\./-\./-\./-\./-\./-\./-\./-\./-\./-\./-\./-\./-\./-\./-\./-\./-\./-\./-\./-\./-\./-\./-\./-\./-\./-\./-\./-\./-\./-\./-\./-\./-\./-\./-\./-\./-\./-\./-\./-\./-\./-\./-\./-\./-\./-\./-\./-\./-\./-\./-\./-\./-\./-\./-\./-\./-\./-\./-\./-\./-\./-\./-\./-\./-\./-\./-\./-\./-\./-\./-\./-\./-\./-\./-\./-\./-\./-\./-\./-\./-\./-\./-\./-\./-\./-\./-\./-\./-\./-\./-\./-\./-\./-\./-\./-\./-\./-\./-\./-\./-\./-\./-\./-\./-\./-\./-\./-\./-\./-\./-\./-\./-\./-\./-\./-\./-\./-\./-\./-\./-\./-\./-\./-\./-\./-\./-\./-\./-\./-\./-\./-\./-\./-\./-\./-\./-\./-\./-\./-\./-\./-\./-\./-\./-\./-\./-\./-\./-\./-\./-\./-\./-\./-\./-\./-\./-\./-\./-\./-\./-\./-\./-\./-\./-\./-\./-\./-\./-\./-\./-\./-\./-\./-\./-\./-\./-\./-\./-\./-\./-\./-\./-\./-\./-\./-\./-\./-\./-\./-\./-\./-\./-\./-\./-\./-\./-\./-\./-\./-\./-\./-\./-\./-\./-\./-\./-\./-\./-\./-\./-\./-\./-\./-\./-\./-\./-\./-\./-\./-\./-\./-\./-\./-\./-\./-\./-\./-\./-\./-\./-\./-\./-\./-\./-\./-\./-\./-\./-\./-\./-\./-\./-\./-\./-\./-\./-\./-\./-\./-\./-\./-\./-\./-\./-\./-\./-\./-\./-\./-\./-\./-\./-\./-\./-\./-\./-\./-\./-\./-\./-\./-\./-\./-\./-\./-\./-\./-\./-\./-\./-\./-\./-\./-\./-\./-\./-\./-\./-\./-\./-\./-\./-\./-\./-\./-\./-\./-\./-\./-\./-\./-\./-\./-\./-\./-\./-\./-\./-\./-\./-\./-\./-\./-\./-\./-\./-\./-\./-\./-\./-\./-\./-\./-\./-\./-\./-\./-\./-\./-\./-\./-\./-\./-\./-\./-\./-\./-\./-\./-\./-\./-\./-\./-\./-\./-\./-\./-\./-\./-\./-\./-\./-\./-\./-\./-\./-\./-\./-\./-\./-\./-\./-\./-\./-\./-\./-\./-\./-\./-\./-\./-\./-\./-\./-\./-\./-\./-\./-\./-\./-\./-\./-\./-\./-\./-\./-\./-\./-\./-\./-\./-\./-\./-\./-\./-\./-\./-\./-\./-\./-\./-\./-\./-\./-\./-\./-\./-\./-\./-\./-\./-\./-\./-\./-\./-\./-\./-\./-\./-\./-\./-\./-\./-\./-\./-\./-\./-\./-\./-\./-\./-\./-\./-\./-\./-\./-\./-\./-\./-\./-\./-\./-\./-\./-\./-\./-\./-\./-\./-\./-\./-\./-\./-\./-\./-\./-\./-\./-\./-\./-\./-\./-\./-\./-\./-\./-\./-\./-\./-\./-\./-\./-\./-\./-\./-\./-\./-\./-\./-\./-\./-\./-\./-\./-\./-\./-\./-\./-\./-\./-\./-\./-\./-\./-\./-\./-\./-\./-\./-\./-\./-\./-\./-\./-\./-\./-\./-\./-\./-\./-\./-\./-\./-\./-\./-\./-\./-\./-\./-\./-\./-\./-\./-\./-\./-\./-\./-\./-\./-\./-\./-\./-\./-\./-\./-\./-\./-\./-\./-\./-\./-\./-\./-\./-\./-\./-\./-\./-\./-\./-\./-\./-\./-\./-\./-\./-\./-\./-\./-\./-\./-\./-\./-\./-\./-\./-\./-\./-\./-\./-\./-\./-\./-\./-\./-\./-\./-\./-\./-\./-\./-\./-\./-\./-\./-\./-\./-\./-\./-\./-\./-\./-\./-\./-\./-\./-\./-\./-\./-\./-\./-\./-\./-\./-\./-\./-\./-\./-\./-\./-\./-\./-\./-\./-\./-\./-\./-\./-\./-\./-\./-\./-\./-\./-\./-\./-\./-\./-\./-\./-\./-\./-\./-\./-\./-\./-\./-\./-\./-\./-\./-\./-\./-\./-\./-\./-\./-\./-\./-\./-\./-\./-\./-\./-\./-\./-\./-\./-\./-\./-\./-\./-\./-\./-\./-\./-\./-\./-\./-\./-\./-\./-\./-\./-\./-\./-\./-\./-\./-\./-\./-\./-\./-\./-\./-\./-\./-\./-\./-\./-\./-\./-\./-\./-\./-\./-\./-\./-\./-\./-\./-\./-\./-\./-\./-\./-\./-\./-\./-\./-\./-\./-\./-\./-\./-\./-\./-\./-\./-\./-\./-\./-\./-\./-\./-\./-\./-\./-\./-\./-\./-\./-\./-\./-\./-\./-\./-\./-\./-\./-\./-\./-\./-\./-\./-\./-\./-\./-\./-\./-\./-\./-\./-\./-\./-\./-\./-\./-\./-\./-\./-\./-\./-\./-\./-\./-\./-\./-\./-\./-\./-\./-\./-\./-\./-\./-\./-\./-\./-\./-\./-\./-\./-\./-\./-\./-\./-\./-\./-\./-\./-\./-\./-\./-\./-\./-\./-\./-\./-\./-\./-\./-\./-\./-\./-\./-\./-\./-\./-\./-\./-\./-\./-\./-\./-\./-\./-\./-\./-\./-\./-\./-\./-\./-\./-\./-\./-\./-\./-\./-\./-\./-\./-\./-\./-\./-\./-\./-\./-\./-\./-\./-\./-\./-\./-\./-\./-\./-\./-\./-\./-\./-\./-\./-\./-\./-\./-\./-\./-\./-\./-\./-\./-\./-\./-\./-\./-\./-\./-\./-\./-\./-\./-\./-\./-\./-\./-\./-\./-\./-\./-\./-\./-\./-\./-\./-\./-\./-\./-\./-\./-\./-\./-\./-\./-\./-\./-\./-\./-\./-\./-\./-\./-\./-\./-\./-\./-\./-\./-\./-\./-\./-\./-\./-\./-\./-\./-\./-\./-\./-\./-\./-\./-\./-\./-\./-\./-\./-\./-\./-\./-\./-\./-\./-\./-\./-\./-\./-\./-\./-\./-\./-\./-\./-\./-\./-\./-\./-\./-\./-\./-\./-\./-\./-\./-\./-\./-\./-\./-\./-\./-\./-\./-\./-\./-\./-\./-\./-\./-\./-\./-\./-\./-\./-\./-\./-\./-\./-\./-\./-\./-\./-\./-\./-\./-\./-\./-\./-\./-\./-\./-\./-\./-\./-\./-\./-\./-\./-\./-\./-\./-\./-\./-\./-\./-\./-\./-\./-\./-\./-\./-\./-\./-\./-\./-\./-\./-\./-\./-\./-\./-\./-\./-\./-\./-\./-\./-\./-\./-\./-\./-\./-\./-\./-\./-\./-\./-\./-\./-\./-\./-\./-\./-\./-\./-\./-\./-\./-\./-\./-\./-\./-\./-\./-\./-\./-\./-\./-\./-\./-\./-\./-\./-\./-\./-\./-\./-\./-\./-\./-\./-\./-\./-\./-\./-\./-\./-\./-\./-\./-\./-\./-\./-\./-\./-\./-\./-\./-\./-\./-\./-\./-\./-\./-\./-\./-\./-\./-\./-\./-\./-\./-\./-\./-\./-\./-\./-\./-\./-\./-\./-\./-\./-\./-\./-\./-\./-\./-\./-\./-\./-\./-\./-\./-\./-\./-\./-\./-\./-\./-\./-\./-\./-\./-\./-\./-\./-\./-\./-\./-\./-\./-\./-\./-\./-\./-\./-\./-\./-\./-\./-\./-\./-\./-\./-\./-\./-\./-\./-\./-\./-\./-\./-\./-\./-\./-\./-\./-\./-\./-\./-\./-\./-\./-\./-\./-\./-\./-\./-\./-\./-\./-\./-\./-\./-\./-\./-\./-\./-\./-\./-\./-\./-\./-\./-\./-\./-\./-\./-\./-\./-\./-\./-\./-\./-\./-\./-\./-\./-\./-\./-\./-\./-\./-\./-\./-\./-\./-\./-\./-\./-\./-\./-\./-\./-\./-\./-\./-\./-\./-\./-\./-\./-\./-\./-\./-\./-\./-\./-\./-\./-\./-\./-\./-\./-\./-\./-\./-\./-\./-\./-\./-\./-\./-\./-\./-\./-\./-\./-\./-\./-\./-\./-\./-\./-\./-\./-\./-\./-\./-\./-\./-\./-\./-\./-\./-\./-\./-\./-\./-\./-\./-\./-\./-\./-\./-\./-\./-\./-\./-\./-\./-\./-\./-\./-\./-\./-\./-\./-\./-\./-\./-\./-\./-\./-\./-\./-\./-\./-\./-\ [ [0;34mDELETED[0;0m ]
 ->/home/ovidiu/.inte ./-\./-\./-\./-\./-\./-\./-\./-\./-\./-\./-\./-\./-\./-\./-\./-\./-\./-\./-\./-\./-\./-\./-\./-\./-\./-\./-\./-\./-\./-\./-\./-\./-\./-\./-\./-\./-\./-\./-\./-\./-\./-\./-\./-\./-\./-\./-\./-\./-\./-\./-\./-\./-\./-\./-\./-\./-\./-\./-\./-\./-\./-\./-\./-\./-\./-\./-\./-\./-\./-\./-\./-\./-\./-\./-\./-\./-\./-\./-\./-\./-\./-\./-\./-\./-\./-\./-\./-\./-\./-\./-\./-\./-\./-\./-\./-\./-\./-\./-\./-\./-\./-\./-\./-\./-\./-\./-\./-\./-\./-\./-\./-\./-\./-\./-\./-\./-\./-\./-\./-\./-\./-\./-\./-\./-\./-\./-\./-\./-\./-\./-\./-\./-\./-\./-\./-\./-\./-\./-\./-\./-\./-\./-\./-\./-\./-\./-\./-\./-\./-\./-\./-\./-\./-\./-\./-\./-\./-\./-\./-\./-\./-\./-\./-\./-\./-\./-\./-\./-\./-\./-\./-\./-\./-\./-\./-\./-\./-\./-\./-\./-\./-\./-\./-\./-\./-\./-\./-\./-\./-\./-\./-\./-\./-\./-\./-\./-\./-\./-\./-\./-\./-\./-\./-\./-\./-\./-\./-\./-\./-\./-\./-\./-\./-\./-\./-\./-\./-\./-\./-\./-\./-\./-\./-\./-\./-\./-\./-\./-\./-\./-\./-\./-\./-\./-\./-\./-\./-\./-\./-\./-\./-\./-\./-\./-\./-\./-\./-\./-\./-\./-\./-\./-\./-\./-\./-\./-\./-\./-\./-\./-\./-\./-\./-\./-\./-\./-\./-\./-\./-\./-\./-\./-\./-\./-\./-\./-\./-\./-\./-\./-\./-\./-\./-\./-\./-\./-\./-\./-\./-\./-\./-\./-\./-\./-\./-\./-\./-\./-\./-\./-\./-\./-\./-\./-\./-\./-\./-\./-\./-\./-\./-\./-\./-\./-\./-\./-\./-\./-\./-\./-\./-\./-\./-\./-\./-\./-\./-\./-\./-\./-\./-\./-\./-\./-\./-\./-\./-\./-\./-\./-\./-\./-\./-\./-\./-\./-\./-\./-\./-\./-\./-\./-\./-\./-\./-\./-\./-\./-\./-\./-\./-\./-\./-\./-\./-\./-\./-\./-\./-\./-\./-\./-\./-\./-\./-\./-\./-\./-\./-\./-\./-\./-\./-\./-\./-\./-\./-\./-\./-\./-\./-\./-\./-\./-\./-\./-\./-\./-\./-\./-\./-\./-\./-\./-\./-\./-\./-\./-\./-\./-\./-\./-\./-\./-\./-\./-\./-\./-\./-\./-\./-\./-\./-\./-\./-\./-\./-\./-\./-\./-\./-\./-\./-\./-\./-\./-\./-\./-\./-\./-\./-\./-\./-\./-\./-\./-\./-\./-\./-\./-\./-\./-\./-\./-\./-\./-\./-\./-\./-\./-\./-\./-\./-\./-\./-\./-\./-\./-\./-\./-\./-\./-\./-\./-\./-\./-\./-\./-\./-\./-\./-\./-\./-\./-\./-\./-\./-\./-\./-\./-\./-\./-\./-\./-\./-\./-\./-\./-\./-\./-\./-\./-\./-\./-\./-\./-\./-\./-\./-\./-\./-\./-\./-\./-\./-\./-\./-\./-\./-\./-\./-\./-\./-\./-\./-\./-\./-\./-\./-\./-\./-\./-\./-\./-\./-\./-\./-\./-\./-\./-\./-\./-\./-\./-\./-\./-\./-\./-\./-\./-\./-\./-\./-\./-\./-\./-\./-\./-\./-\./-\./-\./-\./-\./-\./-\./-\./-\./-\./-\./-\./-\./-\./-\./-\./-\./-\./-\./-\./-\./-\./-\./-\./-\./-\./-\./-\./-\./-\./-\./-\./-\./-\./-\./-\./-\./-\./-\./-\./-\./-\./-\./-\./-\./-\./-\./-\./-\./-\./-\./-\./-\./-\./-\./-\./-\./-\./-\./-\./-\./-\./-\./-\./-\./-\./-\./-\./-\./-\./-\./-\./-\./-\./-\./-\./-\./-\./-\./-\./-\./-\./-\./-\./-\./-\./-\./-\./-\./-\./-\./-\./-\./-\./-\./-\./-\./-\./-\./-\./-\./-\./-\./-\./-\./-\./-\./-\./-\./-\./-\./-\./-\./-\./-\./-\./-\./-\./-\./-\./-\./-\./-\./-\./-\./-\./-\./-\./-\./-\./-\./-\./-\./-\./-\./-\./-\./-\./-\./-\./-\./-\./-\./-\./-\./-\./-\./-\./-\./-\./-\./-\./-\./-\./-\./-\./-\./-\./-\./-\./-\./-\./-\./-\./-\./-\./-\./-\./-\./-\./-\./-\./-\./-\./-\./-\./-\./-\./-\./-\./-\./-\./-\./-\./-\./-\./-\./-\./-\./-\./-\./-\./-\./-\./-\./-\./-\./-\./-\./-\./-\./-\./-\./-\./-\./-\./-\./-\./-\./-\./-\./-\./-\./-\./-\./-\./-\./-\./-\./-\./-\./-\./-\./-\./-\./-\./-\./-\./-\./-\./-\./-\./-\./-\./-\./-\./-\./-\./-\./-\./-\./-\./-\./-\./-\./-\./-\./-\./-\./-\./-\./-\./-\./-\./-\./-\./-\./-\./-\./-\./-\./-\./-\./-\./-\./-\./-\./-\./-\./-\./-\./-\./-\./-\./-\./-\./-\./-\./-\./-\./-\./-\./-\./-\./-\./-\./-\./-\./-\./-\./-\./-\./-\./-\./-\./-\./-\./-\./-\./-\./-\./-\./-\./-\./-\./-\./-\./-\./-\./-\./-\./-\./-\./-\./-\./-\./-\./-\./-\./-\./-\./-\./-\./-\./-\./-\./-\./-\./-\./-\./-\./-\./-\./-\./-\./-\./-\./-\./-\./-\./-\./-\./-\./-\./-\./-\./-\./-\./-\./-\./-\./-\./-\./-\./-\./-\./-\./-\./-\./-\./-\./-\./-\./-\./-\./-\./-\./-\./-\./-\./-\./-\./-\./-\./-\./-\./-\./-\./-\./-\./-\./-\./-\./-\./-\./-\./-\./-\./-\./-\./-\./-\./-\./-\./-\./-\./-\./-\./-\./-\./-\./-\./-\./-\./-\./-\./-\./-\./-\./-\./-\./-\./-\./-\./-\./-\./-\./-\./-\./-\./-\./-\./-\./-\./-\./-\./-\./-\./-\./-\./-\./-\./-\./-\./-\./-\./-\./-\./-\./-\./-\./-\./-\./-\./-\./-\./-\./-\./-\./-\./-\./-\./-\./-\./-\./-\./-\./-\./-\./-\./-\./-\./-\./-\./-\./-\./-\./-\./-\./-\./-\./-\./-\./-\./-\./-\./-\./-\./-\./-\./-\./-\./-\./-\./-\./-\./-\./-\./-\./-\./-\./-\./-\./-\./-\./-\./-\./-\./-\./-\./-\./-\./-\./-\./-\./-\./-\./-\./-\./-\./-\./-\./-\./-\./-\./-\./-\./-\./-\./-\./-\./-\./-\./-\./-\./-\./-\./-\./-\./-\./-\./-\./-\./-\./-\./-\./-\./-\./-\./-\./-\./-\./-\./-\./-\./-\./-\./-\./-\./-\./-\./-\./-\./-\./-\./-\./-\./-\./-\./-\./-\./-\./-\./-\./-\./-\./-\./-\./-\./-\./-\./-\./-\./-\./-\./-\./-\./-\./-\./-\./-\./-\./-\./-\./-\./-\./-\./-\./-\./-\./-\./-\./-\./-\./-\./-\./-\./-\./-\./-\./-\./-\./-\./-\./-\./-\./-\./-\./-\./-\./-\./-\./-\./-\./-\./-\./-\./-\./-\./-\./-\./-\./-\./-\./-\./-\./-\./-\./-\./-\./-\./-\./-\./-\./-\./-\./-\./-\./-\./-\./-\./-\./-\./-\./-\./-\./-\./-\./-\./-\./-\./-\./-\./-\./-\./-\./-\./-\./-\./-\./-\./-\./-\./-\./-\./-\./-\./-\./-\./-\./-\./-\./-\./-\./-\./-\./-\./-\./-\./-\./-\./-\./-\./-\./-\./-\./-\./-\./-\./-\./-\./-\./-\./-\./-\./-\./-\./-\./-\./-\./-\./-\./-\./-\./-\./-\./-\./-\./-\./-\./-\./-\./-\./-\./-\./-\./-\./-\./-\./-\./-\./-\./-\./-\./-\./-\./-\./-\./-\./-\./-\./-\./-\./-\./-\./-\./-\./-\./-\./-\./-\./-\./-\./-\./-\./-\./-\./-\./-\./-\./-\./-\./-\./-\./-\./-\./-\./-\./-\./-\./-\./-\./-\./-\./-\./-\./-\./-\./-\./-\./-\./-\./-\./-\./-\./-\./-\./-\./-\./-\./-\./-\./-\./-\./-\./-\./-\./-\./-\./-\./-\./-\./-\./-\./-\./-\./-\./-\./-\./-\./-\./-\./-\./-\./-\./-\./-\./-\./-\./-\./-\./-\./-\./-\./-\./-\./-\./-\./-\./-\./-\./-\./-\./-\./-\./-\./-\./-\./-\./-\./-\./-\./-\./-\./-\./-\./-\./-\./-\./-\./-\./-\./-\./-\./-\./-\./-\./-\./-\./-\./-\./-\./-\./-\./-\./-\./-\./-\./-\./-\./-\./-\./-\./-\./-\./-\./-\./-\./-\./-\./-\./-\./-\./-\./-\./-\./-\./-\./-\./-\./-\./-\./-\./-\./-\./-\./-\./-\./-\./-\./-\./-\./-\./-\./-\./-\./-\./-\./-\./-\./-\./-\./-\./-\./-\./-\./-\./-\./-\./-\./-\./-\./-\./-\./-\./-\./-\./-\./-\./-\./-\./-\./-\./-\./-\./-\./-\./-\./-\./-\./-\./-\./-\./-\./-\./-\./-\./-\./-\./-\./-\./-\./-\./-\./-\./-\./-\./-\./-\./-\./-\./-\./-\./-\./-\./-\./-\./-\./-\./-\./-\./-\./-\./-\./-\./-\./-\./-\./-\./-\./-\./-\./-\./-\./-\./-\./-\./-\./-\./-\./-\./-\./-\./-\./-\./-\./-\./-\./-\./-\./-\./-\./-\./-\./-\./-\./-\./-\./-\./-\./-\./-\./-\./-\./-\./-\./-\./-\./-\./-\./-\./-\./-\./-\./-\./-\./-\./-\./-\./-\./-\./-\./-\./-\./-\./-\./-\./-\./-\./-\./-\./-\./-\./-\./-\./-\./-\./-\./-\./-\./-\./-\./-\./-\./-\./-\./-\./-\./-\./-\./-\./-\./-\./-\./-\./-\./-\./-\./-\./-\./-\./-\./-\./-\./-\./-\./-\./-\./-\./-\./-\./-\./-\./-\./-\./-\./-\./-\./-\./-\./-\./-\./-\./-\./-\./-\./-\./-\./-\./-\./-\./-\./-\./-\./-\./-\./-\./-\./-\./-\./-\./-\./-\./-\./-\./-\./-\./-\./-\./-\./-\./-\./-\./-\./-\./-\./-\./-\./-\./-\./-\./-\./-\./-\./-\./-\./-\./-\./-\./-\./-\./-\./-\./-\./-\./-\./-\./-\./-\./-\./-\./-\./-\./-\./-\./-\./-\./-\./-\./-\./-\./-\./-\./-\./-\./-\./-\./-\./-\./-\./-\./-\./-\./-\./-\./-\./-\./-\./-\./-\./-\./-\./-\./-\./-\./-\./-\./-\./-\./-\./-\./-\./-\./-\./-\./-\./-\./-\./-\./-\./-\./-\./-\./-\./-\./-\./-\./-\./-\./-\./-\./-\./-\./-\./-\./-\./-\./-\./-\./-\./-\./-\./-\./-\./-\./-\./-\./-\./-\./-\./-\./-\./-\./-\./-\./-\./-\./-\./-\./-\./-\./-\./-\./-\./-\./-\./-\./-\./-\./-\./-\./-\./-\./-\./-\./-\./-\./-\./-\./-\./-\./-\./-\./-\./-\./-\./-\./-\./-\./-\./-\./-\./-\./-\./-\./-\./-\./-\./-\./-\./-\./-\./-\./-\./-\./-\./-\./-\./-\./-\./-\./-\./-\./-\./-\./-\./-\./-\./-\./-\./-\./-\./-\./-\./-\./-\./-\./-\./-\./-\./-\./-\./-\./-\./-\./-\./-\./-\./-\./-\./-\./-\./-\./-\./-\./-\./-\./-\./-\./-\./-\./-\./-\./-\./-\./-\./-\./-\./-\./-\./-\./-\./-\./-\./-\./-\./-\./-\./-\./-\./-\./-\./-\./-\./-\./-\./-\./-\./-\./-\./-\./-\./-\./-\./-\./-\./-\./-\./-\./-\./-\./-\./-\./-\./-\./-\./-\./-\./-\./-\./-\./-\./-\./-\./-\./-\./-\./-\./-\./-\./-\./-\./-\./-\./-\./-\./-\./-\./-\./-\./-\./-\./-\./-\./-\./-\./-\./-\./-\./-\./-\./-\./-\./-\./-\./-\./-\./-\./-\./-\./-\./-\./-\./-\./-\./-\./-\./-\./-\./-\./-\./-\./-\./-\./-\./-\./-\./-\./-\./-\./-\./-\./-\./-\./-\./-\./-\./-\./-\./-\./-\./-\./-\./-\./-\./-\./-\./-\./-\./-\./-\./-\./-\./-\./-\./-\./-\./-\./-\./-\./-\./-\./-\./-\./-\./-\./-\./-\./-\./-\./-\./-\./-\./-\./-\./-\./-\./-\./-\./-\./-\./-\./-\./-\./-\./-\./-\./-\./-\./-\./-\./-\./-\./-\./-\./-\./-\./-\./-\./-\./-\./-\./-\./-\./-\./-\./-\./-\./-\./-\./-\./-\./-\./-\./-\./-\./-\./-\./-\./-\./-\./-\./-\./-\./-\./-\./-\./-\./-\./-\./-\./-\./-\./-\./-\./-\./-\./-\./-\./-\./-\./-\./-\./-\./-\./-\./-\./-\./-\./-\./-\./-\./-\./-\./-\./-\./-\./-\./-\./-\./-\./-\./-\./-\./-\./-\./-\./-\./-\./-\./-\./-\./-\./-\./-\./-\./-\./-\./-\./-\./-\./-\./-\./-\./-\./-\./-\./-\./-\./-\./-\./-\./-\./-\./-\./-\./-\./-\./-\./-\./-\./-\./-\./-\./-\./-\./-\./-\./-\./-\./-\./-\./-\./-\./-\./-\./-\./-\./-\./-\./-\./-\./-\./-\./-\./-\./-\./-\./-\./-\./-\./-\./-\./-\./-\./-\./-\./-\./-\./-\./-\./-\./-\./-\./-\./-\./-\./-\./-\./-\./-\./-\./-\./-\./-\./-\./-\./-\./-\./-\./-\./-\./-\./-\./-\./-\./-\./-\./-\./-\./-\./-\./-\./-\./-\./-\./-\./-\./-\./-\./-\./-\./-\./-\./-\./-\./-\./-\./-\./-\./-\./-\./-\./-\./-\./-\./-\./-\./-\./-\./-\./-\./-\./-\./-\./-\./-\./-\./-\./-\./-\./-\./-\./-\./-\./-\./-\./-\./-\./-\./-\./-\./-\./-\./-\./-\./-\./-\./-\./-\./-\./-\./-\./-\./-\./-\./-\./-\./-\./-\./-\./-\./-\./-\./-\./-\./-\./-\./-\./-\./-\./-\./-\./-\./-\./-\./-\./-\./-\./-\./-\./-\./-\./-\./-\./-\./-\./-\./-\./-\./-\./-\./-\./-\./-\./-\./-\./-\./-\./-\./-\./-\./-\./-\./-\./-\./-\./-\./-\./-\./-\./-\./-\./-\./-\./-\./-\./-\./-\./-\./-\./-\./-\./-\./-\./-\./-\./-\./-\./-\./-\./-\./-\./-\./-\./-\./-\./-\./-\./-\./-\./-\./-\./-\./-\./-\./-\./-\./-\./-\./-\./-\./-\./-\./-\./-\./-\./-\./-\./-\./-\./-\./-\./-\./-\./-\./-\./-\./-\./-\./-\./-\./-\./-\./-\./-\./-\./-\./-\./-\./-\./-\./-\./-\./-\./-\./-\./-\./-\./-\./-\./-\./-\./-\./-\./-\./-\./-\./-\./-\./-\./-\./-\./-\./-\./-\./-\./-\./-\./-\./-\./-\./-\./-\./-\./-\./-\./-\./-\./-\./-\./-\./-\./-\./-\./-\./-\./-\./-\./-\./-\./-\./-\./-\./-\./-\./-\./-\./-\./-\./-\./-\./-\./-\./-\./-\./-\./-\./-\./-\./-\./-\./-\./-\./-\./-\./-\./-\./-\./-\./-\./-\./-\./-\./-\./-\./-\./-\./-\./-\./-\./-\./-\./-\./-\./-\./-\./-\./-\./-\./-\./-\./-\./-\./-\./-\./-\./-\./-\./-\./-\./-\./-\./-\./-\./-\./-\./-\./-\./-\./-\./-\./-\./-\./-\./-\./-\./-\./-\./-\./-\./-\./-\./-\./-\./-\./-\./-\./-\./-\./-\./-\./-\./-\./-\./-\./-\./-\./-\./-\./-\./-\./-\./-\./-\./-\./-\./-\./-\./-\./-\./-\./-\./-\./-\./-\./-\./-\./-\./-\./-\./-\./-\./-\./-\./-\./-\./-\./-\./-\./-\./-\./-\./-\./-\./-\./-\./-\./-\./-\./-\./-\./-\./-\./-\./-\./-\./-\./-\./-\./-\./-\./-\./-\./-\./-\./-\./-\./-\./-\./-\./-\./-\./-\./-\./-\./-\./-\./-\./-\./-\./-\./-\./-\./-\./-\./-\./-\./-\./-\./-\./-\./-\./-\./-\./-\./-\./-\./-\./-\./-\./-\./-\./-\./-\./-\./-\./-\./-\./-\./-\./-\./-\./-\./-\./-\./-\./-\./-\./-\./-\./-\./-\./-\./-\./-\./-\./-\./-\./-\./-\./-\./-\./-\./-\./-\./-\./-\./-\./-\./-\./-\./-\./-\./-\./-\./-\./-\./-\./-\./-\./-\./-\./-\./-\./-\./-\./-\./-\./-\./-\./-\./-\./-\./-\./-\./-\./-\./-\./-\./-\./-\./-\./-\./-\./-\./-\./-\./-\./-\./-\./-\./-\./-\./-\./-\./-\./-\./-\./-\./-\./-\./-\./-\./-\./-\./-\./-\./-\./-\./-\./-\./-\./-\./-\./-\./-\./-\./-\./-\./-\./-\./-\./-\./-\./-\./-\./-\./-\./-\./-\./-\./-\./-\./-\./-\./-\./-\./-\./-\./-\./-\./-\./-\./-\./-\./-\./-\./-\./-\./-\./-\./-\./-\./-\./-\./-\./-\./-\./-\./-\./-\./-\./-\./-\./-\./-\./-\./-\./-\./-\./-\./-\./-\./-\./-\./-\./-\./-\./-\./-\./-\./-\./-\./-\./-\./-\./-\./-\./-\./-\./-\./-\./-\./-\./-\./-\./-\./-\./-\./-\./-\./-\./-\./-\./-\./-\./-\./-\./-\./-\./-\./-\./-\./-\./-\./-\./-\./-\./-\./-\./-\./-\./-\./-\./-\./-\./-\./-\./-\./-\./-\./-\./-\./-\./-\./-\./-\./-\./-\./-\./-\./-\./-\./-\./-\./-\./-\./-\./-\./-\./-\./-\./-\./-\./-\./-\./-\./-\./-\./-\./-\./-\./-\./-\./-\./-\./-\./-\./-\./-\./-\./-\./-\./-\./-\./-\./-\./-\./-\./-\./-\./-\./-\./-\./-\./-\./-\./-\./-\./-\./-\./-\./-\./-\./-\./-\./-\./-\./-\./-\./-\./-\./-\./-\./-\./-\./-\./-\./-\./-\./-\./-\./-\./-\./-\./-\./-\./-\./-\./-\./-\./-\./-\./-\./-\./-\./-\./-\./-\./-\./-\./-\./-\./-\./-\./-\./-\./-\./-\./-\./-\./-\./-\./-\./-\./-\./-\./-\./-\./-\./-\./-\./-\./-\./-\./-\./-\./-\./-\./-\./-\./-\./-\./-\./-\./-\./-\./-\./-\./-\./-\./-\./-\./-\./-\./-\./-\./-\./-\./-\./-\./-\./-\./-\./-\./-\./-\./-\./-\./-\./-\./-\./-\./-\./-\./-\./-\./-\./-\./-\./-\./-\./-\./-\./-\./-\./-\./-\./-\./-\./-\./-\./-\./-\./-\./-\./-\./-\./-\./-\./-\./-\./-\./-\./-\./-\./-\./-\./-\./-\./-\./-\./-\./-\./-\./-\./-\./-\./-\./-\./-\./-\./-\./-\./-\./-\./-\./-\./-\./-\./-\./-\./-\./-\./-\./-\./-\./-\./-\./-\./-\./-\./-\./-\./-\./-\./-\./-\./-\./-\./-\./-\./-\./-\./-\./-\./-\./-\./-\./-\./-\./-\./-\./-\./-\./-\./-\./-\./-\./-\./-\./-\./-\./-\./-\./-\./-\./-\./-\./-\./-\./-\./-\./-\./-\./-\./-\./-\./-\./-\./-\./-\./-\./-\./-\./-\./-\./-\./-\./-\./-\./-\./-\./-\./-\./-\./-\./-\./-\./-\./-\./-\./-\./-\./-\./-\./-\./-\./-\./-\./-\./-\./-\./-\./-\./-\./-\./-\./-\./-\./-\./-\./-\./-\./-\./-\./-\./-\./-\./-\./-\./-\./-\./-\./-\./-\./-\./-\./-\./-\./-\./-\./-\./-\./-\./-\./-\./-\./-\./-\./-\./-\./-\./-\./-\./-\./-\./-\./-\./-\./-\./-\./-\./-\./-\./-\./-\./-\./-\./-\./-\./-\./-\./-\./-\./-\./-\./-\./-\./-\./-\./-\./-\./-\./-\./-\./-\./-\./-\./-\./-\./-\./-\./-\./-\./-\./-\./-\./-\./-\./-\./-\./-\./-\./-\./-\./-\./-\./-\./-\./-\./-\./-\./-\./-\./-\./-\./-\./-\./-\./-\./-\./-\./-\./-\./-\./-\./-\./-\./-\./-\./-\./-\./-\./-\./-\./-\./-\./-\./-\./-\./-\./-\./-\./-\./-\./-\./-\./-\./-\./-\./-\./-\./-\./-\./-\./-\./-\./-\./-\./-\./-\./-\./-\./-\./-\./-\./-\./-\./-\./-\./-\./-\./-\./-\./-\./-\./-\./-\./-\./-\./-\./-\./-\./-\./-\./-\./-\./-\./-\./-\./-\./-\./-\./-\./-\./-\./-\./-\./-\./-\./-\./-\./-\./-\./-\./-\./-\./-\./-\./-\./-\./-\./-\./-\./-\./-\./-\./-\./-\./-\./-\./-\./-\./-\./-\./-\./-\./-\./-\./-\./-\./-\./-\./-\./-\./-\./-\./-\./-\./-\./-\./-\./-\./-\./-\./-\./-\./-\./-\./-\./-\./-\./-\./-\./-\./-\./-\./-\./-\./-\./-\./-\./-\./-\./-\./-\./-\./-\./-\./-\./-\./-\./-\./-\./-\./-\./-\./-\./-\./-\./-\./-\./-\./-\./-\./-\./-\./-\./-\./-\./-\./-\./-\./-\./-\./-\./-\./-\./-\./-\./-\./-\./-\./-\./-\./-\./-\./-\./-\./-\./-\./-\./-\./-\./-\./-\./-\./-\./-\./-\./-\./-\./-\./-\./-\./-\./-\./-\./-\./-\./-\./-\./-\./-\./-\./-\./-\./-\./-\./-\./-\./-\./-\./-\./-\./-\./-\./-\./-\./-\./-\./-\./-\./-\./-\./-\./-\./-\./-\./-\./-\./-\./-\./-\./-\./-\./-\./-\./-\./-\./-\./-\./-\./-\./-\./-\./-\./-\./-\./-\./-\./-\./-\./-\./-\./-\./-\./-\./-\./-\./-\./-\./-\./-\./-\./-\./-\./-\./-\./-\./-\./-\./-\./-\./-\./-\./-\./-\./-\./-\./-\./-\./-\./-\./-\./-\./-\./-\./-\./-\./-\./-\./-\./-\./-\./-\./-\./-\./-\./-\./-\./-\./-\./-\./-\./-\./-\./-\./-\./-\./-\./-\./-\./-\./-\./-\./-\./-\./-\./-\./-\./-\./-\./-\./-\./-\./-\./-\./-\./-\./-\./-\./-\./-\./-\./-\./-\./-\./-\./-\./-\./-\./-\./-\./-\./-\./-\./-\./-\./-\./-\./-\./-\./-\./-\./-\./-\./-\./-\./-\./-\./-\./-\./-\./-\./-\./-\./-\./-\./-\./-\./-\./-\./-\./-\./-\./-\./-\./-\./-\./-\./-\./-\./-\./-\./-\./-\./-\./-\./-\./-\./-\./-\./-\./-\./-\./-\./-\./-\./-\./-\./-\./-\./-\./-\./-\./-\./-\./-\./-\./-\./-\./-\./-\./-\./-\./-\./-\./-\./-\./-\./-\./-\./-\./-\./-\./-\./-\./-\./-\./-\./-\./-\./-\./-\./-\./-\./-\./-\./-\./-\./-\./-\./-\./-\./-\./-\./-\./-\./-\./-\./-\./-\./-\./-\./-\./-\./-\./-\./-\./-\./-\./-\./-\./-\./-\./-\./-\./-\./-\./-\./-\./-\./-\./-\./-\./-\./-\./-\./-\./-\./-\./-\./-\./-\./-\./-\./-\./-\./-\./-\./-\./-\./-\./-\./-\./-\./-\./-\./-\./-\./-\./-\./-\./-\./-\./-\./-\./-\./-\./-\./-\./-\./-\./-\./-\./-\./-\./-\./-\./-\./-\./-\./-\./-\./-\./-\./-\./-\./-\./-\./-\./-\./-\./-\./-\./-\./-\./-\./-\./-\./-\./-\./-\./-\./-\./-\./-\./-\./-\./-\./-\./-\./-\./-\./-\./-\./-\./-\./-\./-\./-\./-\./-\./-\./-\./-\./-\./-\./-\./-\./-\./-\./-\./-\./-\./-\./-\./-\./-\./-\./-\./-\./-\./-\./-\./-\./-\./-\./-\./-\./-\./-\./-\./-\./-\./-\./-\./-\./-\./-\./-\./-\./-\./-\./-\./-\./-\./-\./-\./-\./-\./-\./-\./-\./-\./-\./-\./-\./-\./-\./-\./-\./-\./-\./-\./-\./-\./-\./-\./-\./-\./-\./-\./-\./-\./-\./-\./-\./-\./-\./-\./-\./-\./-\./-\./-\./-\./-\./-\./-\./-\./-\./-\./-\./-\./-\./-\./-\./-\./-\./-\./-\./-\./-\./-\./-\./-\./-\./-\./-\./-\./-\./-\./-\./-\./-\./-\./-\./-\./-\./-\./-\./-\./-\./-\./-\./-\./-\./-\./-\./-\./-\./-\./-\./-\./-\./-\./-\./-\./-\./-\./-\./-\./-\./-\./-\./-\./-\./-\./-\./-\./-\./-\./-\./-\./-\./-\./-\./-\./-\./-\./-\./-\./-\./-\./-\./-\./-\./-\./-\./-\./-\./-\./-\./-\./-\./-\./-\./-\./-\./-\./-\./-\./-\./-\./-\./-\./-\./-\./-\./-\./-\./-\./-\./-\./-\./-\./-\./-\./-\./-\./-\./-\./-\./-\./-\./-\./-\./-\./-\./-\./-\./-\./-\./-\./-\./-\./-\./-\./-\./-\./-\./-\./-\./-\./-\./-\./-\./-\./-\./-\./-\./-\./-\./-\./-\./-\./-\./-\./-\./-\./-\./-\./-\./-\./-\./-\./-\./-\./-\./-\./-\./-\./-\./-\./-\./-\./-\./-\./-\./-\./-\./-\./-\./-\./-\./-\./-\./-\./-\./-\./-\./-\./-\./-\./-\./-\./-\./-\./-\./-\./-\./-\./-\./-\./-\./-\./-\./-\./-\./-\./-\./-\./-\./-\./-\./-\./-\./-\./-\./-\./-\./-\./-\./-\./-\./-\./-\./-\./-\./-\./-\./-\./-\./-\./-\./-\./-\./-\./-\./-\./-\./-\./-\./-\./-\./-\./-\./-\./-\./-\./-\./-\./-\./-\./-\./-\./-\./-\./-\./-\./-\./-\./-\./-\./-\./-\./-\./-\./-\./-\./-\./-\./-\./-\./-\./-\./-\./-\./-\./-\./-\./-\./-\./-\./-\./-\./-\./-\./-\./-\./-\./-\./-\./-\./-\./-\./-\./-\./-\./-\./-\./-\./-\./-\./-\./-\./-\./-\./-\./-\./-\./-\./-\./-\./-\./-\./-\./-\./-\./-\./-\./-\./-\./-\./-\./-\./-\./-\./-\./-\./-\./-\./-\./-\./-\./-\./-\./-\./-\./-\./-\./-\./-\./-\./-\./-\./-\./-\./-\./-\./-\./-\./-\./-\./-\./-\./-\./-\./-\./-\./-\./-\./-\./-\./-\./-\./-\./-\./-\./-\./-\./-\./-\./-\./-\./-\./-\./-\./-\./-\./-\./-\./-\./-\./-\./-\./-\./-\./-\./-\./-\./-\./-\./-\./-\./-\./-\./-\./-\./-\./-\./-\./-\./-\./-\./-\./-\./-\./-\./-\./-\./-\./-\./-\./-\./-\./-\./-\./-\./-\./-\./-\./-\./-\./-\./-\./-\./-\./-\./-\./-\./-\./-\./-\./-\./-\./-\./-\./-\./-\./-\./-\./-\./-\./-\./-\./-\./-\./-\./-\./-\./-\./-\./-\./-\./-\./-\./-\./-\./-\./-\./-\./-\./-\./-\./-\./-\./-\./-\./-\./-\./-\./-\./-\./-\./-\./-\./-\./-\./-\./-\./-\./-\./-\./-\./-\./-\./-\./-\./-\./-\./-\./-\./-\./-\./-\./-\./-\./-\./-\./-\./-\./-\./-\./-\./-\./-\./-\./-\./-\./-\./-\./-\./-\./-\./-\./-\./-\./-\./-\./-\./-\./-\./-\./-\./-\./-\./-\./-\./-\./-\./-\./-\./-\./-\./-\./-\./-\./-\./-\./-\./-\./-\./-\./-\./-\./-\./-\./-\./-\./-\./-\./-\./-\./-\./-\./-\./-\./-\./-\./-\./-\./-\./-\./-\./-\./-\./-\./-\./-\./-\./-\./-\./-\./-\./-\./-\./-\./-\./-\./-\./-\./-\./-\./-\./-\./-\./-\./-\./-\./-\./-\./-\./-\./-\./-\./-\./-\./-\./-\./-\./-\./-\./-\./-\./-\./-\./-\./-\./-\./-\./-\./-\./-\./-\./-\./-\./-\./-\./-\./-\./-\./-\./-\./-\./-\./-\./-\./-\./-\./-\./-\./-\./-\./-\./-\./-\./-\./-\./-\./-\./-\./-\./-\./-\./-\./-\./-\./-\./-\./-\./-\./-\./-\./-\./-\./-\./-\./-\./-\./-\./-\./-\./-\./-\./-\./-\./-\./-\./-\./-\./-\./-\./-\./-\./-\./-\./-\./-\./-\./-\./-\./-\./-\./-\./-\./-\./-\./-\./-\./-\./-\./-\./-\./-\./-\./-\./-\./-\./-\./-\./-\./-\./-\./-\./-\./-\./-\./-\./-\./-\./-\./-\./-\./-\./-\./-\./-\./-\./-\./-\./-\./-\./-\./-\./-\./-\./-\./-\./-\./-\./-\./-\./-\./-\./-\./-\./-\./-\./-\./-\./-\./-\./-\./-\./-\./-\./-\./-\./-\./-\./-\./-\./-\./-\./-\./-\./-\./-\./-\./-\./-\./-\./-\./-\./-\./-\./-\./-\./-\./-\./-\./-\./-\./-\./-\./-\./-\./-\./-\./-\./-\./-\./-\./-\./-\./-\./-\./-\./-\./-\./-\./-\./-\./-\./-\./-\./-\./-\./-\./-\./-\./-\./-\./-\./-\./-\./-\./-\./-\./-\./-\./-\./-\./-\./-\./-\./-\./-\./-\./-\./-\./-\./-\./-\./-\./-\./-\./-\./-\./-\./-\./-\./-\./-\./-\./-\./-\./-\./-\./-\./-\./-\./-\./-\./-\./-\./-\./-\./-\./-\./-\./-\./-\./-\./-\./-\./-\./-\./-\./-\./-\./-\./-\./-\./-\./-\./-\./-\./-\./-\./-\./-\./-\./-\./-\./-\./-\./-\./-\./-\./-\./-\./-\./-\./-\./-\./-\./-\./-\./-\./-\./-\./-\./-\./-\./-\./-\./-\./-\./-\./-\./-\./-\./-\./-\./-\./-\./-\./-\./-\./-\./-\./-\./-\./-\./-\./-\./-\./-\./-\./-\./-\./-\./-\./-\./-\./-\./-\./-\./-\./-\./-\./-\./-\./-\./-\./-\./-\./-\./-\./-\./-\./-\./-\./-\./-\./-\./-\./-\./-\./-\./-\./-\./-\./-\./-\./-\./-\./-\./-\./-\./-\./-\./-\./-\./-\./-\./-\./-\./-\./-\./-\./-\./-\./-\./-\./-\./-\./-\./-\./-\./-\./-\./-\./-\./-\./-\./-\./-\./-\./-\./-\./-\./-\./-\./-\./-\./-\./-\./-\./-\./-\./-\./-\./-\./-\./-\./-\./-\./-\./-\./-\./-\./-\./-\./-\./-\./-\./-\./-\./-\./-\./-\./-\./-\./-\./-\./-\./-\./-\./-\./-\./-\./-\./-\./-\./-\./-\./-\./-\./-\./-\./-\./-\./-\./-\./-\./-\./-\./-\./-\./-\./-\./-\./-\./-\./-\./-\./-\./-\./-\./-\./-\./-\./-\./-\./-\./-\./-\./-\./-\./-\./-\./-\./-\./-\./-\./-\./-\./-\./-\./-\./-\./-\./-\./-\./-\./-\./-\./-\./-\./-\./-\./-\./-\./-\./-\./-\./-\./-\./-\./-\./-\./-\./-\./-\./-\./-\./-\./-\./-\./-\./-\./-\./-\./-\./-\./-\./-\./-\./-\./-\./-\./-\./-\./-\./-\./-\./-\./-\./-\./-\./-\./-\./-\./-\./-\./-\./-\./-\./-\./-\./-\./-\./-\./-\./-\./-\./-\./-\./-\./-\./-\./-\./-\./-\./-\./-\./-\./-\./-\./-\./-\./-\./-\./-\./-\./-\./-\./-\./-\./-\./-\./-\./-\./-\./-\./-\./-\./-\./-\./-\./-\./-\./-\./-\./-\./-\./-\./-\./-\./-\./-\./-\./-\./-\./-\./-\./-\./-\./-\./-\./-\./-\./-\./-\./-\./-\./-\./-\./-\./-\./-\./-\./-\./-\./-\./-\./-\./-\./-\./-\./-\./-\./-\./-\./-\./-\./-\./-\./-\./-\./-\./-\./-\./-\./-\./-\./-\./-\./-\./-\./-\./-\./-\./-\./-\./-\./-\./-\./-\./-\./-\./-\./-\./-\./-\./-\./-\./-\./-\./-\./-\./-\./-\./-\./-\./-\./-\./-\./-\./-\./-\./-\./-\./-\./-\./-\./-\./-\./-\./-\./-\./-\./-\./-\./-\./-\./-\./-\./-\./-\./-\./-\./-\./-\./-\./-\./-\./-\./-\./-\./-\./-\./-\./-\./-\./-\./-\./-\./-\./-\./-\./-\./-\./-\./-\./-\./-\./-\./-\./-\./-\./-\./-\./-\./-\./-\./-\./-\./-\./-\./-\./-\./-\./-\./-\./-\./-\./-\./-\./-\./-\./-\./-\./-\./-\./-\./-\./-\./-\./-\./-\./-\./-\./-\./-\./-\./-\./-\./-\./-\./-\./-\./-\./-\./-\./-\./-\./-\./-\./-\./-\./-\./-\./-\./-\./-\./-\./-\./-\./-\./-\./-\./-\./-\./-\./-\./-\./-\./-\./-\./-\./-\./-\./-\./-\./-\./-\./-\./-\./-\./-\./-\./-\./-\./-\./-\./-\./-\./-\./-\./-\./-\./-\./-\./-\./-\./-\./-\./-\./-\./-\./-\./-\./-\./-\./-\./-\./-\./-\./-\./-\./-\./-\./-\./-\./-\./-\./-\./-\./-\./-\./-\./-\./-\./-\./-\./-\./-\./-\./-\./-\./-\./-\./-\./-\./-\./-\./-\./-\./-\./-\./-\./-\./-\./-\./-\./-\./-\./-\./-\./-\./-\./-\./-\./-\./-\./-\./-\./-\./-\./-\./-\./-\./-\./-\./-\./-\./-\./-\./-\./-\./-\./-\./-\./-\./-\./-\./-\./-\./-\./-\./-\./-\./-\./-\./-\./-\./-\./-\./-\./-\./-\./-\./-\./-\./-\./-\./-\./-\./-\./-\./-\./-\./-\./-\./-\./-\./-\./-\./-\./-\./-\./-\./-\./-\./-\./-\./-\./-\./-\./-\./-\./-\./-\./-\./-\./-\./-\./-\./-\./-\./-\./-\./-\./-\./-\./-\./-\./-\./-\./-\./-\./-\./-\./-\./-\./-\./-\./-\./-\./-\./-\./-\./-\./-\./-\./-\./-\./-\./-\./-\./-\./-\./-\./-\./-\./-\./-\./-\./-\./-\./-\./-\./-\./-\./-\./-\./-\./-\./-\./-\./-\./-\./-\./-\./-\./-\./-\./-\./-\./-\./-\./-\./-\./-\./-\./-\./-\./-\./-\./-\./-\./-\./-\./-\./-\./-\./-\./-\./-\./-\./-\./-\./-\./-\./-\./-\./-\./-\./-\./-\./-\./-\./-\./-\./-\./-\./-\./-\./-\./-\./-\./-\./-\./-\./-\./-\./-\./-\./-\./-\./-\./-\./-\./-\./-\./-\./-\./-\./-\./-\./-\./-\./-\./-\./-\./-\./-\./-\./-\./-\./-\./-\./-\./-\./-\./-\./-\./-\./-\./-\./-\./-\./-\./-\./-\./-\./-\./-\./-\./-\./-\./-\./-\./-\./-\./-\./-\./-\./-\./-\./-\./-\./-\./-\./-\./-\./-\./-\./-\./-\./-\./-\./-\./-\./-\./-\./-\./-\./-\./-\./-\./-\./-\./-\./-\./-\./-\./-\./-\./-\./-\./-\./-\./-\./-\./-\./-\./-\./-\./-\./-\./-\./-\./-\./-\./-\./-\./-\./-\./-\./-\./-\./-\./-\./-\./-\./-\./-\./-\./-\./-\./-\./-\./-\./-\./-\./-\./-\./-\./-\./-\./-\./-\./-\./-\./-\./-\./-\./-\./-\./-\./-\./-\./-\./-\./-\./-\./-\./-\./-\./-\./-\./-\./-\./-\./-\./-\./-\./-\./-\./-\./-\./-\./-\./-\./-\./-\./-\./-\./-\./-\./-\./-\./-\./-\./-\./-\./-\./-\./-\./-\./-\./-\./-\./-\./-\./-\./-\./-\./-\./-\./-\./-\./-\./-\./-\./-\./-\./-\./-\./-\./-\./-\./-\./-\./-\./-\./-\./-\./-\./-\./-\./-\./-\./-\./-\./-\./-\./-\./-\./-\./-\./-\./-\./-\./-\./-\./-\./-\./-\./-\./-\./-\./-\./-\./-\./-\./-\./-\./-\./-\./-\./-\./-\./-\./-\./-\./-\./-\./-\./-\./-\./-\./-\./-\./-\./-\./-\./-\./-\./-\./-\./-\./-\./-\./-\./-\./-\./-\./-\./-\./-\./-\./-\./-\./-\./-\./-\./-\./-\./-\./-\./-\./-\./-\./-\./-\./-\./-\./-\./-\./-\./-\./-\./-\./-\./-\./-\./-\./-\./-\./-\./-\./-\./-\./-\./-\./-\./-\./-\./-\./-\./-\./-\./-\./-\./-\./-\./-\./-\./-\./-\./-\./-\./-\./-\./-\./-\./-\./-\./-\./-\./-\./-\./-\./-\./-\./-\./-\./-\./-\./-\./-\./-\./-\./-\./-\./-\./-\./-\./-\./-\./-\./-\./-\./-\./-\./-\./-\./-\./-\./-\./-\./-\./-\./-\./-\./-\./-\./-\./-\./-\./-\./-\./-\./-\./-\./-\./-\./-\./-\./-\./-\./-\./-\./-\./-\./-\./-\./-\./-\./-\./-\./-\./-\./-\./-\./-\./-\./-\./-\./-\./-\./-\./-\./-\./-\./-\./-\./-\./-\./-\./-\./-\./-\./-\./-\./-\./-\./-\./-\./-\./-\./-\./-\./-\./-\./-\./-\./-\./-\./-\./-\./-\./-\./-\./-\./-\./-\./-\./-\./-\./-\./-\./-\./-\./-\./-\./-\./-\./-\./-\./-\./-\./-\./-\./-\./-\./-\./-\./-\./-\./-\./-\./-\./-\./-\./-\./-\./-\./-\./-\./-\./-\./-\./-\./-\./-\./-\./-\./-\./-\./-\./-\./-\./-\./-\./-\./-\./-\./-\./-\./-\./-\./-\./-\./-\./-\./-\./-\./-\./-\./-\./-\./-\./-\./-\./-\./-\./-\./-\./-\./-\./-\./-\./-\./-\./-\./-\./-\./-\./-\./-\./-\./-\./-\./-\./-\./-\./-\./-\./-\./-\./-\./-\./-\./-\./-\./-\./-\./-\./-\./-\./-\./-\./-\./-\./-\./-\./-\./-\./-\./-\./-\./-\./-\./-\./-\./-\./-\./-\./-\./-\./-\./-\./-\./-\./-\./-\./-\./-\./-\./-\./-\./-\./-\./-\./-\./-\./-\./-\./-\./-\./-\./-\./-\./-\./-\./-\./-\./-\./-\./-\./-\./-\./-\./-\./-\./-\./-\./-\./-\./-\./-\./-\./-\./-\./-\./-\./-\./-\./-\./-\./-\./-\./-\./-\./-\./-\./-\./-\./-\./-\./-\./-\./-\./-\./-\./-\./-\./-\./-\./-\./-\./-\./-\./-\./-\./-\./-\./-\./-\./-\./-\./-\./-\./-\./-\./-\./-\./-\./-\./-\./-\./-\./-\./-\./-\./-\./-\./-\./-\./-\./-\./-\./-\./-\./-\./-\./-\./-\./-\./-\./-\./-\./-\./-\./-\./-\./-\./-\./-\./-\./-\./-\./-\./-\./-\./-\./-\./-\./-\./-\./-\./-\./-\./-\./-\./-\./-\./-\./-\./-\./-\./-\./-\./-\./-\./-\./-\./-\./-\./-\./-\./-\./-\./-\./-\./-\./-\./-\./-\./-\./-\./-\./-\./-\./-\./-\./-\./-\./-\./-\./-\./-\./-\./-\./-\./-\./-\./-\./-\./-\./-\./-\./-\./-\./-\./-\./-\./-\./-\./-\./-\./-\./-\./-\./-\./-\./-\./-\./-\./-\./-\./-\./-\./-\./-\./-\./-\./-\./-\./-\./-\./-\./-\./-\./-\./-\./-\./-\./-\./-\./-\./-\./-\./-\./-\./-\./-\./-\./-\./-\./-\./-\./-\./-\./-\./-\./-\./-\./-\./-\./-\./-\./-\./-\./-\./-\./-\./-\./-\./-\./-\./-\./-\./-\./-\./-\./-\./-\./-\./-\./-\./-\./-\./-\./-\./-\./-\./-\./-\./-\./-\./-\./-\./-\./-\./-\./-\./-\./-\./-\./-\./-\./-\./-\./-\./-\./-\./-\./-\./-\./-\./-\./-\./-\./-\./-\./-\./-\./-\./-\./-\./-\./-\./-\./-\./-\./-\./-\./-\./-\./-\./-\./-\./-\./-\./-\./-\./-\./-\./-\./-\./-\./-\./-\./-\./-\./-\./-\./-\./-\./-\./-\./-\./-\./-\./-\./-\./-\./-\./-\./-\./-\./-\./-\./-\./-\./-\./-\./-\./-\./-\./-\./-\./-\./-\./-\./-\./-\./-\./-\./-\./-\./-\./-\./-\./-\./-\./-\./-\./-\./-\./-\./-\./-\./-\./-\./-\./-\./-\./-\./-\./-\./-\./-\./-\./-\./-\./-\./-\./-\./-\./-\./-\./-\./-\./-\./-\./-\./-\./-\./-\./-\./-\./-\./-\./-\./-\./-\./-\./-\./-\./-\./-\./-\./-\./-\./-\./-\./-\./-\./-\./-\./-\./-\./-\./-\./-\./-\./-\./-\./-\./-\./-\./-\./-\./-\./-\./-\./-\./-\./-\./-\./-\./-\./-\./-\./-\./-\./-\./-\./-\./-\./-\./-\./-\./-\./-\./-\./-\./-\./-\./-\./-\./-\./-\./-\./-\./-\./-\./-\./-\./-\./-\./-\./-\./-\./-\./-\./-\./-\./-\./-\./-\./-\./-\./-\./-\./-\./-\./-\./-\./-\./-\./-\./-\./-\./-\./-\./-\./-\./-\./-\./-\./-\./-\./-\./-\./-\./-\./-\./-\./-\./-\./-\./-\./-\./-\./-\./-\./-\./-\./-\./-\./-\./-\./-\./-\./-\./-\./-\./-\./-\./-\./-\./-\./-\./-\./-\./-\./-\./-\./-\./-\./-\./-\./-\./-\./-\./-\./-\./-\./-\./-\./-\./-\./-\./-\./-\./-\./-\./-\./-\./-\./-\./-\./-\./-\./-\./-\./-\./-\./-\./-\./-\./-\./-\./-\./-\./-\./-\./-\./-\./-\./-\./-\./-\./-\./-\./-\./-\./-\./-\./-\./-\./-\./-\./-\./-\./-\./-\./-\./-\./-\./-\./-\./-\./-\./-\./-\./-\./-\./-\./-\./-\./-\./-\./-\./-\./-\./-\./-\./-\./-\./-\./-\./-\./-\./-\./-\./-\./-\./-\./-\./-\./-\./-\./-\./-\./-\./-\./-\./-\./-\./-\./-\./-\./-\./-\./-\./-\./-\./-\./-\./-\./-\./-\./-\./-\./-\./-\./-\./-\./-\./-\./-\./-\./-\./-\./-\./-\./-\./-\./-\./-\./-\./-\./-\./-\./-\./-\./-\./-\./-\./-\./-\./-\./-\./-\./-\./-\./-\./-\./-\./-\./-\./-\./-\./-\./-\./-\./-\./-\./-\./-\./-\./-\./-\./-\./-\./-\./-\./-\./-\./-\./-\./-\./-\./-\./-\./-\./-\./-\./-\./-\./-\./-\./-\./-\./-\./-\./-\./-\./-\./-\./-\./-\./-\./-\./-\./-\./-\./-\./-\./-\./-\./-\./-\./-\./-\./-\./-\./-\./-\./-\./-\./-\./-\./-\./-\./-\./-\./-\./-\./-\./-\./-\./-\./-\./-\./-\./-\./-\./-\./-\./-\./-\./-\./-\./-\./-\./-\./-\./-\./-\./-\./-\./-\./-\./-\./-\./-\./-\./-\./-\./-\./-\./-\./-\./-\./-\./-\./-\./-\./-\./-\./-\./-\./-\./-\./-\./-\./-\./-\./-\./-\./-\./-\./-\./-\./-\./-\./-\./-\./-\./-\./-\./-\./-\./-\./-\./-\./-\./-\./-\./-\./-\./-\./-\./-\./-\./-\./-\./-\./-\./-\./-\./-\./-\./-\./-\./-\./-\./-\./-\./-\./-\./-\./-\./-\./-\./-\./-\./-\./-\./-\./-\./-\./-\./-\./-\./-\./-\./-\./-\./-\./-\./-\./-\./-\./-\./-\./-\./-\./-\./-\./-\./-\./-\./-\./-\./-\./-\./-\./-\./-\./-\./-\./-\./-\./-\./-\./-\./-\./-\./-\./-\./-\./-\./-\./-\./-\./-\./-\./-\./-\./-\./-\./-\./-\./-\./-\./-\./-\./-\./-\./-\./-\./-\./-\./-\./-\./-\./-\./-\./-\./-\./-\./-\./-\./-\./-\./-\./-\./-\./-\./-\./-\./-\./-\./-\./-\./-\./-\./-\./-\./-\./-\./-\./-\./-\./-\./-\./-\./-\./-\./-\./-\./-\./-\./-\./-\./-\./-\./-\./-\./-\./-\./-\./-\./-\./-\./-\./-\./-\./-\./-\./-\./-\./-\./-\./-\./-\./-\./-\./-\./-\./-\./-\./-\./-\./-\./-\./-\./-\./-\./-\./-\./-\./-\./-\./-\./-\./-\./-\./-\./-\./-\./-\./-\./-\./-\./-\./-\./-\./-\./-\./-\./-\./-\./-\./-\./-\./-\./-\./-\./-\./-\./-\./-\./-\./-\./-\./-\./-\./-\./-\./-\./-\./-\./-\./-\./-\./-\./-\./-\./-\./-\./-\./-\./-\./-\./-\./-\./-\./-\./-\./-\./-\./-\./-\./-\./-\./-\./-\./-\./-\./-\./-\./-\./-\./-\./-\./-\./-\./-\./-\./-\./-\./-\./-\./-\./-\./-\./-\./-\./-\./-\./-\./-\./-\./-\./-\./-\./-\./-\./-\./-\./-\./-\./-\./-\./-\./-\./-\./-\./-\./-\./-\./-\./-\./-\./-\./-\./-\./-\./-\./-\./-\./-\./-\./-\./-\./-\./-\./-\./-\./-\./-\./-\./-\./-\./-\./-\./-\./-\./-\./-\./-\./-\./-\./-\./-\./-\./-\./-\./-\./-\./-\./-\./-\./-\./-\./-\./-\./-\./-\./-\./-\./-\./-\./-\./-\./-\./-\./-\./-\./-\./-\./-\./-\./-\./-\./-\./-\./-\./-\./-\./-\./-\./-\./-\./-\./-\./-\./-\./-\./-\./-\./-\./-\./-\./-\./-\./-\./-\./-\./-\./-\./-\./-\./-\./-\./-\./-\./-\./-\./-\./-\./-\./-\./-\./-\./-\./-\./-\./-\./-\./-\./-\./-\./-\./-\./-\./-\./-\./-\./-\./-\./-\./-\./-\./-\./-\./-\./-\./-\./-\./-\./-\./-\./-\./-\./-\./-\./-\./-\./-\./-\./-\./-\./-\./-\./-\./-\./-\./-\./-\./-\./-\./-\./-\./-\./-\./-\./-\./-\./-\./-\./-\./-\./-\./-\./-\./-\./-\./-\./-\./-\./-\./-\./-\./-\./-\./-\./-\./-\./-\./-\./-\./-\./-\./-\./-\./-\./-\./-\./-\./-\./-\./-\./-\./-\./-\./-\./-\./-\./-\./-\./-\./-\./-\./-\./-\./-\./-\./-\./-\./-\./-\./-\./-\./-\./-\./-\./-\./-\./-\./-\./-\./-\./-\./-\./-\./-\./-\./-\./-\./-\./-\./-\./-\./-\./-\./-\./-\./-\./-\./-\./-\./-\./-\./-\./-\./-\./-\./-\./-\./-\./-\./-\./-\./-\./-\./-\./-\./-\./-\./-\./-\./-\./-\./-\./-\./-\./-\./-\./-\./-\./-\./-\./-\./-\./-\./-\./-\./-\./-\./-\./-\./-\./-\./-\./-\./-\./-\./-\./-\./-\./-\./-\./-\./-\./-\./-\./-\./-\./-\./-\./-\./-\./-\./-\./-\./-\./-\./-\./-\./-\./-\./-\./-\./-\./-\./-\./-\./-\./-\./-\./-\./-\./-\./-\./-\./-\./-\./-\./-\./-\./-\./-\./-\./-\./-\./-\./-\./-\./-\./-\./-\./-\./-\./-\./-\./-\./-\./-\./-\./-\./-\./-\./-\./-\./-\./-\./-\./-\./-\./-\./-\./-\./-\./-\./-\./-\./-\./-\./-\./-\./-\./-\./-\./-\./-\./-\./-\./-\./-\./-\./-\./-\./-\./-\./-\./-\./-\./-\./-\./-\./-\./-\./-\./-\./-\./-\./-\./-\./-\./-\./-\./-\./-\./-\./-\./-\./-\./-\./-\./-\./-\./-\./-\./-\./-\./-\./-\./-\./-\./-\./-\./-\./-\./-\./-\./-\./-\./-\./-\./-\./-\./-\./-\./-\./-\./-\./-\./-\./-\./-\./-\./-\./-\./-\./-\./-\./-\./-\./-\./-\./-\./-\./-\./-\./-\./-\./-\./-\./-\./-\./-\./-\./-\./-\./-\./-\./-\./-\./-\./-\./-\./-\./-\./-\./-\./-\./-\./-\./-\./-\./-\./-\./-\./-\./-\./-\./-\./-\./-\./-\./-\./-\./-\./-\./-\./-\./-\./-\./-\./-\./-\./-\./-\./-\./-\./-\./-\./-\./-\./-\./-\./-\./-\./-\./-\./-\./-\./-\./-\./-\./-\./-\./-\./-\./-\./-\./-\./-\./-\./-\./-\./-\./-\./-\./-\./-\./-\./-\./-\./-\./-\./-\./-\./-\./-\./-\./-\./-\./-\./-\./-\./-\./-\./-\./-\./-\./-\./-\./-\./-\./-\./-\./-\./-\./-\./-\./-\./-\./-\./-\./-\./-\./-\./-\./-\./-\./-\./-\./-\./-\./-\./-\./-\./-\./-\./-\./-\./-\./-\./-\./-\./-\./-\./-\./-\./-\./-\./-\./-\./-\./-\./-\./-\./-\./-\./-\./-\./-\./-\./-\./-\./-\./-\./-\./-\./-\./-\./-\./-\./-\./-\./-\./-\./-\./-\./-\./-\./-\./-\./-\./-\./-\./-\./-\./-\./-\./-\./-\./-\./-\./-\./-\./-\./-\./-\./-\./-\./-\./-\./-\./-\./-\./-\./-\./-\./-\./-\./-\./-\./-\./-\./-\./-\./-\./-\./-\./-\./-\./-\./-\./-\./-\./-\./-\./-\./-\./-\./-\./-\./-\./-\./-\./-\./-\./-\./-\./-\./-\./-\./-\./-\./-\./-\./-\./-\./-\./-\./-\./-\./-\./-\./-\./-\./-\./-\./-\./-\./-\./-\./-\./-\./-\./-\./-\./-\./-\./-\./-\./-\./-\./-\./-\./-\./-\./-\./-\./-\./-\./-\./-\./-\./-\./-\./-\./-\./-\./-\./-\./-\./-\./-\./-\./-\./-\./-\./-\./-\./-\./-\./-\./-\./-\./-\./-\./-\./-\./-\./-\./-\./-\./-\./-\./-\./-\./-\./-\./-\./-\./-\./-\./-\./-\./-\./-\./-\./-\./-\./-\./-\./-\./-\./-\./-\./-\./-\./-\./-\./-\./-\./-\./-\./-\./-\./-\./-\./-\./-\./-\./-\./-\./-\./-\./-\./-\./-\./-\./-\./-\./-\./-\./-\./-\./-\./-\./-\./-\./-\./-\./-\./-\./-\./-\./-\./-\./-\./-\./-\./-\./-\./-\./-\./-\./-\./-\./-\./-\./-\./-\./-\./-\./-\./-\./-\./-\./-\./-\./-\./-\./-\./-\./-\./-\./-\./-\./-\./-\./-\./-\./-\./-\./-\./-\./-\./-\./-\./-\./-\./-\./-\./-\./-\./-\./-\./-\./-\./-\./-\./-\./-\./-\./-\./-\./-\./-\./-\./-\./-\./-\./-\./-\./-\./-\./-\./-\./-\./-\./-\./-\./-\./-\./-\./-\./-\./-\./-\./-\./-\./-\./-\./-\./-\./-\./-\./-\./-\./-\./-\./-\./-\./-\./-\./-\./-\./-\./-\./-\./-\./-\./-\./-\./-\./-\./-\./-\./-\./-\./-\./-\./-\./-\./-\./-\./-\./-\./-\./-\./-\./-\./-\./-\./-\./-\./-\./-\./-\./-\./-\./-\./-\./-\./-\./-\./-\./-\./-\./-\./-\./-\./-\./-\./-\./-\./-\./-\./-\./-\./-\./-\./-\./-\./-\./-\./-\./-\./-\./-\./-\./-\./-\./-\./-\./-\./-\./-\./-\./-\./-\./-\./-\./-\./-\./-\./-\./-\./-\./-\./-\./-\./-\./-\./-\./-\./-\./-\./-\./-\./-\./-\./-\./-\./-\./-\./-\./-\./-\./-\./-\./-\./-\./-\./-\./-\./-\./-\./-\./-\./-\./-\./-\./-\./-\./-\./-\./-\./-\./-\./-\./-\./-\./-\./-\./-\./-\./-\./-\./-\./-\./-\./-\./-\./-\./-\./-\./-\./-\./-\./-\./-\./-\./-\./-\./-\./-\./-\./-\./-\./-\./-\./-\./-\./-\./-\./-\./-\./-\./-\./-\./-\./-\./-\./-\./-\./-\./-\./-\./-\./-\./-\./-\./-\./-\./-\./-\./-\./-\./-\./-\./-\./-\./-\./-\./-\./-\./-\./-\./-\./-\./-\./-\./-\./-\./-\./-\./-\./-\./-\./-\./-\./-\./-\./-\./-\./-\./-\./-\./-\./-\./-\./-\./-\./-\./-\./-\./-\./-\./-\./-\./-\./-\./-\./-\./-\./-\./-\./-\./-\./-\./-\./-\./-\./-\./-\./-\./-\./-\./-\./-\./-\./-\./-\./-\./-\./-\./-\./-\./-\./-\./-\./-\./-\./-\./-\./-\./-\./-\./-\./-\./-\./-\./-\./-\./-\./-\./-\./-\./-\./-\./-\./-\./-\./-\./-\./-\./-\./-\./-\./-\./-\./-\./-\./-\./-\./-\./-\./-\./-\./-\./-\./-\./-\./-\./-\./-\./-\./-\./-\./-\./-\./-\./-\./-\./-\./-\./-\./-\./-\./-\./-\./-\./-\./-\./-\./-\./-\./-\./-\./-\./-\./-\./-\./-\./-\./-\./-\./-\./-\./-\./-\./-\./-\./-\./-\./-\./-\./-\./-\./-\./-\./-\./-\./-\./-\./-\./-\./-\./-\./-\./-\./-\./-\./-\./-\./-\./-\./-\./-\./-\./-\./-\./-\./-\./-\./-\./-\./-\./-\./-\./-\./-\./-\./-\./-\./-\./-\./-\./-\./-\./-\./-\./-\./-\./-\./-\./-\./-\./-\./-\./-\./-\./-\./-\./-\./-\./-\./-\./-\./-\./-\./-\./-\./-\./-\./-\./-\./-\./-\./-\./-\./-\./-\./-\./-\./-\./-\./-\./-\./-\./-\./-\./-\./-\./-\./-\./-\./-\./-\./-\./-\./-\./-\./-\./-\./-\./-\./-\./-\./-\./-\./-\./-\./-\./-\./-\./-\./-\./-\./-\./-\./-\./-\./-\./-\./-\./-\./-\./-\./-\./-\./-\./-\./-\./-\./-\./-\./-\./-\./-\./-\./-\./-\./-\./-\./-\./-\./-\./-\./-\./-\./-\./-\./-\./-\./-\./-\./-\./-\./-\./-\./-\./-\./-\./-\./-\./-\./-\./-\./-\./-\./-\./-\./-\./-\./-\./-\./-\./-\./-\./-\./-\./-\./-\./-\./-\./-\./-\./-\./-\./-\./-\./-\./-\./-\./-\./-\./-\./-\./-\./-\./-\./-\./-\./-\./-\./-\./-\./-\./-\./-\./-\./-\./-\./-\./-\./-\./-\./-\./-\./-\./-\./-\./-\./-\./-\./-\./-\./-\./-\./-\./-\./-\./-\./-\./-\./-\./-\./-\./-\./-\./-\./-\./-\./-\./-\./-\./-\./-\./-\./-\./-\./-\./-\./-\./-\./-\./-\./-\./-\./-\./-\./-\./-\./-\./-\./-\./-\./-\./-\./-\./-\./-\./-\./-\./-\./-\./-\./-\./-\./-\./-\./-\./-\./-\./-\./-\./-\./-\./-\./-\./-\./-\./-\./-\./-\./-\./-\./-\./-\./-\./-\./-\./-\./-\./-\./-\./-\./-\./-\./-\./-\./-\./-\./-\./-\./-\./-\./-\./-\./-\./-\./-\./-\./-\./-\./-\./-\./-\./-\./-\./-\./-\./-\./-\./-\./-\./-\./-\./-\./-\./-\./-\./-\./-\./-\./-\./-\./-\./-\./-\./-\./-\./-\./-\./-\./-\./-\./-\./-\./-\./-\./-\./-\./-\./-\./-\./-\./-\./-\./-\./-\./-\./-\./-\./-\./-\./-\./-\./-\./-\./-\./-\./-\./-\./-\./-\./-\./-\./-\./-\./-\./-\./-\./-\./-\./-\./-\./-\./-\./-\./-\./-\./-\./-\./-\./-\./-\./-\./-\./-\./-\./-\./-\./-\./-\./-\./-\./-\./-\./-\./-\./-\./-\./-\./-\./-\./-\./-\./-\./-\./-\./-\./-\./-\./-\./-\./-\./-\./-\./-\./-\./-\./-\./-\./-\./-\./-\./-\./-\./-\./-\./-\./-\./-\./-\./-\./-\./-\./-\./-\./-\./-\./-\./-\./-\./-\./-\./-\./-\./-\./-\./-\./-\./-\./-\./-\./-\./-\./-\./-\./-\./-\./-\./-\./-\./-\./-\./-\./-\./-\./-\./-\./-\./-\./-\./-\./-\./-\./-\./-\./-\./-\./-\./-\./-\./-\./-\./-\./-\./-\./-\./-\./-\./-\./-\./-\./-\./-\./-\./-\./-\./-\./-\./-\./-\./-\./-\./-\./-\./-\./-\./-\./-\./-\./-\./-\./-\./-\./-\./-\./-\./-\./-\./-\./-\./-\./-\./-\./-\./-\./-\./-\./-\./-\./-\./-\./-\./-\./-\./-\./-\./-\./-\./-\./-\./-\./-\./-\./-\./-\./-\./-\./-\./-\./-\./-\./-\./-\./-\./-\./-\./-\./-\./-\./-\./-\./-\./-\./-\./-\./-\./-\./-\./-\./-\./-\./-\./-\./-\./-\./-\./-\./-\./-\./-\./-\./-\./-\./-\./-\./-\./-\./-\./-\./-\./-\./-\./-\./-\./-\./-\./-\./-\./-\./-\./-\./-\./-\./-\./-\./-\./-\./-\./-\./-\./-\./-\./-\./-\./-\./-\./-\./-\./-\./-\./-\./-\./-\./-\./-\./-\./-\./-\./-\./-\./-\./-\./-\./-\./-\./-\./-\./-\./-\./-\./-\./-\./-\./-\./-\./-\./-\./-\./-\./-\./-\./-\./-\./-\./-\./-\./-\./-\./-\./-\./-\./-\./-\./-\./-\./-\./-\./-\./-\./-\./-\./-\./-\./-\./-\./-\./-\./-\./-\./-\./-\./-\./-\./-\./-\./-\./-\./-\./-\./-\./-\./-\./-\./-\./-\./-\./-\./-\./-\./-\./-\./-\./-\./-\./-\./-\./-\./-\./-\./-\./-\./-\./-\./-\./-\./-\./-\./-\./-\./-\./-\./-\./-\./-\./-\./-\./-\./-\./-\./-\./-\./-\./-\./-\./-\./-\./-\./-\./-\./-\./-\./-\./-\./-\./-\./-\./-\./-\./-\./-\./-\./-\./-\./-\./-\./-\./-\./-\./-\./-\./-\./-\./-\./-\./-\./-\./-\./-\./-\./-\./-\./-\./-\./-\./-\./-\./-\./-\./-\./-\./-\./-\./-\./-\./-\./-\./-\./-\./-\./-\./-\./-\./-\./-\./-\./-\./-\./-\./-\./-\./-\./-\./-\./-\./-\./-\./-\./-\./-\./-\./-\./-\./-\./-\./-\./-\./-\./-\./-\./-\./-\./-\./-\./-\./-\./-\./-\./-\./-\./-\./-\./-\./-\./-\./-\./-\./-\./-\./-\./-\./-\./-\./-\./-\./-\./-\./-\./-\./-\./-\./-\./-\./-\./-\./-\./-\./-\./-\./-\./-\./-\./-\./-\./-\./-\./-\./-\./-\./-\./-\./-\./-\./-\./-\./-\./-\./-\./-\./-\./-\./-\./-\./-\./-\./-\./-\./-\./-\./-\./-\./-\./-\./-\./-\./-\./-\./-\./-\./-\./-\./-\./-\./-\./-\./-\./-\./-\./-\./-\./-\./-\./-\./-\./-\./-\./-\./-\./-\./-\./-\./-\./-\./-\./-\./-\./-\./-\./-\./-\./-\./-\./-\./-\./-\./-\./-\./-\./-\./-\./-\./-\./-\./-\./-\./-\./-\./-\./-\./-\./-\./-\./-\./-\./-\./-\./-\./-\./-\./-\./-\./-\./-\./-\./-\./-\./-\./-\./-\./-\./-\./-\./-\./-\./-\./-\./-\./-\./-\./-\./-\./-\./-\./-\./-\./-\./-\./-\./-\./-\./-\./-\./-\./-\./-\./-\./-\./-\./-\./-\./-\./-\./-\./-\./-\./-\./-\./-\./-\./-\./-\./-\./-\./-\./-\./-\./-\./-\./-\./-\./-\./-\./-\./-\./-\./-\./-\./-\./-\./-\./-\./-\./-\./-\./-\./-\./-\./-\./-\./-\./-\./-\./-\./-\./-\./-\./-\./-\./-\./-\./-\./-\./-\./-\./-\./-\./-\./-\./-\./-\./-\./-\./-\./-\./-\./-\./-\./-\./-\./-\./-\./-\./-\./-\./-\./-\./-\./-\./-\./-\./-\./-\./-\./-\./-\./-\./-\./-\./-\./-\./-\./-\./-\./-\./-\./-\./-\./-\./-\./-\./-\./-\./-\./-\./-\./-\./-\./-\./-\./-\./-\./-\./-\./-\./-\./-\./-\./-\./-\./-\./-\./-\./-\./-\./-\./-\./-\./-\./-\./-\./-\./-\./-\./-\./-\./-\./-\./-\./-\./-\./-\./-\./-\./-\./-\./-\./-\./-\./-\./-\./-\./-\./-\./-\./-\./-\./-\./-\./-\./-\./-\./-\./-\./-\./-\./-\./-\./-\./-\./-\./-\./-\./-\./-\./-\./-\./-\./-\./-\./-\./-\./-\./-\./-\./-\./-\./-\./-\./-\./-\./-\./-\./-\./-\./-\./-\./-\./-\./-\./-\./-\./-\./-\./-\./-\./-\./-\./-\./-\./-\./-\./-\./-\./-\./-\./-\./-\./-\./-\./-\./-\./-\./-\./-\./-\./-\./-\./-\./-\./-\./-\./-\./-\./-\./-\./-\./-\./-\./-\./-\./-\./-\./-\./-\./-\./-\./-\./-\./-\./-\./-\./-\./-\./-\./-\./-\./-\./-\./-\./-\./-\./-\./-\./-\./-\./-\./-\./-\./-\./-\./-\./-\./-\./-\./-\./-\./-\./-\./-\./-\./-\./-\./-\./-\./-\./-\./-\./-\./-\./-\./-\./-\./-\./-\./-\./-\./-\./-\./-\./-\./-\./-\./-\./-\./-\./-\./-\./-\./-\./-\./-\./-\./-\./-\./-\./-\./-\./-\./-\./-\./-\./-\./-\./-\./-\./-\./-\./-\./-\./-\./-\./-\./-\./-\./-\./-\./-\./-\./-\./-\./-\./-\./-\./-\./-\./-\./-\./-\./-\./-\./-\./-\./-\./-\./-\./-\./-\./-\./-\./-\./-\./-\./-\./-\./-\./-\./-\./-\./-\./-\./-\./-\./-\./-\./-\./-\./-\./-\./-\./-\./-\./-\./-\./-\./-\./-\./-\./-\./-\./-\./-\./-\./-\./-\./-\./-\./-\./-\./-\./-\./-\./-\./-\./-\./-\./-\./-\./-\./-\./-\./-\./-\./-\./-\./-\./-\./-\./-\./-\./-\./-\./-\./-\./-\./-\./-\./-\./-\./-\./-\./-\./-\./-\./-\./-\./-\./-\./-\./-\./-\./-\./-\./-\./-\./-\./-\./-\./-\./-\./-\./-\./-\./-\./-\./-\./-\./-\./-\./-\./-\./-\./-\./-\./-\./-\./-\./-\./-\./-\./-\./-\./-\./-\./-\./-\./-\./-\./-\./-\./-\./-\./-\./-\./-\./-\./-\./-\./-\./-\./-\./-\./-\./-\./-\./-\./-\./-\./-\./-\./-\./-\./-\./-\./-\./-\./-\./-\./-\./-\./-\./-\./-\./-\./-\./-\./-\./-\./-\./-\./-\./-\./-\./-\./-\./-\./-\./-\./-\./-\./-\./-\./-\./-\./-\./-\./-\./-\./-\./-\./-\./-\./-\./-\./-\./-\./-\./-\./-\./-\./-\./-\./-\./-\./-\./-\./-\./-\./-\./-\./-\./-\./-\./-\./-\./-\./-\./-\./-\./-\./-\./-\./-\./-\./-\./-\./-\./-\./-\./-\./-\./-\./-\./-\./-\./-\./-\./-\./-\./-\./-\./-\./-\./-\./-\./-\./-\./-\./-\./-\./-\./-\./-\./-\./-\./-\./-\./-\./-\./-\./-\./-\./-\./-\./-\./-\./-\./-\./-\./-\./-\./-\./-\./-\./-\./-\./-\./-\./-\./-\./-\./-\./-\./-\./-\./-\./-\./-\./-\./-\./-\./-\./-\./-\./-\./-\./-\./-\./-\./-\./-\./-\./-\./-\./-\./-\./-\./-\./-\./-\./-\./-\./-\./-\./-\./-\./-\./-\./-\./-\./-\./-\./-\./-\./-\./-\./-\./-\./-\./-\./-\./-\./-\./-\./-\./-\./-\./-\./-\./-\./-\./-\./-\./-\./-\./-\./-\./-\./-\./-\./-\./-\./-\./-\./-\./-\./-\./-\./-\./-\./-\./-\./-\./-\./-\./-\./-\./-\./-\./-\./-\./-\./-\./-\./-\./-\./-\./-\./-\./-\./-\./-\./-\./-\./-\./-\./-\./-\./-\./-\./-\./-\./-\./-\./-\./-\./-\./-\./-\./-\./-\./-\./-\./-\./-\./-\./-\./-\./-\./-\./-\./-\./-\./-\./-\./-\./-\./-\./-\./-\./-\./-\./-\./-\./-\./-\./-\./-\./-\./-\./-\./-\./-\./-\./-\./-\./-\./-\./-\./-\./-\./-\./-\./-\./-\./-\./-\./-\./-\./-\./-\./-\./-\./-\./-\./-\./-\./-\./-\./-\./-\./-\./-\./-\./-\./-\./-\./-\./-\./-\./-\./-\./-\./-\./-\./-\./-\./-\./-\./-\./-\./-\./-\./-\./-\./-\./-\./-\./-\./-\./-\./-\./-\./-\./-\./-\./-\./-\./-\./-\./-\./-\./-\./-\./-\./-\./-\./-\./-\./-\./-\./-\./-\./-\./-\./-\./-\./-\./-\./-\./-\./-\./-\./-\./-\./-\./-\./-\./-\./-\./-\./-\./-\./-\./-\./-\./-\./-\./-\./-\./-\./-\./-\./-\./-\./-\./-\./-\./-\./-\./-\./-\./-\./-\./-\./-\./-\./-\./-\./-\./-\./-\./-\./-\./-\./-\./-\./-\./-\./-\./-\./-\./-\./-\./-\./-\./-\./-\./-\./-\./-\./-\./-\./-\./-\./-\./-\./-\./-\./-\./-\./-\./-\./-\./-\./-\./-\./-\./-\./-\./-\./-\./-\./-\./-\./-\./-\./-\./-\./-\./-\./-\./-\./-\./-\./-\./-\./-\./-\./-\./-\./-\./-\./-\./-\./-\./-\./-\./-\./-\./-\./-\./-\./-\./-\./-\./-\./-\./-\./-\./-\./-\./-\./-\./-\./-\./-\./-\./-\./-\./-\./-\./-\./-\./-\./-\./-\./-\./-\./-\./-\./-\./-\./-\./-\./-\./-\./-\./-\./-\./-\./-\./-\./-\./-\./-\./-\./-\./-\./-\./-\./-\./-\./-\./-\./-\./-\./-\./-\./-\./-\./-\./-\./-\./-\./-\./-\./-\./-\./-\./-\./-\./-\./-\./-\./-\./-\./-\./-\./-\./-\./-\./-\./-\./-\./-\./-\./-\./-\./-\./-\./-\./-\./-\./-\./-\./-\./-\./-\./-\./-\./-\./-\./-\./-\./-\./-\./-\./-\./-\./-\./-\./-\./-\./-\./-\./-\./-\./-\./-\./-\./-\./-\./-\./-\./-\./-\./-\./-\./-\./-\./-\./-\./-\./-\./-\./-\./-\./-\./-\./-\./-\./-\./-\./-\./-\./-\./-\./-\./-\./-\./-\./-\./-\./-\./-\./-\./-\./-\./-\./-\./-\./-\./-\./-\./-\./-\./-\./-\./-\./-\./-\./-\./-\./-\./-\./-\./-\./-\./-\./-\./-\./-\./-\./-\./-\./-\./-\./-\./-\./-\./-\./-\./-\./-\./-\./-\./-\./-\./-\./-\./-\./-\./-\./-\./-\./-\./-\./-\./-\./-\./-\./-\./-\./-\./-\./-\./-\./-\./-\./-\./-\./-\./-\./-\./-\./-\./-\./-\./-\./-\./-\./-\./-\./-\./-\./-\./-\./-\./-\./-\./-\./-\./-\./-\./-\./-\./-\./-\./-\./-\./-\./-\./-\./-\./-\./-\./-\./-\./-\./-\./-\./-\./-\./-\./-\./-\./-\./-\./-\./-\./-\./-\./-\./-\./-\./-\./-\./-\./-\./-\./-\./-\./-\./-\./-\./-\./-\./-\./-\./-\./-\./-\./-\./-\./-\./-\./-\./-\./-\./-\./-\./-\./-\./-\./-\./-\./-\./-\./-\./-\./-\./-\./-\./-\./-\./-\./-\./-\./-\./-\./-\./-\./-\./-\./-\./-\./-\./-\./-\./-\./-\./-\./-\./-\./-\./-\./-\./-\./-\./-\./-\./-\./-\./-\./-\./-\./-\./-\./-\./-\./-\./-\./-\./-\./-\./-\./-\./-\./-\./-\./-\./-\./-\./-\./-\./-\./-\./-\./-\./-\./-\./-\./-\./-\./-\./-\./-\./-\./-\./-\./-\./-\./-\./-\./-\./-\./-\./-\./-\./-\./-\./-\./-\./-\./-\./-\./-\./-\./-\./-\./-\./-\./-\./-\./-\./-\./-\./-\./-\./-\./-\./-\./-\./-\./-\./-\./-\./-\./-\./-\./-\./-\./-\./-\./-\./-\./-\./-\./-\./-\./-\./-\./-\./-\./-\./-\./-\./-\./-\./-\./-\./-\./-\./-\./-\./-\./-\./-\./-\./-\./-\./-\./-\./-\./-\./-\./-\./-\./-\./-\./-\./-\./-\./-\./-\./-\./-\./-\./-\./-\./-\./-\./-\./-\./-\./-\./-\./-\./-\./-\./-\./-\./-\./-\./-\./-\./-\./-\./-\./-\./-\./-\./-\./-\./-\./-\./-\./-\./-\./-\./-\./-\./-\./-\./-\./-\./-\./-\./-\./-\./-\./-\./-\./-\./-\./-\./-\./-\./-\./-\./-\./-\./-\./-\./-\./-\./-\./-\./-\./-\./-\./-\./-\./-\./-\./-\./-\./-\./-\./-\./-\./-\./-\./-\./-\./-\./-\./-\./-\./-\./-\./-\./-\./-\./-\./-\./-\./-\./-\./-\./-\./-\./-\./-\./-\./-\./-\./-\./-\./-\./-\./-\./-\./-\./-\./-\./-\./-\./-\./-\./-\./-\./-\./-\./-\./-\./-\./-\./-\./-\./-\./-\./-\./-\./-\./-\./-\./-\./-\./-\./-\./-\./-\./-\./-\./-\./-\./-\./-\./-\./-\./-\./-\./-\./-\./-\./-\./-\./-\./-\./-\./-\./-\./-\./-\./-\./-\./-\./-\./-\./-\./-\./-\./-\./-\./-\./-\./-\./-\./-\./-\./-\./-\./-\./-\./-\./-\./-\./-\./-\./-\./-\./-\./-\./-\./-\./-\./-\./-\./-\./-\./-\./-\./-\./-\./-\./-\./-\./-\./-\./-\./-\./-\./-\./-\./-\./-\./-\./-\./-\./-\./-\./-\./-\./-\./-\./-\./-\./-\./-\./-\./-\./-\./-\./-\./-\./-\./-\./-\./-\./-\./-\./-\./-\./-\./-\./-\./-\./-\./-\./-\./-\./-\./-\./-\./-\./-\./-\./-\./-\./-\./-\./-\./-\./-\./-\./-\./-\./-\./-\./-\./-\./-\./-\./-\./-\./-\./-\./-\./-\./-\./-\./-\./-\./-\./-\./-\./-\./-\./-\./-\./-\./-\./-\./-\./-\./-\./-\./-\./-\./-\./-\./-\./-\./-\./-\./-\./-\./-\./-\./-\./-\./-\./-\./-\./-\./-\./-\./-\./-\./-\./-\./-\./-\./-\./-\./-\./-\./-\./-\./-\./-\./-\./-\./-\./-\./-\./-\./-\./-\./-\./-\./-\./-\./-\./-\./-\./-\./-\./-\./-\./-\./-\./-\./-\./-\./-\./-\./-\./-\./-\./-\./-\./-\./-\./-\./-\./-\./-\./-\./-\./-\./-\./-\./-\./-\./-\./-\./-\./-\./-\./-\./-\./-\./-\./-\./-\./-\./-\./-\./-\./-\./-\./-\./-\./-\./-\./-\./-\./-\./-\./-\./-\./-\./-\./-\./-\./-\./-\./-\./-\./-\./-\./-\./-\./-\./-\./-\./-\./-\./-\./-\./-\./-\./-\./-\./-\./-\./-\./-\./-\./-\./-\./-\./-\./-\./-\./-\./-\./-\./-\./-\./-\./-\./-\./-\./-\./-\./-\./-\./-\./-\./-\./-\./-\./-\./-\./-\./-\./-\./-\./-\./-\./-\./-\./-\./-\./-\./-\./-\./-\./-\./-\./-\./-\./-\./-\./-\./-\./-\./-\./-\./-\./-\./-\./-\./-\./-\./-\./-\./-\./-\./-\./-\./-\./-\./-\./-\./-\./-\./-\./-\./-\./-\./-\./-\./-\./-\./-\./-\./-\./-\./-\./-\./-\./-\./-\./-\./-\./-\./-\./-\./-\./-\./-\./-\./-\./-\./-\./-\./-\./-\./-\./-\./-\./-\./-\./-\./-\./-\./-\./-\./-\./-\./-\./-\./-\./-\./-\./-\./-\./-\./-\./-\./-\./-\./-\./-\./-\./-\./-\./-\./-\./-\./-\./-\./-\./-\./-\./-\./-\./-\./-\./-\./-\./-\./-\./-\./-\./-\./-\./-\./-\./-\./-\./-\./-\./-\./-\./-\./-\./-\./-\./-\./-\./-\./-\./-\./-\./-\./-\./-\./-\./-\./-\./-\./-\./-\./-\./-\./-\./-\./-\./-\./-\./-\./-\./-\./-\./-\./-\./-\./-\./-\./-\./-\./-\./-\./-\./-\./-\./-\./-\./-\./-\./-\./-\./-\./-\./-\./-\./-\./-\./-\./-\./-\./-\./-\./-\./-\./-\./-\./-\./-\./-\./-\./-\./-\./-\./-\./-\./-\./-\./-\./-\./-\./-\./-\./-\./-\./-\./-\./-\./-\./-\./-\./-\./-\./-\./-\./-\./-\./-\./-\./-\./-\./-\./-\./-\./-\./-\./-\./-\./-\./-\./-\./-\./-\./-\./-\./-\./-\./-\./-\./-\./-\./-\./-\./-\./-\./-\./-\./-\./-\./-\./-\./-\./-\./-\./-\./-\./-\./-\./-\./-\./-\./-\./-\./-\./-\./-\./-\./-\./-\./-\./-\./-\./-\./-\./-\./-\./-\./-\./-\./-\./-\./-\./-\./-\./-\./-\./-\./-\./-\./-\./-\./-\./-\./-\./-\./-\./-\./-\./-\./-\./-\./-\./-\./-\./-\./-\./-\./-\./-\./-\./-\./-\./-\./-\./-\./-\./-\./-\./-\./-\./-\./-\./-\./-\./-\./-\./-\./-\./-\./-\./-\./-\./-\./-\./-\./-\./-\./-\./-\./-\./-\./-\./-\./-\./-\./-\./-\./-\./-\./-\./-\./-\./-\./-\./-\./-\./-\./-\./-\./-\./-\./-\./-\./-\./-\./-\./-\./-\./-\./-\./-\./-\./-\./-\./-\./-\./-\./-\./-\./-\./-\./-\./-\./-\./-\./-\./-\./-\./-\./-\./-\./-\./-\./-\./-\./-\./-\./-\./-\./-\./-\./-\./-\./-\./-\./-\./-\./-\./-\./-\./-\./-\./-\./-\./-\./-\./-\./-\./-\./-\./-\./-\./-\./-\./-\./-\./-\./-\./-\./-\./-\./-\./-\./-\./-\./-\./-\./-\./-\./-\./-\./-\./-\./-\./-\./-\./-\./-\./-\./-\./-\./-\./-\./-\./-\./-\./-\./-\./-\./-\./-\./-\./-\./-\./-\./-\./-\./-\./-\./-\./-\./-\./-\./-\./-\./-\./-\./-\./-\./-\./-\./-\./-\./-\./-\./-\./-\./-\./-\./-\./-\./-\./-\./-\./-\./-\./-\./-\./-\./-\./-\./-\./-\./-\./-\./-\./-\./-\./-\./-\./-\./-\./-\./-\./-\./-\./-\./-\./-\./-\./-\./-\./-\./-\./-\./-\./-\./-\./-\./-\./-\./-\./-\./-\./-\./-\./-\./-\./-\./-\./-\./-\./-\./-\./-\./-\./-\./-\./-\./-\./-\./-\./-\./-\./-\./-\./-\./-\./-\./-\./-\./-\./-\./-\./-\./-\./-\./-\./-\./-\./-\./-\./-\./-\./-\./-\./-\./-\./-\./-\./-\./-\./-\./-\./-\./-\./-\./-\./-\./-\./-\./-\./-\./-\./-\./-\./-\./-\./-\./-\./-\./-\./-\./-\./-\./-\./-\./-\./-\./-\./-\./-\./-\./-\./-\./-\./-\./-\./-\./-\./-\./-\./-\./-\./-\./-\./-\./-\./-\./-\./-\./-\./-\./-\./-\./-\./-\./-\./-\./-\./-\./-\./-\./-\./-\./-\./-\./-\./-\./-\./-\./-\./-\./-\./-\./-\./-\./-\./-\./-\./-\./-\./-\./-\./-\./-\./-\./-\./-\./-\./-\./-\./-\./-\./-\./-\./-\./-\./-\./-\./-\./-\./-\./-\./-\./-\./-\./-\./-\./-\./-\./-\./-\./-\./-\./-\./-\./-\./-\./-\./-\./-\./-\./-\./-\./-\./-\./-\./-\./-\./-\./-\./-\./-\./-\./-\./-\./-\./-\./-\./-\./-\./-\./-\./-\./-\./-\./-\./-\./-\./-\./-\./-\./-\./-\./-\./-\./-\./-\./-\./-\./-\./-\./-\./-\./-\./-\./-\./-\./-\./-\./-\./-\./-\./-\./-\./-\./-\./-\./-\./-\./-\./-\./-\./-\./-\./-\./-\./-\./-\./-\./-\./-\./-\./-\./-\./-\./-\./-\./-\./-\./-\./-\./-\./-\./-\./-\./-\./-\./-\./-\./-\./-\./-\./-\./-\./-\./-\./-\./-\./-\./-\./-\./-\./-\./-\./-\./-\./-\./-\./-\./-\./-\./-\./-\./-\./-\./-\./-\./-\./-\./-\./-\./-\./-\./-\./-\./-\./-\./-\./-\./-\./-\./-\./-\./-\./-\./-\./-\./-\./-\./-\./-\./-\./-\./-\./-\./-\./-\./-\./-\./-\./-\./-\./-\./-\./-\./-\./-\./-\./-\./-\./-\./-\./-\./-\./-\./-\./-\./-\./-\./-\./-\./-\./-\./-\./-\./-\./-\./-\./-\./-\./-\./-\./-\./-\./-\./-\./-\./-\./-\./-\./-\./-\./-\./-\./-\./-\./-\./-\./-\./-\./-\./-\./-\./-\./-\./-\./-\./-\./-\./-\./-\./-\./-\./-\./-\./-\./-\./-\./-\./-\./-\./-\./-\./-\./-\./-\./-\./-\./-\./-\./-\./-\./-\./-\./-\./-\./-\./-\./-\./-\./-\./-\./-\./-\./-\./-\./-\./-\./-\./-\./-\./-\./-\./-\./-\./-\./-\./-\./-\./-\./-\./-\./-\./-\./-\./-\./-\./-\./-\./-\./-\./-\./-\./-\./-\./-\./-\./-\./-\./-\./-\./-\./-\./-\./-\./-\./-\./-\./-\./-\./-\./-\./-\./-\./-\./-\./-\./-\./-\./-\./-\./-\./-\./-\./-\./-\./-\./-\./-\./-\./-\./-\./-\./-\./-\./-\./-\./-\./-\./-\./-\./-\./-\./-\./-\./-\./-\./-\./-\./-\./-\./-\./-\./-\./-\./-\./-\./-\./-\./-\./-\./-\./-\./-\./-\./-\./-\./-\./-\./-\./-\./-\./-\./-\./-\./-\./-\./-\./-\./-\./-\./-\./-\./-\./-\./-\./-\./-\./-\./-\./-\./-\./-\./-\./-\./-\./-\./-\./-\./-\./-\./-\./-\./-\./-\./-\./-\./-\./-\./-\./-\./-\./-\./-\./-\./-\./-\./-\./-\./-\./-\./-\./-\./-\./-\./-\./-\./-\./-\./-\./-\./-\./-\./-\./-\./-\./-\./-\./-\./-\./-\./-\./-\./-\./-\./-\./-\./-\./-\./-\./-\./-\./-\./-\./-\./-\./-\./-\./-\./-\./-\./-\./-\./-\./-\./-\./-\./-\./-\./-\./-\./-\./-\./-\./-\./-\./-\./-\./-\./-\./-\./-\./-\./-\./-\./-\./-\./-\./-\./-\./-\./-\./-\./-\./-\./-\./-\./-\./-\./-\./-\./-\./-\./-\./-\./-\./-\./-\./-\./-\./-\./-\./-\./-\./-\./-\./-\./-\./-\./-\./-\./-\./-\./-\./-\./-\./-\./-\./-\./-\./-\./-\./-\./-\./-\./-\./-\./-\./-\./-\./-\./-\./-\./-\./-\./-\./-\./-\./-\./-\./-\./-\./-\./-\./-\./-\./-\./-\./-\./-\./-\./-\./-\./-\./-\./-\./-\./-\./-\./-\./-\./-\./-\./-\./-\./-\./-\./-\./-\./-\./-\./-\./-\./-\./-\./-\./-\./-\./-\./-\./-\./-\./-\./-\./-\./-\./-\./-\./-\./-\./-\./-\./-\./-\./-\./-\./-\./-\./-\./-\./-\./-\./-\./-\./-\./-\./-\./-\./-\./-\./-\./-\./-\./-\./-\./-\./-\./-\./-\./-\./-\./-\./-\./-\./-\./-\./-\./-\./-\./-\./-\./-\./-\./-\./-\./-\./-\./-\./-\./-\./-\./-\./-\./-\./-\./-\./-\./-\./-\./-\./-\./-\./-\./-\./-\./-\./-\./-\./-\./-\./-\./-\./-\./-\./-\./-\./-\./-\./-\./-\./-\./-\./-\./-\./-\./-\./-\./-\./-\./-\./-\./-\./-\./-\./-\./-\./-\./-\./-\./-\./-\./-\./-\./-\./-\./-\./-\./-\./-\./-\./-\./-\./-\./-\./-\./-\./-\./-\./-\./-\./-\./-\./-\./-\./-\./-\./-\./-\./-\./-\./-\./-\./-\./-\./-\./-\./-\./-\./-\./-\./-\./-\./-\./-\./-\./-\./-\./-\./-\./-\./-\./-\./-\./-\./-\./-\./-\./-\./-\./-\./-\./-\./-\./-\./-\./-\./-\./-\./-\./-\./-\./-\./-\./-\./-\./-\./-\./-\./-\./-\./-\./-\./-\./-\./-\./-\./-\./-\./-\./-\./-\./-\./-\./-\./-\./-\./-\./-\./-\./-\./-\./-\./-\./-\./-\./-\./-\./-\./-\./-\./-\./-\./-\./-\./-\./-\./-\./-\./-\./-\./-\./-\./-\./-\./-\./-\./-\./-\./-\./-\./-\./-\./-\./-\./-\./-\./-\./-\./-\./-\./-\./-\./-\./-\./-\./-\./-\./-\./-\./-\./-\./-\./-\./-\./-\./-\./-\./-\./-\./-\./-\./-\./-\./-\./-\./-\./-\./-\./-\./-\./-\./-\./-\./-\./-\./-\./-\./-\./-\./-\./-\./-\./-\./-\./-\./-\./-\./-\./-\./-\./-\./-\./-\./-\./-\./-\./-\./-\./-\./-\./-\./-\./-\./-\./-\./-\./-\./-\./-\./-\./-\./-\./-\./-\./-\./-\./-\./-\./-\./-\./-\./-\./-\./-\./-\./-\./-\./-\./-\./-\./-\./-\./-\./-\./-\./-\./-\./-\./-\./-\./-\./-\./-\./-\./-\./-\./-\./-\./-\./-\./-\./-\./-\./-\./-\./-\./-\./-\./-\./-\./-\./-\./-\./-\./-\./-\./-\./-\./-\./-\./-\./-\./-\./-\./-\./-\./-\./-\./-\./-\./-\./-\./-\./-\./-\./-\./-\./-\./-\./-\./-\./-\./-\./-\./-\./-\./-\./-\./-\./-\./-\./-\./-\./-\./-\./-\./-\./-\./-\./-\./-\./-\./-\./-\./-\./-\./-\./-\./-\./-\./-\./-\./-\./-\./-\./-\./-\./-\./-\./-\./-\./-\./-\./-\./-\./-\./-\./-\./-\./-\./-\./-\./-\./-\./-\./-\./-\./-\./-\./-\./-\./-\./-\./-\./-\./-\./-\./-\./-\./-\./-\./-\./-\./-\./-\./-\./-\./-\./-\./-\./-\./-\./-\./-\./-\./-\./-\./-\./-\./-\./-\./-\./-\./-\./-\./-\./-\./-\./-\./-\./-\./-\./-\./-\./-\./-\./-\./-\./-\./-\./-\./-\./-\./-\./-\./-\./-\./-\./-\./-\./-\./-\./-\./-\./-\./-\./-\./-\./-\./-\./-\./-\./-\./-\./-\./-\./-\./-\./-\./-\./-\./-\./-\./-\./-\./-\./-\./-\./-\./-\./-\./-\./-\./-\./-\./-\./-\./-\./-\./-\./-\./-\./-\./-\./-\./-\./-\./-\./-\./-\./-\./-\./-\./-\./-\./-\./-\./-\./-\./-\./-\./-\./-\./-\./-\./-\./-\./-\./-\./-\./-\./-\./-\./-\./-\./-\./-\./-\./-\./-\./-\./-\./-\./-\./-\./-\./-\./-\./-\./-\./-\./-\./-\./-\./-\./-\./-\./-\./-\./-\./-\./-\./-\./-\./-\./-\./-\./-\./-\./-\./-\./-\./-\./-\./-\./-\./-\./-\./-\./-\./-\./-\./-\./-\./-\./-\./-\./-\./-\./-\./-\./-\./-\./-\./-\./-\./-\./-\./-\./-\./-\./-\./-\./-\./-\./-\./-\./-\./-\./-\./-\./-\./-\./-\./-\./-\./-\./-\./-\./-\./-\./-\./-\./-\./-\./-\./-\./-\./-\./-\./-\./-\./-\./-\./-\./-\./-\./-\./-\./-\./-\./-\./-\./-\./-\./-\./-\./-\./-\./-\./-\./-\./-\./-\./-\./-\./-\./-\./-\./-\./-\./-\./-\./-\./-\./-\./-\./-\./-\./-\./-\./-\./-\./-\./-\./-\./-\./-\./-\./-\./-\./-\./-\./-\./-\./-\./-\./-\./-\./-\./-\./-\./-\./-\./-\./-\./-\./-\./-\./-\./-\./-\./-\./-\./-\./-\./-\./-\./-\./-\./-\./-\./-\./-\./-\./-\./-\./-\./-\./-\./-\./-\./-\./-\./-\./-\./-\./-\./-\./-\./-\./-\./-\./-\./-\./-\./-\./-\./-\./-\./-\./-\./-\./-\./-\./-\./-\./-\./-\./-\./-\./-\./-\./-\./-\./-\./-\./-\./-\./-\./-\./-\./-\./-\./-\./-\./-\./-\./-\./-\./-\./-\./-\./-\./-\./-\./-\./-\./-\./-\./-\./-\./-\./-\./-\./-\./-\./-\./-\./-\./-\./-\./-\./-\./-\./-\./-\./-\./-\./-\./-\./-\./-\./-\./-\./-\./-\./-\./-\./-\./-\./-\./-\./-\./-\./-\./-\./-\./-\./-\./-\./-\./-\./-\./-\./-\./-\./-\./-\./-\./-\./-\./-\./-\./-\./-\./-\./-\./-\./-\./-\./-\./-\./-\./-\./-\./-\./-\./-\./-\./-\./-\./-\./-\./-\./-\./-\./-\./-\./-\./-\./-\./-\./-\./-\./-\./-\./-\./-\./-\./-\./-\./-\./-\./-\./-\./-\./-\./-\./-\./-\./-\./-\./-\./-\./-\./-\./-\./-\./-\./-\./-\./-\./-\./-\./-\./-\./-\./-\./-\./-\./-\./-\./-\./-\./-\./-\./-\./-\./-\./-\./-\./-\./-\./-\./-\./-\./-\./-\./-\./-\./-\./-\./-\./-\./-\./-\./-\./-\./-\./-\./-\./-\./-\./-\./-\./-\./-\./-\./-\./-\./-\./-\./-\./-\./-\./-\./-\./-\./-\./-\./-\./-\./-\./-\./-\./-\./-\./-\./-\./-\./-\./-\./-\./-\./-\./-\./-\./-\./-\./-\./-\./-\./-\./-\./-\./-\./-\./-\./-\./-\./-\./-\./-\./-\./-\./-\./-\./-\./-\./-\./-\./-\./-\./-\./-\./-\./-\./-\./-\./-\./-\./-\./-\./-\./-\./-\./-\./-\./-\./-\./-\./-\./-\./-\./-\./-\./-\./-\./-\./-\./-\./-\./-\./-\./-\./-\./-\./-\./-\./-\./-\./-\./-\./-\./-\./-\./-\./-\./-\./-\./-\./-\./-\./-\./-\./-\./-\./-\./-\./-\./-\./-\./-\./-\./-\./-\./-\./-\./-\./-\./-\./-\./-\./-\./-\./-\./-\./-\./-\./-\./-\./-\./-\./-\./-\./-\./-\./-\./-\./-\./-\./-\./-\./-\./-\./-\./-\./-\./-\./-\./-\./-\./-\./-\./-\./-\./-\./-\./-\./-\./-\./-\./-\./-\./-\./-\./-\./-\./-\./-\./-\./-\./-\./-\./-\./-\./-\./-\./-\./-\./-\./-\./-\./-\./-\./-\./-\./-\./-\./-\./-\./-\./-\./-\./-\./-\./-\./-\./-\./-\./-\./-\./-\./-\./-\./-\./-\./-\./-\./-\./-\./-\./-\./-\./-\./-\./-\./-\./-\./-\./-\./-\./-\./-\./-\./-\./-\./-\./-\./-\./-\./-\./-\./-\./-\./-\./-\./-\./-\./-\./-\./-\./-\./-\./-\./-\./-\./-\./-\./-\./-\./-\./-\./-\./-\./-\./-\./-\./-\./-\./-\./-\./-\./-\./-\./-\./-\./-\./-\./-\./-\./-\./-\./-\./-\./-\./-\./-\./-\./-\./-\./-\./-\./-\./-\./-\./-\./-\./-\./-\./-\./-\./-\./-\./-\./-\./-\./-\./-\./-\./-\./-\./-\./-\./-\./-\./-\./-\./-\./-\./-\./-\./-\./-\./-\./-\./-\./-\./-\./-\./-\./-\./-\./-\./-\./-\./-\./-\./-\./-\./-\./-\./-\./-\./-\./-\./-\./-\./-\./-\./-\./-\./-\./-\./-\./-\./-\./-\./-\./-\./-\./-\./-\./-\./-\./-\./-\./-\./-\./-\./-\./-\./-\./-\./-\./-\./-\./-\./-\./-\./-\./-\./-\./-\./-\./-\./-\./-\./-\./-\./-\./-\./-\./-\./-\./-\./-\./-\./-\./-\./-\./-\./-\./-\./-\./-\./-\./-\./-\./-\./-\./-\./-\./-\./-\./-\./-\./-\./-\./-\./-\./-\./-\./-\./-\./-\./-\./-\./-\./-\./-\./-\./-\./-\./-\./-\./-\./-\./-\./-\./-\./-\./-\./-\./-\./-\./-\./-\./-\./-\./-\./-\./-\./-\./-\./-\./-\./-\./-\./-\./-\./-\./-\./-\./-\./-\./-\./-\./-\./-\./-\./-\./-\./-\./-\./-\./-\./-\./-\./-\./-\./-\./-\./-\./-\./-\./-\./-\./-\./-\./-\./-\./-\./-\./-\./-\./-\./-\./-\./-\./-\./-\./-\./-\./-\./-\./-\./-\./-\./-\./-\./-\./-\./-\./-\./-\./-\./-\./-\./-\./-\./-\./-\./-\./-\./-\./-\./-\./-\./-\./-\./-\./-\./-\./-\./-\./-\./-\./-\./-\./-\./-\./-\./-\./-\./-\./-\./-\./-\./-\./-\./-\./-\./-\./-\./-\./-\./-\./-\./-\./-\./-\./-\./-\./-\./-\./-\./-\./-\./-\./-\./-\./-\./-\./-\./-\./-\./-\./-\./-\./-\./-\./-\./-\./-\./-\./-\./-\./-\./-\./-\./-\./-\./-\./-\./-\./-\./-\./-\./-\./-\./-\./-\./-\./-\./-\./-\./-\./-\./-\./-\./-\./-\./-\./-\./-\./-\./-\./-\./-\./-\./-\./-\./-\./-\./-\./-\./-\./-\./-\./-\./-\./-\./-\./-\./-\./-\./-\./-\./-\./-\./-\./-\./-\./-\./-\./-\./-\./-\./-\./-\./-\./-\./-\./-\./-\./-\./-\./-\./-\./-\./-\./-\./-\./-\./-\./-\./-\./-\./-\./-\./-\./-\./-\./-\./-\./-\./-\./-\./-\./-\./-\./-\./-\./-\./-\./-\./-\./-\./-\./-\./-\./-\./-\./-\./-\./-\./-\./-\./-\./-\./-\./-\./-\./-\./-\./-\./-\./-\./-\./-\./-\./-\./-\./-\./-\./-\./-\./-\./-\./-\./-\./-\./-\./-\./-\./-\./-\./-\./-\./-\./-\./-\./-\./-\./-\./-\./-\./-\./-\./-\./-\./-\./-\./-\./-\./-\./-\./-\./-\./-\./-\./-\./-\./-\./-\./-\./-\./-\./-\./-\./-\./-\./-\./-\./-\./-\./-\./-\./-\./-\./-\./-\./-\./-\./-\./-\./-\./-\./-\./-\./-\./-\./-\./-\./-\./-\./-\./-\./-\./-\./-\./-\./-\./-\./-\./-\./-\./-\./-\./-\./-\./-\./-\./-\./-\./-\./-\./-\./-\./-\./-\./-\./-\./-\./-\./-\./-\./-\./-\./-\./-\./-\./-\./-\./-\./-\./-\./-\./-\./-\./-\./-\./-\./-\./-\./-\./-\./-\./-\./-\./-\./-\./-\./-\./-\./-\./-\./-\./-\./-\./-\./-\./-\./-\./-\./-\./-\./-\./-\./-\./-\./-\./-\./-\./-\./-\./-\./-\./-\./-\./-\./-\./-\./-\./-\./-\./-\./-\./-\./-\./-\./-\./-\./-\./-\./-\./-\./-\./-\./-\./-\./-\./-\./-\./-\./-\./-\./-\./-\./-\./-\./-\./-\./-\./-\./-\./-\./-\./-\./-\./-\./-\./-\./-\./-\./-\./-\./-\./-\./-\./-\./-\./-\./-\./-\./-\./-\./-\./-\./-\./-\./-\./-\./-\./-\./-\./-\./-\./-\./-\./-\./-\./-\./-\./-\./-\./-\./-\./-\./-\./-\./-\./-\./-\./-\./-\./-\./-\./-\./-\./-\./-\./-\./-\./-\./-\./-\./-\./-\./-\./-\./-\./-\./-\./-\./-\./-\./-\./-\./-\./-\./-\./-\./-\./-\./-\./-\./-\./-\./-\./-\./-\./-\./-\./-\./-\./-\./-\./-\./-\./-\./-\./-\./-\./-\./-\./-\./-\./-\./-\./-\./-\./-\./-\./-\./-\./-\./-\./-\./-\./-\./-\./-\./-\./-\./-\./-\./-\./-\./-\./-\./-\./-\./-\./-\./-\./-\./-\./-\./-\./-\./-\./-\./-\./-\./-\./-\./-\./-\./-\./-\./-\./-\./-\./-\./-\./-\./-\./-\./-\./-\./-\./-\./-\./-\./-\./-\./-\./-\./-\./-\./-\./-\./-\./-\./-\./-\./-\./-\./-\./-\./-\./-\./-\./-\./-\./-\./-\./-\./-\./-\./-\./-\./-\./-\./-\./-\./-\./-\./-\./-\./-\./-\./-\./-\./-\./-\./-\./-\./-\./-\./-\./-\./-\./-\./-\./-\./-\./-\./-\./-\./-\./-\./-\./-\./-\./-\./-\./-\./-\./-\./-\./-\./-\./-\./-\./-\./-\./-\./-\./-\./-\./-\./-\./-\./-\./-\./-\./-\./-\./-\./-\./-\./-\./-\./-\./-\./-\./-\./-\./-\./-\./-\./-\./-\./-\./-\./-\./-\./-\./-\./-\./-\./-\./-\./-\./-\./-\./-\./-\./-\./-\./-\./-\./-\./-\./-\./-\./-\./-\./-\./-\./-\./-\./-\./-\./-\./-\./-\./-\./-\./-\./-\./-\./-\./-\./-\./-\./-\./-\./-\./-\./-\./-\./-\./-\./-\./-\./-\./-\./-\./-\./-\./-\./-\./-\./-\./-\./-\./-\./-\./-\./-\./-\./-\./-\./-\./-\./-\./-\./-\./-\./-\./-\./-\./-\./-\./-\./-\./-\./-\./-\./-\./-\./-\./-\./-\./-\./-\./-\./-\./-\./-\./-\./-\./-\./-\./-\./-\./-\./-\./-\./-\./-\./-\./-\./-\./-\./-\./-\./-\./-\./-\./-\./-\./-\./-\./-\./-\./-\./-\./-\./-\./-\./-\./-\./-\./-\./-\ [ [0;34mDELETED[0;0m ]
Done.
